Archive member included to satisfy reference by file (symbol)

c:/programdata/chocolatey/lib/gcc-arm-embedded/tools/gcc-arm-none-eabi-10.3-2021.10/bin/../lib/gcc/arm-none-eabi/10.3.1/../../../../arm-none-eabi/lib/thumb/v7e-m+fp/hard\libc_nano.a(lib_a-errno.o)
                              build/sysmem.o (__errno)
c:/programdata/chocolatey/lib/gcc-arm-embedded/tools/gcc-arm-none-eabi-10.3-2021.10/bin/../lib/gcc/arm-none-eabi/10.3.1/../../../../arm-none-eabi/lib/thumb/v7e-m+fp/hard\libc_nano.a(lib_a-exit.o)
                              c:/programdata/chocolatey/lib/gcc-arm-embedded/tools/gcc-arm-none-eabi-10.3-2021.10/bin/../lib/gcc/arm-none-eabi/10.3.1/../../../../arm-none-eabi/lib/thumb/v7e-m+fp/hard/crt0.o (exit)
c:/programdata/chocolatey/lib/gcc-arm-embedded/tools/gcc-arm-none-eabi-10.3-2021.10/bin/../lib/gcc/arm-none-eabi/10.3.1/../../../../arm-none-eabi/lib/thumb/v7e-m+fp/hard\libc_nano.a(lib_a-impure.o)
                              c:/programdata/chocolatey/lib/gcc-arm-embedded/tools/gcc-arm-none-eabi-10.3-2021.10/bin/../lib/gcc/arm-none-eabi/10.3.1/../../../../arm-none-eabi/lib/thumb/v7e-m+fp/hard\libc_nano.a(lib_a-exit.o) (_global_impure_ptr)
c:/programdata/chocolatey/lib/gcc-arm-embedded/tools/gcc-arm-none-eabi-10.3-2021.10/bin/../lib/gcc/arm-none-eabi/10.3.1/../../../../arm-none-eabi/lib/thumb/v7e-m+fp/hard\libc_nano.a(lib_a-init.o)
                              c:/programdata/chocolatey/lib/gcc-arm-embedded/tools/gcc-arm-none-eabi-10.3-2021.10/bin/../lib/gcc/arm-none-eabi/10.3.1/../../../../arm-none-eabi/lib/thumb/v7e-m+fp/hard/crt0.o (__libc_init_array)
c:/programdata/chocolatey/lib/gcc-arm-embedded/tools/gcc-arm-none-eabi-10.3-2021.10/bin/../lib/gcc/arm-none-eabi/10.3.1/../../../../arm-none-eabi/lib/thumb/v7e-m+fp/hard\libc_nano.a(lib_a-memcpy-stub.o)
                              build/register_interface.o (memcpy)
c:/programdata/chocolatey/lib/gcc-arm-embedded/tools/gcc-arm-none-eabi-10.3-2021.10/bin/../lib/gcc/arm-none-eabi/10.3.1/../../../../arm-none-eabi/lib/thumb/v7e-m+fp/hard\libc_nano.a(lib_a-memset.o)
                              c:/programdata/chocolatey/lib/gcc-arm-embedded/tools/gcc-arm-none-eabi-10.3-2021.10/bin/../lib/gcc/arm-none-eabi/10.3.1/../../../../arm-none-eabi/lib/thumb/v7e-m+fp/hard/crt0.o (memset)
c:/programdata/chocolatey/lib/gcc-arm-embedded/tools/gcc-arm-none-eabi-10.3-2021.10/bin/../lib/gcc/arm-none-eabi/10.3.1/thumb/v7e-m+fp/hard\libgcc.a(_aeabi_uldivmod.o)
                              build/stm32l4xx_hal_uart.o (__aeabi_uldivmod)
c:/programdata/chocolatey/lib/gcc-arm-embedded/tools/gcc-arm-none-eabi-10.3-2021.10/bin/../lib/gcc/arm-none-eabi/10.3.1/thumb/v7e-m+fp/hard\libgcc.a(_udivmoddi4.o)
                              c:/programdata/chocolatey/lib/gcc-arm-embedded/tools/gcc-arm-none-eabi-10.3-2021.10/bin/../lib/gcc/arm-none-eabi/10.3.1/thumb/v7e-m+fp/hard\libgcc.a(_aeabi_uldivmod.o) (__udivmoddi4)
c:/programdata/chocolatey/lib/gcc-arm-embedded/tools/gcc-arm-none-eabi-10.3-2021.10/bin/../lib/gcc/arm-none-eabi/10.3.1/thumb/v7e-m+fp/hard\libgcc.a(_dvmd_tls.o)
                              c:/programdata/chocolatey/lib/gcc-arm-embedded/tools/gcc-arm-none-eabi-10.3-2021.10/bin/../lib/gcc/arm-none-eabi/10.3.1/thumb/v7e-m+fp/hard\libgcc.a(_aeabi_uldivmod.o) (__aeabi_ldiv0)

Discarded input sections

 .text          0x00000000        0x0 c:/programdata/chocolatey/lib/gcc-arm-embedded/tools/gcc-arm-none-eabi-10.3-2021.10/bin/../lib/gcc/arm-none-eabi/10.3.1/thumb/v7e-m+fp/hard/crti.o
 .data          0x00000000        0x0 c:/programdata/chocolatey/lib/gcc-arm-embedded/tools/gcc-arm-none-eabi-10.3-2021.10/bin/../lib/gcc/arm-none-eabi/10.3.1/thumb/v7e-m+fp/hard/crti.o
 .bss           0x00000000        0x0 c:/programdata/chocolatey/lib/gcc-arm-embedded/tools/gcc-arm-none-eabi-10.3-2021.10/bin/../lib/gcc/arm-none-eabi/10.3.1/thumb/v7e-m+fp/hard/crti.o
 .data          0x00000000        0x4 c:/programdata/chocolatey/lib/gcc-arm-embedded/tools/gcc-arm-none-eabi-10.3-2021.10/bin/../lib/gcc/arm-none-eabi/10.3.1/thumb/v7e-m+fp/hard/crtbegin.o
 .rodata        0x00000000       0x24 c:/programdata/chocolatey/lib/gcc-arm-embedded/tools/gcc-arm-none-eabi-10.3-2021.10/bin/../lib/gcc/arm-none-eabi/10.3.1/thumb/v7e-m+fp/hard/crtbegin.o
 .text          0x00000000       0x7c c:/programdata/chocolatey/lib/gcc-arm-embedded/tools/gcc-arm-none-eabi-10.3-2021.10/bin/../lib/gcc/arm-none-eabi/10.3.1/../../../../arm-none-eabi/lib/thumb/v7e-m+fp/hard/crt0.o
 .data          0x00000000        0x0 c:/programdata/chocolatey/lib/gcc-arm-embedded/tools/gcc-arm-none-eabi-10.3-2021.10/bin/../lib/gcc/arm-none-eabi/10.3.1/../../../../arm-none-eabi/lib/thumb/v7e-m+fp/hard/crt0.o
 .bss           0x00000000        0x0 c:/programdata/chocolatey/lib/gcc-arm-embedded/tools/gcc-arm-none-eabi-10.3-2021.10/bin/../lib/gcc/arm-none-eabi/10.3.1/../../../../arm-none-eabi/lib/thumb/v7e-m+fp/hard/crt0.o
[...]
Memory Configuration

Name             Origin             Length             Attributes
RAM              0x20000000         0x00018000         xrw
RAM2             0x10000000         0x00008000         xrw
FLASH            0x08000000         0x00100000         xr
*default*        0x00000000         0xffffffff

Linker script and memory map

LOAD c:/programdata/chocolatey/lib/gcc-arm-embedded/tools/gcc-arm-none-eabi-10.3-2021.10/bin/../lib/gcc/arm-none-eabi/10.3.1/thumb/v7e-m+fp/hard/crti.o
LOAD c:/programdata/chocolatey/lib/gcc-arm-embedded/tools/gcc-arm-none-eabi-10.3-2021.10/bin/../lib/gcc/arm-none-eabi/10.3.1/thumb/v7e-m+fp/hard/crtbegin.o
LOAD c:/programdata/chocolatey/lib/gcc-arm-embedded/tools/gcc-arm-none-eabi-10.3-2021.10/bin/../lib/gcc/arm-none-eabi/10.3.1/../../../../arm-none-eabi/lib/thumb/v7e-m+fp/hard/crt0.o
LOAD build/main.o
LOAD build/freertos.o
LOAD build/motorcontrol.o
LOAD build/mc_api.o
LOAD build/mc_config.o
LOAD build/mcp_config.o
LOAD build/mc_tasks.o
LOAD build/pwm_curr_fdbk.o
LOAD build/regular_conversion_manager.o
LOAD build/mc_math.o
LOAD build/mc_interface.o
LOAD build/stm32l4xx_mc_it.o
LOAD build/mc_parameters.o
LOAD build/register_interface.o
LOAD build/mcp.o
LOAD build/mc_perf.o
LOAD build/usart_aspep_driver.o
LOAD build/mc_configuration_registers.o
LOAD build/aspep.o
LOAD build/mc_app_hooks.o
LOAD build/stm32l4xx_it.o
LOAD build/stm32l4xx_hal_msp.o
LOAD build/stm32l4xx_hal_timebase_tim.o
LOAD build/stm32l4xx_hal_adc.o
LOAD build/stm32l4xx_hal_adc_ex.o
LOAD build/stm32l4xx_hal.o
LOAD build/stm32l4xx_hal_rcc.o
LOAD build/stm32l4xx_hal_rcc_ex.o
LOAD build/stm32l4xx_hal_flash.o
LOAD build/stm32l4xx_hal_flash_ex.o
LOAD build/stm32l4xx_hal_flash_ramfunc.o
LOAD build/stm32l4xx_hal_gpio.o
LOAD build/stm32l4xx_hal_i2c.o
LOAD build/stm32l4xx_hal_i2c_ex.o
LOAD build/stm32l4xx_hal_dma.o
LOAD build/stm32l4xx_hal_dma_ex.o
LOAD build/stm32l4xx_hal_pwr.o
LOAD build/stm32l4xx_hal_pwr_ex.o
LOAD build/stm32l4xx_hal_cortex.o
LOAD build/stm32l4xx_hal_exti.o
LOAD build/stm32l4xx_hal_tim.o
LOAD build/stm32l4xx_hal_tim_ex.o
LOAD build/stm32l4xx_hal_uart.o
LOAD build/stm32l4xx_hal_uart_ex.o
LOAD build/system_stm32l4xx.o
LOAD build/croutine.o
LOAD build/event_groups.o
LOAD build/list.o
LOAD build/queue.o
LOAD build/stream_buffer.o
LOAD build/tasks.o
LOAD build/timers.o
LOAD build/cmsis_os.o
LOAD build/heap_4.o
LOAD build/port.o
LOAD build/bus_voltage_sensor.o
LOAD build/circle_limitation.o
LOAD build/digital_output.o
LOAD build/enc_align_ctrl.o
LOAD build/encoder_speed_pos_fdbk.o
LOAD build/hall_speed_pos_fdbk.o
LOAD build/trajectory_ctrl.o
LOAD build/ntc_temperature_sensor.o
LOAD build/open_loop.o
LOAD build/pid_regulator.o
LOAD build/pqd_motor_power_measurement.o
LOAD build/pwm_common.o
LOAD build/r_divider_bus_voltage_sensor.o
LOAD build/ramp_ext_mngr.o
LOAD build/revup_ctrl.o
LOAD build/speed_pos_fdbk.o
LOAD build/speed_torq_ctrl.o
LOAD build/virtual_speed_sensor.o
LOAD build/r3_1_l4xx_pwm_curr_fdbk.o
LOAD build/mcpa.o
LOAD build/sysmem.o
LOAD build/syscalls.o
LOAD build/startup_stm32l476xx.o
LOAD c:/programdata/chocolatey/lib/gcc-arm-embedded/tools/gcc-arm-none-eabi-10.3-2021.10/bin/../lib/gcc/arm-none-eabi/10.3.1/../../../../arm-none-eabi/lib/thumb/v7e-m+fp/hard\libc_nano.a
LOAD c:/programdata/chocolatey/lib/gcc-arm-embedded/tools/gcc-arm-none-eabi-10.3-2021.10/bin/../lib/gcc/arm-none-eabi/10.3.1/../../../../arm-none-eabi/lib/thumb/v7e-m+fp/hard\libm.a
LOAD c:/programdata/chocolatey/lib/gcc-arm-embedded/tools/gcc-arm-none-eabi-10.3-2021.10/bin/../lib/gcc/arm-none-eabi/10.3.1/../../../../arm-none-eabi/lib/thumb/v7e-m+fp/hard\libnosys.a
LOAD MCSDK_v6.2.1-Full/MotorControl/libMP/libmp-IAR_ARMv7-M.a
START GROUP
LOAD c:/programdata/chocolatey/lib/gcc-arm-embedded/tools/gcc-arm-none-eabi-10.3-2021.10/bin/../lib/gcc/arm-none-eabi/10.3.1/thumb/v7e-m+fp/hard\libgcc.a
LOAD c:/programdata/chocolatey/lib/gcc-arm-embedded/tools/gcc-arm-none-eabi-10.3-2021.10/bin/../lib/gcc/arm-none-eabi/10.3.1/../../../../arm-none-eabi/lib/thumb/v7e-m+fp/hard\libc_nano.a
END GROUP
START GROUP
LOAD c:/programdata/chocolatey/lib/gcc-arm-embedded/tools/gcc-arm-none-eabi-10.3-2021.10/bin/../lib/gcc/arm-none-eabi/10.3.1/thumb/v7e-m+fp/hard\libgcc.a
LOAD c:/programdata/chocolatey/lib/gcc-arm-embedded/tools/gcc-arm-none-eabi-10.3-2021.10/bin/../lib/gcc/arm-none-eabi/10.3.1/../../../../arm-none-eabi/lib/thumb/v7e-m+fp/hard\libc_nano.a
END GROUP
LOAD c:/programdata/chocolatey/lib/gcc-arm-embedded/tools/gcc-arm-none-eabi-10.3-2021.10/bin/../lib/gcc/arm-none-eabi/10.3.1/thumb/v7e-m+fp/hard/crtend.o
LOAD c:/programdata/chocolatey/lib/gcc-arm-embedded/tools/gcc-arm-none-eabi-10.3-2021.10/bin/../lib/gcc/arm-none-eabi/10.3.1/thumb/v7e-m+fp/hard/crtn.o
                0x20018000                _estack = (ORIGIN (RAM) + LENGTH (RAM))
                0x00000200                _Min_Heap_Size = 0x200
                0x00000400                _Min_Stack_Size = 0x400

.isr_vector     0x08000000      0x188
                0x08000000                . = ALIGN (0x8)
 *(.isr_vector)
 .isr_vector    0x08000000      0x188 build/startup_stm32l476xx.o
                0x08000000                g_pfnVectors
                0x08000188                . = ALIGN (0x8)

.text           0x08000190    0x127c0
                0x08000190                . = ALIGN (0x8)
 *(.text)
 .text          0x08000190       0x40 c:/programdata/chocolatey/lib/gcc-arm-embedded/tools/gcc-arm-none-eabi-10.3-2021.10/bin/../lib/gcc/arm-none-eabi/10.3.1/thumb/v7e-m+fp/hard/crtbegin.o
 .text          0x080001d0       0x30 c:/programdata/chocolatey/lib/gcc-arm-embedded/tools/gcc-arm-none-eabi-10.3-2021.10/bin/../lib/gcc/arm-none-eabi/10.3.1/thumb/v7e-m+fp/hard\libgcc.a(_aeabi_uldivmod.o)
                0x080001d0                __aeabi_uldivmod
 .text          0x08000200      0x2d0 c:/programdata/chocolatey/lib/gcc-arm-embedded/tools/gcc-arm-none-eabi-10.3-2021.10/bin/../lib/gcc/arm-none-eabi/10.3.1/thumb/v7e-m+fp/hard\libgcc.a(_udivmoddi4.o)
                0x08000200                __udivmoddi4
 .text          0x080004d0        0x4 c:/programdata/chocolatey/lib/gcc-arm-embedded/tools/gcc-arm-none-eabi-10.3-2021.10/bin/../lib/gcc/arm-none-eabi/10.3.1/thumb/v7e-m+fp/hard\libgcc.a(_dvmd_tls.o)
                0x080004d0                __aeabi_idiv0
                0x080004d0                __aeabi_ldiv0
 *(.text*)
 .text.main     0x080004d4       0xd8 build/main.o
                0x080004d4                main
 .text.SystemClock_Config
                0x080005ac       0xa2 build/main.o
                0x080005ac                SystemClock_Config
 .text.MX_NVIC_Init
                0x0800064e       0x78 build/main.o
 *fill*         0x080006c6        0x2 
 .text.MX_ADC1_Init
                0x080006c8      0x1c0 build/main.o
 .text.MX_ADC2_Init
                0x08000888       0xfc build/main.o
 .text.MX_TIM1_Init
                0x08000984      0x1e8 build/main.o
 .text.MX_TIM3_Init
                0x08000b6c       0xac build/main.o
 .text.MX_TIM4_Init
                0x08000c18       0xe8 build/main.o
 .text.MX_USART2_UART_Init
                0x08000d00       0x60 build/main.o
 .text.MX_DMA_Init
                0x08000d60       0x30 build/main.o
 .text.MX_GPIO_Init
                0x08000d90       0xd0 build/main.o
 .text.HAL_TIM_PeriodElapsedCallback
                0x08000e60       0x28 build/main.o
                0x08000e60                HAL_TIM_PeriodElapsedCallback
 .text.Error_Handler
                0x08000e88        0xa build/main.o
                0x08000e88                Error_Handler
 *fill*         0x08000e92        0x2 
 .text.vApplicationGetIdleTaskMemory
                0x08000e94       0x34 build/freertos.o
                0x08000e94                vApplicationGetIdleTaskMemory
 .text.MX_MotorControl_Init
                0x08000ec8       0x18 build/motorcontrol.o
                0x08000ec8                MX_MotorControl_Init
 .text.vPortSetupTimerInterrupt
                0x08000ee0       0x20 build/motorcontrol.o
                0x08000ee0                vPortSetupTimerInterrupt
 .text.MC_StartMotor1
                0x08000f00       0x18 build/mc_api.o
                0x08000f00                MC_StartMotor1
 .text.MC_StopMotor1
                0x08000f18       0x18 build/mc_api.o
                0x08000f18                MC_StopMotor1
 .text.MC_GetSTMStateMotor1
                0x08000f30       0x18 build/mc_api.o
                0x08000f30                MC_GetSTMStateMotor1
 .text.MC_ProfilerCommand
                0x08000f48       0x20 build/mc_api.o
                0x08000f48                MC_ProfilerCommand
 .text.LL_GPIO_LockPin
                0x08000f68       0x38 build/mc_tasks.o
 .text.MCboot   0x08000fa0      0x1b0 build/mc_tasks.o
                0x08000fa0                MCboot
 .text.MC_RunMotorControlTasks
                0x08001150       0x1c build/mc_tasks.o
                0x08001150                MC_RunMotorControlTasks
 .text.TSK_MF_StopProcessing
                0x0800116c       0x60 build/mc_tasks.o
                0x0800116c                TSK_MF_StopProcessing
 .text.MC_Scheduler
                0x080011cc       0xd8 build/mc_tasks.o
                0x080011cc                MC_Scheduler
 .text.TSK_MediumFrequencyTaskM1
                0x080012a4      0x420 build/mc_tasks.o
                0x080012a4                TSK_MediumFrequencyTaskM1
 .text.FOC_Clear
                0x080016c4      0x13c build/mc_tasks.o
                0x080016c4                FOC_Clear
 .text.FOC_InitAdditionalMethods
                0x08001800       0x16 build/mc_tasks.o
                0x08001800                FOC_InitAdditionalMethods
 *fill*         0x08001816        0x2 
 .text.FOC_CalcCurrRef
                0x08001818       0x78 build/mc_tasks.o
                0x08001818                FOC_CalcCurrRef
 .text.TSK_SetChargeBootCapDelayM1
                0x08001890       0x20 build/mc_tasks.o
                0x08001890                TSK_SetChargeBootCapDelayM1
 .text.TSK_ChargeBootCapDelayHasElapsedM1
                0x080018b0       0x2c build/mc_tasks.o
                0x080018b0                TSK_ChargeBootCapDelayHasElapsedM1
 .text.TSK_SetStopPermanencyTimeM1
                0x080018dc       0x20 build/mc_tasks.o
                0x080018dc                TSK_SetStopPermanencyTimeM1
 .text.TSK_StopPermanencyTimeHasElapsedM1
                0x080018fc       0x2c build/mc_tasks.o
                0x080018fc                TSK_StopPermanencyTimeHasElapsedM1
 .text.TSK_HighFrequencyTask
                0x08001928       0xa4 build/mc_tasks.o
                0x08001928                TSK_HighFrequencyTask
 .text.FOC_CurrControllerM1
                0x080019cc      0x110 build/mc_tasks.o
 .text.TSK_SafetyTask
                0x08001adc       0x20 build/mc_tasks.o
                0x08001adc                TSK_SafetyTask
 .text.TSK_SafetyTask_PWMOFF
                0x08001afc      0x14c build/mc_tasks.o
                0x08001afc                TSK_SafetyTask_PWMOFF
 .text.TSK_HardwareFaultTask
                0x08001c48       0x24 build/mc_tasks.o
                0x08001c48                TSK_HardwareFaultTask
 .text.startMediumFrequencyTask
                0x08001c6c       0x14 build/mc_tasks.o
                0x08001c6c                startMediumFrequencyTask
 .text.StartSafetyTask
                0x08001c80       0x14 build/mc_tasks.o
                0x08001c80                StartSafetyTask
 .text.UI_HandleStartStopButton_cb
                0x08001c94       0x1c build/mc_tasks.o
                0x08001c94                UI_HandleStartStopButton_cb
 .text.mc_lock_pins
                0x08001cb0       0x9c build/mc_tasks.o
                0x08001cb0                mc_lock_pins
 .text.LL_GPIO_ResetOutputPin
                0x08001d4c       0x1c build/pwm_curr_fdbk.o
 .text.PWMC_GetPhaseCurrents
                0x08001d68       0x1c build/pwm_curr_fdbk.o
                0x08001d68                PWMC_GetPhaseCurrents
 .text.PWMC_SetPhaseVoltage
                0x08001d84      0x54e build/pwm_curr_fdbk.o
                0x08001d84                PWMC_SetPhaseVoltage
 .text.PWMC_SwitchOffPWM
                0x080022d2       0x18 build/pwm_curr_fdbk.o
                0x080022d2                PWMC_SwitchOffPWM
 .text.PWMC_SwitchOnPWM
                0x080022ea       0x18 build/pwm_curr_fdbk.o
                0x080022ea                PWMC_SwitchOnPWM
 .text.PWMC_CurrentReadingCalibr
                0x08002302       0x70 build/pwm_curr_fdbk.o
                0x08002302                PWMC_CurrentReadingCalibr
 .text.PWMC_DP_Handler
                0x08002372       0x70 build/pwm_curr_fdbk.o
                0x08002372                PWMC_DP_Handler
 .text.PWMC_OVP_Handler
                0x080023e2       0x3a build/pwm_curr_fdbk.o
                0x080023e2                PWMC_OVP_Handler
 .text.PWMC_IsFaultOccurred
                0x0800241c       0x64 build/pwm_curr_fdbk.o
                0x0800241c                PWMC_IsFaultOccurred
 .text.LL_ADC_REG_SetSequencerLength
                0x08002480       0x26 build/regular_conversion_manager.o
 .text.LL_ADC_REG_SetSequencerRanks
                0x080024a6       0x58 build/regular_conversion_manager.o
 .text.LL_ADC_SetChannelSamplingTime
                0x080024fe       0x56 build/regular_conversion_manager.o
 .text.LL_ADC_Enable
                0x08002554       0x28 build/regular_conversion_manager.o
 .text.LL_ADC_IsEnabled
                0x0800257c       0x26 build/regular_conversion_manager.o
 .text.LL_ADC_REG_StartConversion
                0x080025a2       0x28 build/regular_conversion_manager.o
 .text.LL_ADC_REG_ReadConversionData12
                0x080025ca       0x1a build/regular_conversion_manager.o
 .text.LL_ADC_IsActiveFlag_EOC
                0x080025e4       0x26 build/regular_conversion_manager.o
 .text.LL_ADC_ClearFlag_EOC
                0x0800260a       0x1a build/regular_conversion_manager.o
 .text.LL_ADC_ClearFlag_JEOC
                0x08002624       0x1a build/regular_conversion_manager.o
 .text.LL_ADC_DisableIT_EOC
                0x0800263e       0x20 build/regular_conversion_manager.o
 .text.LL_ADC_DisableIT_JEOC
                0x0800265e       0x20 build/regular_conversion_manager.o
 *fill*         0x0800267e        0x2 
 .text.RCM_RegisterRegConv
                0x08002680      0x150 build/regular_conversion_manager.o
                0x08002680                RCM_RegisterRegConv
 .text.RCM_ExecRegularConv
                0x080027d0      0x100 build/regular_conversion_manager.o
                0x080027d0                RCM_ExecRegularConv
 .text.RCM_ExecUserConv
                0x080028d0       0x80 build/regular_conversion_manager.o
                0x080028d0                RCM_ExecUserConv
 .text.MCM_Clarke
                0x08002950       0x94 build/mc_math.o
                0x08002950                MCM_Clarke
 .text.MCM_Park
                0x080029e4       0xf0 build/mc_math.o
                0x080029e4                MCM_Park
 .text.MCM_Rev_Park
                0x08002ad4       0x84 build/mc_math.o
                0x08002ad4                MCM_Rev_Park
 .text.MCM_Trig_Functions
                0x08002b58      0x114 build/mc_math.o
                0x08002b58                MCM_Trig_Functions
 .text.MCM_Sqrt
                0x08002c6c       0x72 build/mc_math.o
                0x08002c6c                MCM_Sqrt
 .text.MCI_Init
                0x08002cde       0x6e build/mc_interface.o
                0x08002cde                MCI_Init
 .text.MCI_ExecSpeedRamp
                0x08002d4c       0x3e build/mc_interface.o
                0x08002d4c                MCI_ExecSpeedRamp
 .text.MCI_ExecTorqueRamp
                0x08002d8a       0x3e build/mc_interface.o
                0x08002d8a                MCI_ExecTorqueRamp
 .text.MCI_SetCurrentReferences
                0x08002dc8       0x3c build/mc_interface.o
                0x08002dc8                MCI_SetCurrentReferences
 .text.MCI_ExecPositionCommand
                0x08002e04       0x94 build/mc_interface.o
                0x08002e04                MCI_ExecPositionCommand
 .text.MCI_StartMotor
                0x08002e98       0x4e build/mc_interface.o
                0x08002e98                MCI_StartMotor
 .text.MCI_StartWithPolarizationMotor
                0x08002ee6       0x58 build/mc_interface.o
                0x08002ee6                MCI_StartWithPolarizationMotor
 .text.MCI_StopMotor
                0x08002f3e       0x60 build/mc_interface.o
                0x08002f3e                MCI_StopMotor
 .text.MCI_FaultAcknowledged
                0x08002f9e       0x40 build/mc_interface.o
                0x08002f9e                MCI_FaultAcknowledged
 .text.MCI_FaultProcessing
                0x08002fde       0x48 build/mc_interface.o
                0x08002fde                MCI_FaultProcessing
 .text.MCI_ExecBufferedCommands
                0x08003026       0xcc build/mc_interface.o
                0x08003026                MCI_ExecBufferedCommands
 .text.MCI_GetSTMState
                0x080030f2       0x1a build/mc_interface.o
                0x080030f2                MCI_GetSTMState
 .text.MCI_GetCurrentPosition
                0x0800310c       0x20 build/mc_interface.o
                0x0800310c                MCI_GetCurrentPosition
 .text.MCI_GetOccurredFaults
                0x0800312c       0x18 build/mc_interface.o
                0x0800312c                MCI_GetOccurredFaults
 .text.MCI_GetCurrentFaults
                0x08003144       0x18 build/mc_interface.o
                0x08003144                MCI_GetCurrentFaults
 .text.MCI_GetFaultState
                0x0800315c       0x28 build/mc_interface.o
                0x0800315c                MCI_GetFaultState
 .text.MCI_GetControlMode
                0x08003184       0x1a build/mc_interface.o
                0x08003184                MCI_GetControlMode
 .text.MCI_GetLastRampFinalSpeed
                0x0800319e       0x1a build/mc_interface.o
                0x0800319e                MCI_GetLastRampFinalSpeed
 .text.MCI_GetLastRampFinalTorque
                0x080031b8       0x1a build/mc_interface.o
                0x080031b8                MCI_GetLastRampFinalTorque
 .text.MCI_GetLastRampFinalDuration
                0x080031d2       0x18 build/mc_interface.o
                0x080031d2                MCI_GetLastRampFinalDuration
 .text.MCI_StopRamp
                0x080031ea       0x1a build/mc_interface.o
                0x080031ea                MCI_StopRamp
 .text.MCI_GetAvrgMecSpeedUnit
                0x08003204       0x2a build/mc_interface.o
                0x08003204                MCI_GetAvrgMecSpeedUnit
 .text.MCI_GetMecSpeedRefUnit
                0x0800322e       0x1c build/mc_interface.o
                0x0800322e                MCI_GetMecSpeedRefUnit
 .text.MCI_GetIab
                0x0800324a       0x2e build/mc_interface.o
                0x0800324a                MCI_GetIab
 .text.MCI_GetIalphabeta
                0x08003278       0x30 build/mc_interface.o
                0x08003278                MCI_GetIalphabeta
 .text.MCI_GetIqd
                0x080032a8       0x30 build/mc_interface.o
                0x080032a8                MCI_GetIqd
 .text.MCI_GetIqdref
                0x080032d8       0x30 build/mc_interface.o
                0x080032d8                MCI_GetIqdref
 .text.MCI_GetVqd
                0x08003308       0x30 build/mc_interface.o
                0x08003308                MCI_GetVqd
 .text.MCI_GetValphabeta
                0x08003338       0x30 build/mc_interface.o
                0x08003338                MCI_GetValphabeta
 .text.MCI_GetTeref
                0x08003368       0x1c build/mc_interface.o
                0x08003368                MCI_GetTeref
 .text.MCI_Clear_Iqdref
                0x08003384       0x2a build/mc_interface.o
                0x08003384                MCI_Clear_Iqdref
 .text.MCI_Clear_PerfMeasure
                0x080033ae       0x22 build/mc_interface.o
                0x080033ae                MCI_Clear_PerfMeasure
 .text.LL_ADC_IsActiveFlag_JEOS
                0x080033d0       0x26 build/stm32l4xx_mc_it.o
 .text.LL_ADC_ClearFlag_JEOS
                0x080033f6       0x1a build/stm32l4xx_mc_it.o
 .text.LL_TIM_ClearFlag_UPDATE
                0x08003410       0x1c build/stm32l4xx_mc_it.o
 .text.LL_TIM_IsActiveFlag_UPDATE
                0x0800342c       0x26 build/stm32l4xx_mc_it.o
 .text.LL_TIM_ClearFlag_BRK
                0x08003452       0x1c build/stm32l4xx_mc_it.o
 .text.LL_TIM_IsActiveFlag_BRK
                0x0800346e       0x26 build/stm32l4xx_mc_it.o
 .text.LL_TIM_ClearFlag_BRK2
                0x08003494       0x1c build/stm32l4xx_mc_it.o
 .text.LL_TIM_IsActiveFlag_BRK2
                0x080034b0       0x28 build/stm32l4xx_mc_it.o
 .text.LL_TIM_IsEnabledIT_UPDATE
                0x080034d8       0x26 build/stm32l4xx_mc_it.o
 .text.LL_USART_IsActiveFlag_FE
                0x080034fe       0x26 build/stm32l4xx_mc_it.o
 .text.LL_USART_IsActiveFlag_NE
                0x08003524       0x26 build/stm32l4xx_mc_it.o
 .text.LL_USART_IsActiveFlag_ORE
                0x0800354a       0x26 build/stm32l4xx_mc_it.o
 .text.LL_USART_IsActiveFlag_IDLE
                0x08003570       0x26 build/stm32l4xx_mc_it.o
 .text.LL_USART_IsActiveFlag_TC
                0x08003596       0x26 build/stm32l4xx_mc_it.o
 .text.LL_USART_ClearFlag_TC
                0x080035bc       0x1a build/stm32l4xx_mc_it.o
 .text.LL_USART_EnableIT_IDLE
                0x080035d6       0x42 build/stm32l4xx_mc_it.o
 .text.LL_USART_EnableIT_ERROR
                0x08003618       0x46 build/stm32l4xx_mc_it.o
 .text.LL_USART_DisableIT_IDLE
                0x0800365e       0x42 build/stm32l4xx_mc_it.o
 .text.LL_USART_DisableIT_ERROR
                0x080036a0       0x46 build/stm32l4xx_mc_it.o
 .text.LL_USART_IsEnabledIT_IDLE
                0x080036e6       0x26 build/stm32l4xx_mc_it.o
 .text.LL_USART_IsEnabledIT_ERROR
                0x0800370c       0x26 build/stm32l4xx_mc_it.o
 .text.LL_USART_EnableDMAReq_RX
                0x08003732       0x46 build/stm32l4xx_mc_it.o
 .text.LL_USART_DisableDMAReq_RX
                0x08003778       0x46 build/stm32l4xx_mc_it.o
 .text.LL_USART_ReceiveData8
                0x080037be       0x1c build/stm32l4xx_mc_it.o
 *fill*         0x080037da        0x2 
 .text.LL_DMA_DisableChannel
                0x080037dc       0x44 build/stm32l4xx_mc_it.o
 .text.LL_DMA_ClearFlag_TC
                0x08003820       0x28 build/stm32l4xx_mc_it.o
 .text.LL_DMA_IsActiveFlag_TC
                0x08003848       0x44 build/stm32l4xx_mc_it.o
 .text.LL_EXTI_ReadFlag_0_31
                0x0800388c       0x20 build/stm32l4xx_mc_it.o
 .text.LL_EXTI_ClearFlag_0_31
                0x080038ac       0x20 build/stm32l4xx_mc_it.o
 .text.ADC1_2_IRQHandler
                0x080038cc       0x24 build/stm32l4xx_mc_it.o
                0x080038cc                ADC1_2_IRQHandler
 .text.TIM1_UP_TIM16_IRQHandler
                0x080038f0       0x1c build/stm32l4xx_mc_it.o
                0x080038f0                TIM1_UP_TIM16_IRQHandler
 .text.TIM1_BRK_TIM15_IRQHandler
                0x0800390c       0x48 build/stm32l4xx_mc_it.o
                0x0800390c                TIM1_BRK_TIM15_IRQHandler
 .text.TIM3_IRQHandler
                0x08003954       0x3c build/stm32l4xx_mc_it.o
                0x08003954                TIM3_IRQHandler
 .text.DMA1_Channel6_IRQHandler
                0x08003990       0x2c build/stm32l4xx_mc_it.o
                0x08003990                DMA1_Channel6_IRQHandler
 .text.USART2_IRQHandler
                0x080039bc       0xb4 build/stm32l4xx_mc_it.o
                0x080039bc                USART2_IRQHandler
 .text.HardFault_Handler
                0x08003a70        0xa build/stm32l4xx_mc_it.o
                0x08003a70                HardFault_Handler
 .text.EXTI15_10_IRQHandler
                0x08003a7a       0x22 build/stm32l4xx_mc_it.o
                0x08003a7a                EXTI15_10_IRQHandler
 .text.RI_SetRegisterGlobal
                0x08003a9c      0x1bc build/register_interface.o
                0x08003a9c                RI_SetRegisterGlobal
 .text.RI_SetRegisterMotor1
                0x08003c58      0x7c0 build/register_interface.o
                0x08003c58                RI_SetRegisterMotor1
 .text.RI_GetRegisterGlobal
                0x08004418      0x278 build/register_interface.o
                0x08004418                RI_GetRegisterGlobal
 .text.RI_GetRegisterMotor1
                0x08004690      0xb28 build/register_interface.o
                0x08004690                RI_GetRegisterMotor1
 .text.RI_MovString
                0x080051b8       0x7c build/register_interface.o
                0x080051b8                RI_MovString
 .text.RI_GetIDSize
                0x08005234       0x4e build/register_interface.o
                0x08005234                RI_GetIDSize
 *fill*         0x08005282        0x2 
 .text.RI_GetPtrReg
                0x08005284      0x1c8 build/register_interface.o
                0x08005284                RI_GetPtrReg
 .text.RI_SetRegCommandParser
                0x0800544c      0x15c build/mcp.o
                0x0800544c                RI_SetRegCommandParser
 .text.RI_GetRegCommandParser
                0x080055a8       0xf4 build/mcp.o
                0x080055a8                RI_GetRegCommandParser
 .text.MCP_ReceivedPacket
                0x0800569c      0x3a8 build/mcp.o
                0x0800569c                MCP_ReceivedPacket
 .text.MC_Perf_Measure_Init
                0x08005a44       0x88 build/mc_perf.o
                0x08005a44                MC_Perf_Measure_Init
 .text.MC_Perf_Clear
                0x08005acc       0x52 build/mc_perf.o
                0x08005acc                MC_Perf_Clear
 *fill*         0x08005b1e        0x2 
 .text.MC_Perf_Measure_Start
                0x08005b20       0x30 build/mc_perf.o
                0x08005b20                MC_Perf_Measure_Start
 .text.MC_BG_Perf_Measure_Start
                0x08005b50       0x3c build/mc_perf.o
                0x08005b50                MC_BG_Perf_Measure_Start
 .text.MC_Perf_Measure_Stop
                0x08005b8c       0x94 build/mc_perf.o
                0x08005b8c                MC_Perf_Measure_Stop
 .text.MC_BG_Perf_Measure_Stop
                0x08005c20       0x9c build/mc_perf.o
                0x08005c20                MC_BG_Perf_Measure_Stop
 .text.MC_Perf_GetCPU_Load
                0x08005cbc       0xb0 build/mc_perf.o
                0x08005cbc                MC_Perf_GetCPU_Load
 .text.MC_Perf_GetMaxCPU_Load
                0x08005d6c       0xb0 build/mc_perf.o
                0x08005d6c                MC_Perf_GetMaxCPU_Load
 .text.MC_Perf_GetMinCPU_Load
                0x08005e1c       0xc4 build/mc_perf.o
                0x08005e1c                MC_Perf_GetMinCPU_Load
 .text.LL_USART_ClearFlag_IDLE
                0x08005ee0       0x1a build/usart_aspep_driver.o
 .text.LL_USART_ClearFlag_TC
                0x08005efa       0x1a build/usart_aspep_driver.o
 .text.LL_USART_EnableIT_IDLE
                0x08005f14       0x42 build/usart_aspep_driver.o
 .text.LL_USART_EnableIT_TC
                0x08005f56       0x42 build/usart_aspep_driver.o
 .text.LL_USART_EnableIT_ERROR
                0x08005f98       0x46 build/usart_aspep_driver.o
 .text.LL_USART_EnableDMAReq_RX
                0x08005fde       0x46 build/usart_aspep_driver.o
 .text.LL_USART_EnableDMAReq_TX
                0x08006024       0x46 build/usart_aspep_driver.o
 *fill*         0x0800606a        0x2 
 .text.LL_DMA_EnableChannel
                0x0800606c       0x44 build/usart_aspep_driver.o
 .text.LL_DMA_DisableChannel
                0x080060b0       0x44 build/usart_aspep_driver.o
 .text.LL_DMA_IsEnabledChannel
                0x080060f4       0x3c build/usart_aspep_driver.o
 .text.LL_DMA_SetDataLength
                0x08006130       0x4c build/usart_aspep_driver.o
 .text.LL_DMA_SetMemoryAddress
                0x0800617c       0x34 build/usart_aspep_driver.o
 .text.LL_DMA_SetPeriphAddress
                0x080061b0       0x34 build/usart_aspep_driver.o
 .text.LL_DMA_EnableIT_TC
                0x080061e4       0x44 build/usart_aspep_driver.o
 .text.UASPEP_INIT
                0x08006228       0x20 build/usart_aspep_driver.o
                0x08006228                UASPEP_INIT
 .text.UASPEP_DAMCONFIG_TX
                0x08006248       0x4c build/usart_aspep_driver.o
                0x08006248                UASPEP_DAMCONFIG_TX
 .text.UASPEP_DAMCONFIG_RX
                0x08006294       0x52 build/usart_aspep_driver.o
                0x08006294                UASPEP_DAMCONFIG_RX
 .text.UASPEP_SEND_PACKET
                0x080062e6       0x6c build/usart_aspep_driver.o
                0x080062e6                UASPEP_SEND_PACKET
 .text.UASPEP_RECEIVE_BUFFER
                0x08006352       0x5a build/usart_aspep_driver.o
                0x08006352                UASPEP_RECEIVE_BUFFER
 .text.UASPEP_IDLE_ENABLE
                0x080063ac       0x28 build/usart_aspep_driver.o
                0x080063ac                UASPEP_IDLE_ENABLE
 .text.ASPEP_ComputeHeaderCRC
                0x080063d4       0x8c build/aspep.o
 .text.ASPEP_CheckHeaderCRC
                0x08006460       0x78 build/aspep.o
 .text.ASPEP_start
                0x080064d8       0x46 build/aspep.o
                0x080064d8                ASPEP_start
 .text.ASPEP_sendBeacon
                0x0800651e       0x56 build/aspep.o
                0x0800651e                ASPEP_sendBeacon
 .text.ASPEP_sendNack
                0x08006574       0x3c build/aspep.o
 .text.ASPEP_sendPing
                0x080065b0       0x70 build/aspep.o
                0x080065b0                ASPEP_sendPing
 .text.ASPEP_getBuffer
                0x08006620       0xb6 build/aspep.o
                0x08006620                ASPEP_getBuffer
 .text.ASPEP_CheckBeacon
                0x080066d6       0xfa build/aspep.o
 .text.ASPEP_sendPacket
                0x080067d0       0xc0 build/aspep.o
                0x080067d0                ASPEP_sendPacket
 .text.ASPEP_TXframeProcess
                0x08006890      0x10c build/aspep.o
 .text.ASPEP_HWDataTransmittedIT
                0x0800699c      0x104 build/aspep.o
                0x0800699c                ASPEP_HWDataTransmittedIT
 .text.ASPEP_RXframeProcess
                0x08006aa0      0x1fc build/aspep.o
                0x08006aa0                ASPEP_RXframeProcess
 .text.ASPEP_HWDataReceivedIT
                0x08006c9c       0xf0 build/aspep.o
                0x08006c9c                ASPEP_HWDataReceivedIT
 .text.ASPEP_HWDMAReset
                0x08006d8c       0x2a build/aspep.o
                0x08006d8c                ASPEP_HWDMAReset
 .text.MC_APP_BootHook
                0x08006db6        0xe build/mc_app_hooks.o
                0x08006db6                MC_APP_BootHook
 .text.MC_APP_PostMediumFrequencyHook_M1
                0x08006dc4        0xe build/mc_app_hooks.o
                0x08006dc4                MC_APP_PostMediumFrequencyHook_M1
 *fill*         0x08006dd2        0x2 
 .text.TIM6_DAC_IRQHandler
                0x08006dd4       0x14 build/stm32l4xx_it.o
                0x08006dd4                TIM6_DAC_IRQHandler
 .text.HAL_MspInit
                0x08006de8       0x50 build/stm32l4xx_hal_msp.o
                0x08006de8                HAL_MspInit
 .text.HAL_ADC_MspInit
                0x08006e38      0x1d0 build/stm32l4xx_hal_msp.o
                0x08006e38                HAL_ADC_MspInit
 .text.HAL_TIM_Base_MspInit
                0x08007008       0xc0 build/stm32l4xx_hal_msp.o
                0x08007008                HAL_TIM_Base_MspInit
 .text.HAL_TIM_Encoder_MspInit
                0x080070c8       0x88 build/stm32l4xx_hal_msp.o
                0x080070c8                HAL_TIM_Encoder_MspInit
 .text.HAL_TIM_MspPostInit
                0x08007150       0x70 build/stm32l4xx_hal_msp.o
                0x08007150                HAL_TIM_MspPostInit
 .text.HAL_UART_MspInit
                0x080071c0      0x170 build/stm32l4xx_hal_msp.o
                0x080071c0                HAL_UART_MspInit
 .text.HAL_InitTick
                0x08007330       0xf4 build/stm32l4xx_hal_timebase_tim.o
                0x08007330                HAL_InitTick
 .text.LL_ADC_SetCommonClock
                0x08007424       0x26 build/stm32l4xx_hal_adc.o
 .text.LL_ADC_SetCommonPathInternalCh
                0x0800744a       0x26 build/stm32l4xx_hal_adc.o
 .text.LL_ADC_GetCommonPathInternalCh
                0x08007470       0x1c build/stm32l4xx_hal_adc.o
 .text.LL_ADC_SetOffset
                0x0800748c       0x48 build/stm32l4xx_hal_adc.o
 .text.LL_ADC_GetOffsetChannel
                0x080074d4       0x2c build/stm32l4xx_hal_adc.o
 .text.LL_ADC_SetOffsetState
                0x08007500       0x36 build/stm32l4xx_hal_adc.o
 .text.LL_ADC_REG_SetSequencerRanks
                0x08007536       0x58 build/stm32l4xx_hal_adc.o
 .text.LL_ADC_SetChannelSamplingTime
                0x0800758e       0x56 build/stm32l4xx_hal_adc.o
 .text.LL_ADC_SetChannelSingleDiff
                0x080075e4       0x48 build/stm32l4xx_hal_adc.o
 .text.LL_ADC_GetMultimode
                0x0800762c       0x1c build/stm32l4xx_hal_adc.o
 .text.LL_ADC_DisableDeepPowerDown
                0x08007648       0x24 build/stm32l4xx_hal_adc.o
 .text.LL_ADC_IsDeepPowerDownEnabled
                0x0800766c       0x28 build/stm32l4xx_hal_adc.o
 .text.LL_ADC_EnableInternalRegulator
                0x08007694       0x28 build/stm32l4xx_hal_adc.o
 .text.LL_ADC_IsInternalRegulatorEnabled
                0x080076bc       0x28 build/stm32l4xx_hal_adc.o
 .text.LL_ADC_Enable
                0x080076e4       0x28 build/stm32l4xx_hal_adc.o
 .text.LL_ADC_Disable
                0x0800770c       0x28 build/stm32l4xx_hal_adc.o
 .text.LL_ADC_IsEnabled
                0x08007734       0x26 build/stm32l4xx_hal_adc.o
 .text.LL_ADC_IsDisableOngoing
                0x0800775a       0x26 build/stm32l4xx_hal_adc.o
 .text.LL_ADC_REG_StartConversion
                0x08007780       0x28 build/stm32l4xx_hal_adc.o
 .text.LL_ADC_REG_IsConversionOngoing
                0x080077a8       0x26 build/stm32l4xx_hal_adc.o
 .text.LL_ADC_INJ_IsConversionOngoing
                0x080077ce       0x26 build/stm32l4xx_hal_adc.o
 .text.HAL_ADC_Init
                0x080077f4      0x2a0 build/stm32l4xx_hal_adc.o
                0x080077f4                HAL_ADC_Init
 .text.HAL_ADC_Start_IT
                0x08007a94      0x264 build/stm32l4xx_hal_adc.o
                0x08007a94                HAL_ADC_Start_IT
 .text.HAL_ADC_GetValue
                0x08007cf8       0x1a build/stm32l4xx_hal_adc.o
                0x08007cf8                HAL_ADC_GetValue
 *fill*         0x08007d12        0x2 
 .text.HAL_ADC_ConfigChannel
                0x08007d14      0x7e4 build/stm32l4xx_hal_adc.o
                0x08007d14                HAL_ADC_ConfigChannel
 .text.ADC_Enable
                0x080084f8      0x10c build/stm32l4xx_hal_adc.o
                0x080084f8                ADC_Enable
 .text.ADC_Disable
                0x08008604       0xbe build/stm32l4xx_hal_adc.o
                0x08008604                ADC_Disable
 .text.LL_ADC_SetCommonPathInternalCh
                0x080086c2       0x26 build/stm32l4xx_hal_adc_ex.o
 .text.LL_ADC_GetCommonPathInternalCh
                0x080086e8       0x1c build/stm32l4xx_hal_adc_ex.o
 .text.LL_ADC_SetOffset
                0x08008704       0x48 build/stm32l4xx_hal_adc_ex.o
 .text.LL_ADC_GetOffsetChannel
                0x0800874c       0x2c build/stm32l4xx_hal_adc_ex.o
 .text.LL_ADC_SetOffsetState
                0x08008778       0x36 build/stm32l4xx_hal_adc_ex.o
 .text.LL_ADC_INJ_SetQueueMode
                0x080087ae       0x2a build/stm32l4xx_hal_adc_ex.o
 .text.LL_ADC_SetChannelSamplingTime
                0x080087d8       0x56 build/stm32l4xx_hal_adc_ex.o
 *fill*         0x0800882e        0x2 
 .text.LL_ADC_SetChannelSingleDiff
                0x08008830       0x48 build/stm32l4xx_hal_adc_ex.o
 .text.LL_ADC_IsEnabled
                0x08008878       0x26 build/stm32l4xx_hal_adc_ex.o
 .text.LL_ADC_StartCalibration
                0x0800889e       0x32 build/stm32l4xx_hal_adc_ex.o
 .text.LL_ADC_IsCalibrationOnGoing
                0x080088d0       0x28 build/stm32l4xx_hal_adc_ex.o
 .text.LL_ADC_REG_IsConversionOngoing
                0x080088f8       0x26 build/stm32l4xx_hal_adc_ex.o
 .text.LL_ADC_INJ_IsConversionOngoing
                0x0800891e       0x26 build/stm32l4xx_hal_adc_ex.o
 .text.HAL_ADCEx_Calibration_Start
                0x08008944       0xc0 build/stm32l4xx_hal_adc_ex.o
                0x08008944                HAL_ADCEx_Calibration_Start
 .text.HAL_ADCEx_InjectedConfigChannel
                0x08008a04      0x960 build/stm32l4xx_hal_adc_ex.o
                0x08008a04                HAL_ADCEx_InjectedConfigChannel
 .text.HAL_ADCEx_MultiModeConfigChannel
                0x08009364      0x160 build/stm32l4xx_hal_adc_ex.o
                0x08009364                HAL_ADCEx_MultiModeConfigChannel
 .text.HAL_ADCEx_DisableInjectedQueue
                0x080094c4       0x4e build/stm32l4xx_hal_adc_ex.o
                0x080094c4                HAL_ADCEx_DisableInjectedQueue
 *fill*         0x08009512        0x2 
 .text.HAL_Init
                0x08009514       0x40 build/stm32l4xx_hal.o
                0x08009514                HAL_Init
 .text.HAL_IncTick
                0x08009554       0x28 build/stm32l4xx_hal.o
                0x08009554                HAL_IncTick
 .text.HAL_GetTick
                0x0800957c       0x18 build/stm32l4xx_hal.o
                0x0800957c                HAL_GetTick
 .text.HAL_RCC_OscConfig
                0x08009594      0x7b8 build/stm32l4xx_hal_rcc.o
                0x08009594                HAL_RCC_OscConfig
 .text.HAL_RCC_ClockConfig
                0x08009d4c      0x200 build/stm32l4xx_hal_rcc.o
                0x08009d4c                HAL_RCC_ClockConfig
 .text.HAL_RCC_GetSysClockFreq
                0x08009f4c      0x118 build/stm32l4xx_hal_rcc.o
                0x08009f4c                HAL_RCC_GetSysClockFreq
 .text.HAL_RCC_GetHCLKFreq
                0x0800a064       0x18 build/stm32l4xx_hal_rcc.o
                0x0800a064                HAL_RCC_GetHCLKFreq
 .text.HAL_RCC_GetPCLK1Freq
                0x0800a07c       0x2c build/stm32l4xx_hal_rcc.o
                0x0800a07c                HAL_RCC_GetPCLK1Freq
 .text.HAL_RCC_GetPCLK2Freq
                0x0800a0a8       0x2c build/stm32l4xx_hal_rcc.o
                0x0800a0a8                HAL_RCC_GetPCLK2Freq
 .text.HAL_RCC_GetClockConfig
                0x0800a0d4       0x64 build/stm32l4xx_hal_rcc.o
                0x0800a0d4                HAL_RCC_GetClockConfig
 .text.RCC_SetFlashLatencyFromMSIRange
                0x0800a138       0xc0 build/stm32l4xx_hal_rcc.o
 .text.HAL_RCCEx_PeriphCLKConfig
                0x0800a1f8      0x5d4 build/stm32l4xx_hal_rcc_ex.o
                0x0800a1f8                HAL_RCCEx_PeriphCLKConfig
 .text.RCCEx_PLLSAI1_Config
                0x0800a7cc      0x1e8 build/stm32l4xx_hal_rcc_ex.o
 .text.RCCEx_PLLSAI2_Config
                0x0800a9b4      0x1bc build/stm32l4xx_hal_rcc_ex.o
 .text.HAL_GPIO_Init
                0x0800ab70      0x354 build/stm32l4xx_hal_gpio.o
                0x0800ab70                HAL_GPIO_Init
 .text.HAL_GPIO_WritePin
                0x0800aec4       0x30 build/stm32l4xx_hal_gpio.o
                0x0800aec4                HAL_GPIO_WritePin
 .text.HAL_DMA_Init
                0x0800aef4      0x170 build/stm32l4xx_hal_dma.o
                0x0800aef4                HAL_DMA_Init
 .text.HAL_PWREx_GetVoltageRange
                0x0800b064       0x1c build/stm32l4xx_hal_pwr_ex.o
                0x0800b064                HAL_PWREx_GetVoltageRange
 .text.HAL_PWREx_ControlVoltageScaling
                0x0800b080       0xac build/stm32l4xx_hal_pwr_ex.o
                0x0800b080                HAL_PWREx_ControlVoltageScaling
 .text.__NVIC_SetPriorityGrouping
                0x0800b12c       0x48 build/stm32l4xx_hal_cortex.o
 .text.__NVIC_GetPriorityGrouping
                0x0800b174       0x1c build/stm32l4xx_hal_cortex.o
 .text.__NVIC_EnableIRQ
                0x0800b190       0x3c build/stm32l4xx_hal_cortex.o
 .text.__NVIC_SetPriority
                0x0800b1cc       0x54 build/stm32l4xx_hal_cortex.o
 .text.NVIC_EncodePriority
                0x0800b220       0x66 build/stm32l4xx_hal_cortex.o
 *fill*         0x0800b286        0x2 
 .text.SysTick_Config
                0x0800b288       0x44 build/stm32l4xx_hal_cortex.o
 .text.HAL_NVIC_SetPriorityGrouping
                0x0800b2cc       0x16 build/stm32l4xx_hal_cortex.o
                0x0800b2cc                HAL_NVIC_SetPriorityGrouping
 .text.HAL_NVIC_SetPriority
                0x0800b2e2       0x38 build/stm32l4xx_hal_cortex.o
                0x0800b2e2                HAL_NVIC_SetPriority
 .text.HAL_NVIC_EnableIRQ
                0x0800b31a       0x1c build/stm32l4xx_hal_cortex.o
                0x0800b31a                HAL_NVIC_EnableIRQ
 .text.HAL_SYSTICK_Config
                0x0800b336       0x18 build/stm32l4xx_hal_cortex.o
                0x0800b336                HAL_SYSTICK_Config
 .text.HAL_TIM_Base_Init
                0x0800b34e       0xae build/stm32l4xx_hal_tim.o
                0x0800b34e                HAL_TIM_Base_Init
 .text.HAL_TIM_Base_Start_IT
                0x0800b3fc       0xe0 build/stm32l4xx_hal_tim.o
                0x0800b3fc                HAL_TIM_Base_Start_IT
 .text.HAL_TIM_PWM_Init
                0x0800b4dc       0xae build/stm32l4xx_hal_tim.o
                0x0800b4dc                HAL_TIM_PWM_Init
 .text.HAL_TIM_PWM_MspInit
                0x0800b58a       0x14 build/stm32l4xx_hal_tim.o
                0x0800b58a                HAL_TIM_PWM_MspInit
 *fill*         0x0800b59e        0x2 
 .text.HAL_TIM_PWM_Start
                0x0800b5a0      0x20c build/stm32l4xx_hal_tim.o
                0x0800b5a0                HAL_TIM_PWM_Start
 .text.HAL_TIM_Encoder_Init
                0x0800b7ac      0x14c build/stm32l4xx_hal_tim.o
                0x0800b7ac                HAL_TIM_Encoder_Init
 .text.HAL_TIM_IRQHandler
                0x0800b8f8      0x204 build/stm32l4xx_hal_tim.o
                0x0800b8f8                HAL_TIM_IRQHandler
 .text.HAL_TIM_PWM_ConfigChannel
                0x0800bafc      0x228 build/stm32l4xx_hal_tim.o
                0x0800bafc                HAL_TIM_PWM_ConfigChannel
 .text.HAL_TIM_ConfigClockSource
                0x0800bd24      0x192 build/stm32l4xx_hal_tim.o
                0x0800bd24                HAL_TIM_ConfigClockSource
 .text.HAL_TIM_SlaveConfigSynchro
                0x0800beb6       0x84 build/stm32l4xx_hal_tim.o
                0x0800beb6                HAL_TIM_SlaveConfigSynchro
 .text.HAL_TIM_OC_DelayElapsedCallback
                0x0800bf3a       0x14 build/stm32l4xx_hal_tim.o
                0x0800bf3a                HAL_TIM_OC_DelayElapsedCallback
 .text.HAL_TIM_IC_CaptureCallback
                0x0800bf4e       0x14 build/stm32l4xx_hal_tim.o
                0x0800bf4e                HAL_TIM_IC_CaptureCallback
 .text.HAL_TIM_PWM_PulseFinishedCallback
                0x0800bf62       0x14 build/stm32l4xx_hal_tim.o
                0x0800bf62                HAL_TIM_PWM_PulseFinishedCallback
 .text.HAL_TIM_TriggerCallback
                0x0800bf76       0x14 build/stm32l4xx_hal_tim.o
                0x0800bf76                HAL_TIM_TriggerCallback
 *fill*         0x0800bf8a        0x2 
 .text.TIM_Base_SetConfig
                0x0800bf8c      0x134 build/stm32l4xx_hal_tim.o
                0x0800bf8c                TIM_Base_SetConfig
 .text.TIM_OC1_SetConfig
                0x0800c0c0      0x120 build/stm32l4xx_hal_tim.o
 .text.TIM_OC2_SetConfig
                0x0800c1e0      0x114 build/stm32l4xx_hal_tim.o
                0x0800c1e0                TIM_OC2_SetConfig
 .text.TIM_OC3_SetConfig
                0x0800c2f4      0x110 build/stm32l4xx_hal_tim.o
 .text.TIM_OC4_SetConfig
                0x0800c404       0xd4 build/stm32l4xx_hal_tim.o
 .text.TIM_OC5_SetConfig
                0x0800c4d8       0xc8 build/stm32l4xx_hal_tim.o
 .text.TIM_OC6_SetConfig
                0x0800c5a0       0xcc build/stm32l4xx_hal_tim.o
 .text.TIM_SlaveTimer_SetConfig
                0x0800c66c      0x126 build/stm32l4xx_hal_tim.o
 .text.TIM_TI1_ConfigInputStage
                0x0800c792       0x5e build/stm32l4xx_hal_tim.o
 .text.TIM_TI2_ConfigInputStage
                0x0800c7f0       0x60 build/stm32l4xx_hal_tim.o
 .text.TIM_ITRx_SetConfig
                0x0800c850       0x36 build/stm32l4xx_hal_tim.o
 .text.TIM_ETR_SetConfig
                0x0800c886       0x40 build/stm32l4xx_hal_tim.o
                0x0800c886                TIM_ETR_SetConfig
 .text.TIM_CCxChannelCmd
                0x0800c8c6       0x4a build/stm32l4xx_hal_tim.o
                0x0800c8c6                TIM_CCxChannelCmd
 .text.HAL_TIMEx_MasterConfigSynchronization
                0x0800c910      0x110 build/stm32l4xx_hal_tim_ex.o
                0x0800c910                HAL_TIMEx_MasterConfigSynchronization
 .text.HAL_TIMEx_ConfigBreakDeadTime
                0x0800ca20       0xfc build/stm32l4xx_hal_tim_ex.o
                0x0800ca20                HAL_TIMEx_ConfigBreakDeadTime
 .text.HAL_TIMEx_ConfigBreakInput
                0x0800cb1c      0x18c build/stm32l4xx_hal_tim_ex.o
                0x0800cb1c                HAL_TIMEx_ConfigBreakInput
 .text.HAL_TIMEx_CommutCallback
                0x0800cca8       0x14 build/stm32l4xx_hal_tim_ex.o
                0x0800cca8                HAL_TIMEx_CommutCallback
 .text.HAL_TIMEx_BreakCallback
                0x0800ccbc       0x14 build/stm32l4xx_hal_tim_ex.o
                0x0800ccbc                HAL_TIMEx_BreakCallback
 .text.HAL_TIMEx_Break2Callback
                0x0800ccd0       0x14 build/stm32l4xx_hal_tim_ex.o
                0x0800ccd0                HAL_TIMEx_Break2Callback
 .text.HAL_UART_Init
                0x0800cce4       0x9c build/stm32l4xx_hal_uart.o
                0x0800cce4                HAL_UART_Init
 .text.UART_SetConfig
                0x0800cd80      0x570 build/stm32l4xx_hal_uart.o
                0x0800cd80                UART_SetConfig
 .text.UART_AdvFeatureConfig
                0x0800d2f0      0x144 build/stm32l4xx_hal_uart.o
                0x0800d2f0                UART_AdvFeatureConfig
 .text.UART_CheckIdleState
                0x0800d434      0x150 build/stm32l4xx_hal_uart.o
                0x0800d434                UART_CheckIdleState
 .text.UART_WaitOnFlagUntilTimeout
                0x0800d584       0xce build/stm32l4xx_hal_uart.o
                0x0800d584                UART_WaitOnFlagUntilTimeout
 .text.UART_EndRxTransfer
                0x0800d652       0xc8 build/stm32l4xx_hal_uart.o
 *fill*         0x0800d71a        0x2 
 .text.SystemInit
                0x0800d71c       0x24 build/system_stm32l4xx.o
                0x0800d71c                SystemInit
 .text.vListInitialise
                0x0800d740       0x40 build/list.o
                0x0800d740                vListInitialise
 .text.vListInitialiseItem
                0x0800d780       0x1a build/list.o
                0x0800d780                vListInitialiseItem
 .text.vListInsertEnd
                0x0800d79a       0x48 build/list.o
                0x0800d79a                vListInsertEnd
 .text.vListInsert
                0x0800d7e2       0x72 build/list.o
                0x0800d7e2                vListInsert
 .text.uxListRemove
                0x0800d854       0x54 build/list.o
                0x0800d854                uxListRemove
 .text.xTaskCreateStatic
                0x0800d8a8       0xba build/tasks.o
                0x0800d8a8                xTaskCreateStatic
 .text.xTaskCreate
                0x0800d962       0x8a build/tasks.o
                0x0800d962                xTaskCreate
 .text.prvInitialiseNewTask
                0x0800d9ec      0x10e build/tasks.o
 *fill*         0x0800dafa        0x2 
 .text.prvAddNewTaskToReadyList
                0x0800dafc       0xd4 build/tasks.o
 .text.vTaskDelay
                0x0800dbd0       0x68 build/tasks.o
                0x0800dbd0                vTaskDelay
 .text.vTaskStartScheduler
                0x0800dc38       0xc0 build/tasks.o
                0x0800dc38                vTaskStartScheduler
 .text.vTaskSuspendAll
                0x0800dcf8       0x1c build/tasks.o
                0x0800dcf8                vTaskSuspendAll
 .text.xTaskResumeAll
                0x0800dd14      0x138 build/tasks.o
                0x0800dd14                xTaskResumeAll
 .text.xTaskIncrementTick
                0x0800de4c      0x170 build/tasks.o
                0x0800de4c                xTaskIncrementTick
 .text.vTaskSwitchContext
                0x0800dfbc       0xb8 build/tasks.o
                0x0800dfbc                vTaskSwitchContext
 .text.prvIdleTask
                0x0800e074       0x30 build/tasks.o
 .text.prvInitialiseTaskLists
                0x0800e0a4       0x80 build/tasks.o
 .text.prvCheckTasksWaitingTermination
                0x0800e124       0x5c build/tasks.o
 .text.prvDeleteTCB
                0x0800e180       0x5e build/tasks.o
 *fill*         0x0800e1de        0x2 
 .text.prvResetNextTaskUnblockTime
                0x0800e1e0       0x40 build/tasks.o
 .text.prvAddCurrentTaskToDelayedList
                0x0800e220       0xcc build/tasks.o
 .text.makeFreeRtosPriority
                0x0800e2ec       0x30 build/cmsis_os.o
 .text.osKernelStart
                0x0800e31c        0xe build/cmsis_os.o
                0x0800e31c                osKernelStart
 .text.osThreadCreate
                0x0800e32a       0x98 build/cmsis_os.o
                0x0800e32a                osThreadCreate
 *fill*         0x0800e3c2        0x2 
 .text.pvPortMalloc
                0x0800e3c4      0x198 build/heap_4.o
                0x0800e3c4                pvPortMalloc
 .text.vPortFree
                0x0800e55c       0xc4 build/heap_4.o
                0x0800e55c                vPortFree
 .text.prvHeapInit
                0x0800e620       0xc4 build/heap_4.o
 .text.prvInsertBlockIntoFreeList
                0x0800e6e4       0xb4 build/heap_4.o
 .text.pxPortInitialiseStack
                0x0800e798       0x68 build/port.o
                0x0800e798                pxPortInitialiseStack
 .text.prvTaskExitError
                0x0800e800       0x58 build/port.o
 *fill*         0x0800e858        0x8 
 .text.SVC_Handler
                0x0800e860       0x28 build/port.o
                0x0800e860                SVC_Handler
 .text.prvPortStartFirstTask
                0x0800e888       0x28 build/port.o
 .text.xPortStartScheduler
                0x0800e8b0      0x144 build/port.o
                0x0800e8b0                xPortStartScheduler
 .text.vPortEnterCritical
                0x0800e9f4       0x60 build/port.o
                0x0800e9f4                vPortEnterCritical
 .text.vPortExitCritical
                0x0800ea54       0x54 build/port.o
                0x0800ea54                vPortExitCritical
 *fill*         0x0800eaa8        0x8 
 .text.PendSV_Handler
                0x0800eab0       0x68 build/port.o
                0x0800eab0                PendSV_Handler
 .text.SysTick_Handler
                0x0800eb18       0x44 build/port.o
                0x0800eb18                SysTick_Handler
 .text.vPortEnableVFP
                0x0800eb5c       0x14 build/port.o
 .text.VBS_GetAvBusVoltage_V
                0x0800eb70       0x32 build/bus_voltage_sensor.o
                0x0800eb70                VBS_GetAvBusVoltage_V
 .text.Circle_Limitation
                0x0800eba2       0xde build/circle_limitation.o
                0x0800eba2                Circle_Limitation
 .text.EAC_Init
                0x0800ec80       0x38 build/enc_align_ctrl.o
                0x0800ec80                EAC_Init
 .text.EAC_StartAlignment
                0x0800ecb8       0x94 build/enc_align_ctrl.o
                0x0800ecb8                EAC_StartAlignment
 .text.EAC_Exec
                0x0800ed4c       0x60 build/enc_align_ctrl.o
                0x0800ed4c                EAC_Exec
 .text.EAC_IsAligned
                0x0800edac       0x18 build/enc_align_ctrl.o
                0x0800edac                EAC_IsAligned
 .text.EAC_SetRestartState
                0x0800edc4       0x1e build/enc_align_ctrl.o
                0x0800edc4                EAC_SetRestartState
 .text.LL_TIM_EnableCounter
                0x0800ede2       0x20 build/encoder_speed_pos_fdbk.o
 .text.LL_TIM_SetCounter
                0x0800ee02       0x1c build/encoder_speed_pos_fdbk.o
 .text.LL_TIM_GetCounter
                0x0800ee1e       0x18 build/encoder_speed_pos_fdbk.o
 .text.LL_TIM_GetDirection
                0x0800ee36       0x1c build/encoder_speed_pos_fdbk.o
 .text.LL_TIM_EnableUIFRemap
                0x0800ee52       0x20 build/encoder_speed_pos_fdbk.o
 *fill*         0x0800ee72        0x2 
 .text.LL_TIM_IC_SetFilter
                0x0800ee74       0xb4 build/encoder_speed_pos_fdbk.o
 .text.LL_TIM_ClearFlag_UPDATE
                0x0800ef28       0x1c build/encoder_speed_pos_fdbk.o
 .text.LL_TIM_EnableIT_UPDATE
                0x0800ef44       0x20 build/encoder_speed_pos_fdbk.o
 .text.LL_TIM_DisableIT_UPDATE
                0x0800ef64       0x20 build/encoder_speed_pos_fdbk.o
 .text.ENC_Init
                0x0800ef84       0xa6 build/encoder_speed_pos_fdbk.o
                0x0800ef84                ENC_Init
 .text.ENC_Clear
                0x0800f02a       0x40 build/encoder_speed_pos_fdbk.o
                0x0800f02a                ENC_Clear
 .text.ENC_CalcAvrgMecSpeedUnit
                0x0800f06a      0x24c build/encoder_speed_pos_fdbk.o
                0x0800f06a                ENC_CalcAvrgMecSpeedUnit
 *fill*         0x0800f2b6        0x2 
 .text.ENC_SetMecAngle
                0x0800f2b8       0x78 build/encoder_speed_pos_fdbk.o
                0x0800f2b8                ENC_SetMecAngle
 .text.ENC_IRQHandler
                0x0800f330       0x2c build/encoder_speed_pos_fdbk.o
                0x0800f330                ENC_IRQHandler
 .text.LL_TIM_GetCounter
                0x0800f35c       0x18 build/hall_speed_pos_fdbk.o
 .text.HALL_CalcAngle
                0x0800f374       0x7c build/hall_speed_pos_fdbk.o
                0x0800f374                HALL_CalcAngle
 .text.TC_Init  0x0800f3f0       0xda build/trajectory_ctrl.o
                0x0800f3f0                TC_Init
 .text.TC_MoveCommand
                0x0800f4ca      0x1b8 build/trajectory_ctrl.o
                0x0800f4ca                TC_MoveCommand
 .text.TC_FollowCommand
                0x0800f682       0xf6 build/trajectory_ctrl.o
                0x0800f682                TC_FollowCommand
 .text.TC_PositionRegulation
                0x0800f778       0xa0 build/trajectory_ctrl.o
                0x0800f778                TC_PositionRegulation
 .text.TC_MoveExecution
                0x0800f818      0x1ae build/trajectory_ctrl.o
                0x0800f818                TC_MoveExecution
 .text.TC_FollowExecution
                0x0800f9c6       0x54 build/trajectory_ctrl.o
                0x0800f9c6                TC_FollowExecution
 *fill*         0x0800fa1a        0x2 
 .text.TC_EncAlignmentCommand
                0x0800fa1c       0xa0 build/trajectory_ctrl.o
                0x0800fa1c                TC_EncAlignmentCommand
 .text.TC_RampCompleted
                0x0800fabc       0x3e build/trajectory_ctrl.o
                0x0800fabc                TC_RampCompleted
 *fill*         0x0800fafa        0x2 
 .text.TC_GetCurrentPosition
                0x0800fafc       0x3c build/trajectory_ctrl.o
                0x0800fafc                TC_GetCurrentPosition
 .text.TC_GetTargetPosition
                0x0800fb38       0x1e build/trajectory_ctrl.o
                0x0800fb38                TC_GetTargetPosition
 .text.TC_GetMoveDuration
                0x0800fb56       0x1e build/trajectory_ctrl.o
                0x0800fb56                TC_GetMoveDuration
 .text.TC_GetControlPositionStatus
                0x0800fb74       0x1a build/trajectory_ctrl.o
                0x0800fb74                TC_GetControlPositionStatus
 .text.TC_GetAlignmentStatus
                0x0800fb8e       0x1a build/trajectory_ctrl.o
                0x0800fb8e                TC_GetAlignmentStatus
 .text.NTC_SetFaultState
                0x0800fba8       0x40 build/ntc_temperature_sensor.o
                0x0800fba8                NTC_SetFaultState
 .text.NTC_Init
                0x0800fbe8       0x2e build/ntc_temperature_sensor.o
                0x0800fbe8                NTC_Init
 .text.NTC_Clear
                0x0800fc16       0x1a build/ntc_temperature_sensor.o
                0x0800fc16                NTC_Clear
 .text.NTC_CalcAvTemp
                0x0800fc30       0x7c build/ntc_temperature_sensor.o
                0x0800fc30                NTC_CalcAvTemp
 .text.NTC_GetAvTemp_C
                0x0800fcac       0x5a build/ntc_temperature_sensor.o
                0x0800fcac                NTC_GetAvTemp_C
 .text.PID_HandleInit
                0x0800fd06       0x3e build/pid_regulator.o
                0x0800fd06                PID_HandleInit
 .text.PID_SetKP
                0x0800fd44       0x1e build/pid_regulator.o
                0x0800fd44                PID_SetKP
 .text.PID_SetKI
                0x0800fd62       0x1e build/pid_regulator.o
                0x0800fd62                PID_SetKI
 .text.PID_GetKP
                0x0800fd80       0x1a build/pid_regulator.o
                0x0800fd80                PID_GetKP
 .text.PID_GetKI
                0x0800fd9a       0x1a build/pid_regulator.o
                0x0800fd9a                PID_GetKI
 .text.PID_SetIntegralTerm
                0x0800fdb4       0x1c build/pid_regulator.o
                0x0800fdb4                PID_SetIntegralTerm
 .text.PID_GetKPDivisorPOW2
                0x0800fdd0       0x18 build/pid_regulator.o
                0x0800fdd0                PID_GetKPDivisorPOW2
 .text.PID_SetKPDivisorPOW2
                0x0800fde8       0x2c build/pid_regulator.o
                0x0800fde8                PID_SetKPDivisorPOW2
 .text.PID_GetKIDivisorPOW2
                0x0800fe14       0x18 build/pid_regulator.o
                0x0800fe14                PID_GetKIDivisorPOW2
 .text.PID_SetKIDivisorPOW2
                0x0800fe2c       0x4c build/pid_regulator.o
                0x0800fe2c                PID_SetKIDivisorPOW2
 .text.PID_SetLowerIntegralTermLimit
                0x0800fe78       0x1c build/pid_regulator.o
                0x0800fe78                PID_SetLowerIntegralTermLimit
 .text.PID_SetUpperIntegralTermLimit
                0x0800fe94       0x1c build/pid_regulator.o
                0x0800fe94                PID_SetUpperIntegralTermLimit
 .text.PID_SetKD
                0x0800feb0       0x1e build/pid_regulator.o
                0x0800feb0                PID_SetKD
 .text.PID_GetKD
                0x0800fece       0x1a build/pid_regulator.o
                0x0800fece                PID_GetKD
 .text.PID_GetKDDivisorPOW2
                0x0800fee8       0x18 build/pid_regulator.o
                0x0800fee8                PID_GetKDDivisorPOW2
 .text.PID_SetKDDivisorPOW2
                0x0800ff00       0x2c build/pid_regulator.o
                0x0800ff00                PID_SetKDDivisorPOW2
 .text.PI_Controller
                0x0800ff2c      0x128 build/pid_regulator.o
                0x0800ff2c                PI_Controller
 .text.PID_Controller
                0x08010054       0x9e build/pid_regulator.o
                0x08010054                PID_Controller
 .text.PQD_CalcElMotorPower
                0x080100f2       0x84 build/pqd_motor_power_measurement.o
                0x080100f2                PQD_CalcElMotorPower
 .text.PQD_Clear
                0x08010176       0x1a build/pqd_motor_power_measurement.o
                0x08010176                PQD_Clear
 .text.PQD_GetAvrgElMotorPowerW
                0x08010190       0x5a build/pqd_motor_power_measurement.o
                0x08010190                PQD_GetAvrgElMotorPowerW
 .text.LL_TIM_SetTriggerOutput
                0x080101ea       0x26 build/pwm_common.o
 .text.LL_TIM_ClearFlag_CC1
                0x08010210       0x1c build/pwm_common.o
 .text.LL_TIM_IsActiveFlag_CC1
                0x0801022c       0x26 build/pwm_common.o
 .text.LL_TIM_GenerateEvent_UPDATE
                0x08010252       0x20 build/pwm_common.o
 *fill*         0x08010272        0x2 
 .text.LL_APB1_GRP1_EnableClock
                0x08010274       0x30 build/pwm_common.o
 .text.LL_APB1_GRP1_IsEnabledClock
                0x080102a4       0x2c build/pwm_common.o
 .text.LL_APB1_GRP1_DisableClock
                0x080102d0       0x28 build/pwm_common.o
 .text.startTimers
                0x080102f8       0x5a build/pwm_common.o
                0x080102f8                startTimers
 .text.waitForPolarizationEnd
                0x08010352       0x6e build/pwm_common.o
                0x08010352                waitForPolarizationEnd
 .text.RVBS_Init
                0x080103c0       0x16 build/r_divider_bus_voltage_sensor.o
                0x080103c0                RVBS_Init
 .text.RVBS_Clear
                0x080103d6       0x5a build/r_divider_bus_voltage_sensor.o
                0x080103d6                RVBS_Clear
 .text.RVBS_CalcAvVbus
                0x08010430       0xb8 build/r_divider_bus_voltage_sensor.o
                0x08010430                RVBS_CalcAvVbus
 .text.RVBS_CheckFaultState
                0x080104e8       0xa6 build/r_divider_bus_voltage_sensor.o
                0x080104e8                RVBS_CheckFaultState
 .text.REMNG_Init
                0x0801058e       0x32 build/ramp_ext_mngr.o
                0x0801058e                REMNG_Init
 .text.SPD_GetElAngle
                0x080105c0       0x1a build/speed_pos_fdbk.o
                0x080105c0                SPD_GetElAngle
 .text.SPD_GetMecAngle
                0x080105da       0x18 build/speed_pos_fdbk.o
                0x080105da                SPD_GetMecAngle
 .text.SPD_GetAvrgMecSpeedUnit
                0x080105f2       0x1a build/speed_pos_fdbk.o
                0x080105f2                SPD_GetAvrgMecSpeedUnit
 .text.SPD_GetInstElSpeedDpp
                0x0801060c       0x1a build/speed_pos_fdbk.o
                0x0801060c                SPD_GetInstElSpeedDpp
 .text.SPD_IsMecSpeedReliable
                0x08010626       0xd6 build/speed_pos_fdbk.o
                0x08010626                SPD_IsMecSpeedReliable
 .text.SPD_GetS16Speed
                0x080106fc       0x3e build/speed_pos_fdbk.o
                0x080106fc                SPD_GetS16Speed
 .text.STC_Init
                0x0801073a       0x58 build/speed_torq_ctrl.o
                0x0801073a                STC_Init
 .text.STC_SetSpeedSensor
                0x08010792       0x1c build/speed_torq_ctrl.o
                0x08010792                STC_SetSpeedSensor
 .text.STC_GetSpeedSensor
                0x080107ae       0x18 build/speed_torq_ctrl.o
                0x080107ae                STC_GetSpeedSensor
 .text.STC_Clear
                0x080107c6       0x24 build/speed_torq_ctrl.o
                0x080107c6                STC_Clear
 .text.STC_GetMecSpeedRefUnit
                0x080107ea       0x1c build/speed_torq_ctrl.o
                0x080107ea                STC_GetMecSpeedRefUnit
 .text.STC_GetTorqueRef
                0x08010806       0x1c build/speed_torq_ctrl.o
                0x08010806                STC_GetTorqueRef
 .text.STC_SetControlMode
                0x08010822       0x24 build/speed_torq_ctrl.o
                0x08010822                STC_SetControlMode
 *fill*         0x08010846        0x2 
 .text.STC_ExecRamp
                0x08010848      0x12c build/speed_torq_ctrl.o
                0x08010848                STC_ExecRamp
 .text.STC_StopRamp
                0x08010974       0x20 build/speed_torq_ctrl.o
                0x08010974                STC_StopRamp
 .text.STC_CalcTorqueReference
                0x08010994       0xb8 build/speed_torq_ctrl.o
                0x08010994                STC_CalcTorqueReference
 .text.STC_GetMecSpeedRefUnitDefault
                0x08010a4c       0x1a build/speed_torq_ctrl.o
                0x08010a4c                STC_GetMecSpeedRefUnitDefault
 .text.STC_GetDefaultIqdref
                0x08010a66       0x36 build/speed_torq_ctrl.o
                0x08010a66                STC_GetDefaultIqdref
 .text.STC_ForceSpeedReferenceToCurrentSpeed
                0x08010a9c       0x22 build/speed_torq_ctrl.o
                0x08010a9c                STC_ForceSpeedReferenceToCurrentSpeed
 .text.VSS_Init
                0x08010abe       0x16 build/virtual_speed_sensor.o
                0x08010abe                VSS_Init
 .text.VSS_Clear
                0x08010ad4       0x80 build/virtual_speed_sensor.o
                0x08010ad4                VSS_Clear
 .text.VSS_SetMecAngle
                0x08010b54       0x3a build/virtual_speed_sensor.o
                0x08010b54                VSS_SetMecAngle
 *fill*         0x08010b8e        0x2 
 .text.VSS_SetMecAcceleration
                0x08010b90      0x118 build/virtual_speed_sensor.o
                0x08010b90                VSS_SetMecAcceleration
 .text.LL_ADC_REG_SetSequencerLength
                0x08010ca8       0x26 build/r3_1_l4xx_pwm_curr_fdbk.o
 .text.LL_ADC_INJ_SetQueueMode
                0x08010cce       0x2a build/r3_1_l4xx_pwm_curr_fdbk.o
 .text.LL_ADC_Enable
                0x08010cf8       0x28 build/r3_1_l4xx_pwm_curr_fdbk.o
 .text.LL_ADC_StartCalibration
                0x08010d20       0x32 build/r3_1_l4xx_pwm_curr_fdbk.o
 .text.LL_ADC_IsCalibrationOnGoing
                0x08010d52       0x28 build/r3_1_l4xx_pwm_curr_fdbk.o
 .text.LL_ADC_INJ_StartConversion
                0x08010d7a       0x28 build/r3_1_l4xx_pwm_curr_fdbk.o
 .text.LL_ADC_INJ_StopConversion
                0x08010da2       0x28 build/r3_1_l4xx_pwm_curr_fdbk.o
 .text.LL_ADC_ClearFlag_EOC
                0x08010dca       0x1a build/r3_1_l4xx_pwm_curr_fdbk.o
 .text.LL_ADC_ClearFlag_JEOC
                0x08010de4       0x1a build/r3_1_l4xx_pwm_curr_fdbk.o
 .text.LL_ADC_ClearFlag_JEOS
                0x08010dfe       0x1a build/r3_1_l4xx_pwm_curr_fdbk.o
 .text.LL_ADC_EnableIT_JEOS
                0x08010e18       0x20 build/r3_1_l4xx_pwm_curr_fdbk.o
 .text.LL_ADC_DisableIT_EOC
                0x08010e38       0x20 build/r3_1_l4xx_pwm_curr_fdbk.o
 .text.LL_ADC_DisableIT_JEOC
                0x08010e58       0x20 build/r3_1_l4xx_pwm_curr_fdbk.o
 .text.LL_DBGMCU_APB2_GRP1_FreezePeriph
                0x08010e78       0x24 build/r3_1_l4xx_pwm_curr_fdbk.o
 .text.LL_TIM_DisableCounter
                0x08010e9c       0x20 build/r3_1_l4xx_pwm_curr_fdbk.o
 .text.LL_TIM_CC_EnableChannel
                0x08010ebc       0x22 build/r3_1_l4xx_pwm_curr_fdbk.o
 .text.LL_TIM_CC_DisableChannel
                0x08010ede       0x24 build/r3_1_l4xx_pwm_curr_fdbk.o
 .text.LL_TIM_CC_IsEnabledChannel
                0x08010f02       0x2a build/r3_1_l4xx_pwm_curr_fdbk.o
 .text.LL_TIM_OC_SetMode
                0x08010f2c       0xb8 build/r3_1_l4xx_pwm_curr_fdbk.o
 .text.LL_TIM_OC_SetCompareCH1
                0x08010fe4       0x1c build/r3_1_l4xx_pwm_curr_fdbk.o
 .text.LL_TIM_OC_SetCompareCH2
                0x08011000       0x1c build/r3_1_l4xx_pwm_curr_fdbk.o
 .text.LL_TIM_OC_SetCompareCH3
                0x0801101c       0x1c build/r3_1_l4xx_pwm_curr_fdbk.o
 .text.LL_TIM_OC_SetCompareCH4
                0x08011038       0x1c build/r3_1_l4xx_pwm_curr_fdbk.o
 .text.LL_TIM_SetTriggerOutput
                0x08011054       0x26 build/r3_1_l4xx_pwm_curr_fdbk.o
 .text.LL_TIM_EnableAllOutputs
                0x0801107a       0x20 build/r3_1_l4xx_pwm_curr_fdbk.o
 .text.LL_TIM_DisableAllOutputs
                0x0801109a       0x20 build/r3_1_l4xx_pwm_curr_fdbk.o
 .text.LL_TIM_ClearFlag_UPDATE
                0x080110ba       0x1c build/r3_1_l4xx_pwm_curr_fdbk.o
 .text.LL_TIM_IsActiveFlag_UPDATE
                0x080110d6       0x26 build/r3_1_l4xx_pwm_curr_fdbk.o
 .text.LL_TIM_ClearFlag_BRK
                0x080110fc       0x1c build/r3_1_l4xx_pwm_curr_fdbk.o
 .text.LL_TIM_ClearFlag_BRK2
                0x08011118       0x1c build/r3_1_l4xx_pwm_curr_fdbk.o
 .text.LL_TIM_EnableIT_UPDATE
                0x08011134       0x20 build/r3_1_l4xx_pwm_curr_fdbk.o
 .text.LL_TIM_DisableIT_UPDATE
                0x08011154       0x20 build/r3_1_l4xx_pwm_curr_fdbk.o
 .text.LL_TIM_EnableIT_BRK
                0x08011174       0x20 build/r3_1_l4xx_pwm_curr_fdbk.o
 .text.LL_GPIO_SetOutputPin
                0x08011194       0x1c build/r3_1_l4xx_pwm_curr_fdbk.o
 .text.LL_GPIO_ResetOutputPin
                0x080111b0       0x1c build/r3_1_l4xx_pwm_curr_fdbk.o
 .text.__LL_TIM_OC_EnablePreload
                0x080111cc       0x9c build/r3_1_l4xx_pwm_curr_fdbk.o
 .text.__LL_TIM_OC_DisablePreload
                0x08011268       0x9c build/r3_1_l4xx_pwm_curr_fdbk.o
 .text.R3_1_Init
                0x08011304       0xe4 build/r3_1_l4xx_pwm_curr_fdbk.o
                0x08011304                R3_1_Init
 .text.R3_1_SetOffsetCalib
                0x080113e8       0x46 build/r3_1_l4xx_pwm_curr_fdbk.o
                0x080113e8                R3_1_SetOffsetCalib
 .text.R3_1_GetOffsetCalib
                0x0801142e       0x3e build/r3_1_l4xx_pwm_curr_fdbk.o
                0x0801142e                R3_1_GetOffsetCalib
 .text.R3_1_CurrentReadingCalibration
                0x0801146c      0x1c0 build/r3_1_l4xx_pwm_curr_fdbk.o
                0x0801146c                R3_1_CurrentReadingCalibration
 .text.R3_1_GetPhaseCurrents
                0x0801162c      0x228 build/r3_1_l4xx_pwm_curr_fdbk.o
                0x0801162c                R3_1_GetPhaseCurrents
 .text.R3_1_HFCurrentsCalibrationAB
                0x08011854       0x84 build/r3_1_l4xx_pwm_curr_fdbk.o
                0x08011854                R3_1_HFCurrentsCalibrationAB
 .text.R3_1_HFCurrentsCalibrationC
                0x080118d8       0x70 build/r3_1_l4xx_pwm_curr_fdbk.o
                0x080118d8                R3_1_HFCurrentsCalibrationC
 .text.R3_1_TurnOnLowSides
                0x08011948       0xa2 build/r3_1_l4xx_pwm_curr_fdbk.o
                0x08011948                R3_1_TurnOnLowSides
 .text.R3_1_SwitchOnPWM
                0x080119ea      0x12c build/r3_1_l4xx_pwm_curr_fdbk.o
                0x080119ea                R3_1_SwitchOnPWM
 .text.R3_1_SwitchOffPWM
                0x08011b16       0x96 build/r3_1_l4xx_pwm_curr_fdbk.o
                0x08011b16                R3_1_SwitchOffPWM
 .text.R3_1_WriteTIMRegisters
                0x08011bac       0x84 build/r3_1_l4xx_pwm_curr_fdbk.o
                0x08011bac                R3_1_WriteTIMRegisters
 .text.R3_1_SetADCSampPointCalibration
                0x08011c30       0x3e build/r3_1_l4xx_pwm_curr_fdbk.o
                0x08011c30                R3_1_SetADCSampPointCalibration
 .text.R3_1_SetADCSampPointSectX
                0x08011c6e       0xb0 build/r3_1_l4xx_pwm_curr_fdbk.o
                0x08011c6e                R3_1_SetADCSampPointSectX
 .text.R3_1_TIMx_UP_IRQHandler
                0x08011d1e       0x5c build/r3_1_l4xx_pwm_curr_fdbk.o
                0x08011d1e                R3_1_TIMx_UP_IRQHandler
 *fill*         0x08011d7a        0x2 
 .text.R3_1_RLDetectionModeEnable
                0x08011d7c       0xec build/r3_1_l4xx_pwm_curr_fdbk.o
                0x08011d7c                R3_1_RLDetectionModeEnable
 .text.R3_1_RLDetectionModeDisable
                0x08011e68      0x15c build/r3_1_l4xx_pwm_curr_fdbk.o
                0x08011e68                R3_1_RLDetectionModeDisable
 .text.R3_1_RLDetectionModeSetDuty
                0x08011fc4       0x82 build/r3_1_l4xx_pwm_curr_fdbk.o
                0x08011fc4                R3_1_RLDetectionModeSetDuty
 *fill*         0x08012046        0x2 
 .text.R3_1_RLGetPhaseCurrents
                0x08012048       0x7c build/r3_1_l4xx_pwm_curr_fdbk.o
 .text.R3_1_RLTurnOnLowSides
                0x080120c4       0x8a build/r3_1_l4xx_pwm_curr_fdbk.o
 .text.R3_1_RLSwitchOnPWM
                0x0801214e      0x130 build/r3_1_l4xx_pwm_curr_fdbk.o
 .text.R3_1_RLTurnOnLowSidesAndStart
                0x0801227e       0xd4 build/r3_1_l4xx_pwm_curr_fdbk.o
                0x0801227e                R3_1_RLTurnOnLowSidesAndStart
 *fill*         0x08012352        0x2 
 .text.MCPA_dataLog
                0x08012354      0x2a4 build/mcpa.o
                0x08012354                MCPA_dataLog
 .text.MCPA_flushDataLog
                0x080125f8       0xb6 build/mcpa.o
                0x080125f8                MCPA_flushDataLog
 .text.MCPA_stopDataLog
                0x080126ae       0x6e build/mcpa.o
 .text.MCPA_cfgLog
                0x0801271c      0x14e build/mcpa.o
                0x0801271c                MCPA_cfgLog
 *fill*         0x0801286a        0x2 
 .text.Reset_Handler
                0x0801286c       0x50 build/startup_stm32l476xx.o
                0x0801286c                Reset_Handler
 .text.Default_Handler
                0x080128bc        0x2 build/startup_stm32l476xx.o
                0x080128bc                RTC_Alarm_IRQHandler
                0x080128bc                EXTI2_IRQHandler
                0x080128bc                TIM8_TRG_COM_IRQHandler
                0x080128bc                TIM8_CC_IRQHandler
                0x080128bc                DebugMon_Handler
                0x080128bc                TIM1_CC_IRQHandler
                0x080128bc                TSC_IRQHandler
                0x080128bc                TAMP_STAMP_IRQHandler
                0x080128bc                NMI_Handler
                0x080128bc                EXTI3_IRQHandler
                0x080128bc                LPTIM2_IRQHandler
                0x080128bc                DFSDM1_FLT1_IRQHandler
                0x080128bc                I2C3_ER_IRQHandler
                0x080128bc                DFSDM1_FLT2_IRQHandler
                0x080128bc                EXTI0_IRQHandler
                0x080128bc                I2C2_EV_IRQHandler
                0x080128bc                CAN1_RX0_IRQHandler
                0x080128bc                FPU_IRQHandler
                0x080128bc                UsageFault_Handler
                0x080128bc                SPI1_IRQHandler
                0x080128bc                TIM8_UP_IRQHandler
                0x080128bc                DMA2_Channel2_IRQHandler
                0x080128bc                DMA1_Channel4_IRQHandler
                0x080128bc                SAI2_IRQHandler
                0x080128bc                DFSDM1_FLT3_IRQHandler
                0x080128bc                USART3_IRQHandler
                0x080128bc                DMA1_Channel7_IRQHandler
                0x080128bc                CAN1_RX1_IRQHandler
                0x080128bc                LCD_IRQHandler
                0x080128bc                UART5_IRQHandler
                0x080128bc                ADC3_IRQHandler
                0x080128bc                TIM4_IRQHandler
                0x080128bc                DMA2_Channel1_IRQHandler
                0x080128bc                QUADSPI_IRQHandler
                0x080128bc                I2C1_EV_IRQHandler
                0x080128bc                UART4_IRQHandler
                0x080128bc                DMA2_Channel4_IRQHandler
                0x080128bc                RCC_IRQHandler
                0x080128bc                DMA1_Channel1_IRQHandler
                0x080128bc                Default_Handler
                0x080128bc                DMA2_Channel7_IRQHandler
                0x080128bc                TIM7_IRQHandler
                0x080128bc                SDMMC1_IRQHandler
                0x080128bc                TIM5_IRQHandler
                0x080128bc                I2C3_EV_IRQHandler
                0x080128bc                EXTI9_5_IRQHandler
                0x080128bc                RTC_WKUP_IRQHandler
                0x080128bc                PVD_PVM_IRQHandler
                0x080128bc                SPI2_IRQHandler
                0x080128bc                MemManage_Handler
                0x080128bc                CAN1_TX_IRQHandler
                0x080128bc                DMA2_Channel5_IRQHandler
                0x080128bc                DMA1_Channel5_IRQHandler
                0x080128bc                EXTI4_IRQHandler
                0x080128bc                RNG_IRQHandler
                0x080128bc                TIM1_TRG_COM_TIM17_IRQHandler
                0x080128bc                DMA1_Channel3_IRQHandler
                0x080128bc                COMP_IRQHandler
                0x080128bc                WWDG_IRQHandler
                0x080128bc                LPUART1_IRQHandler
                0x080128bc                DMA2_Channel6_IRQHandler
                0x080128bc                TIM2_IRQHandler
                0x080128bc                EXTI1_IRQHandler
                0x080128bc                DFSDM1_FLT0_IRQHandler
                0x080128bc                I2C2_ER_IRQHandler
                0x080128bc                DMA1_Channel2_IRQHandler
                0x080128bc                TIM8_BRK_IRQHandler
                0x080128bc                CAN1_SCE_IRQHandler
                0x080128bc                FLASH_IRQHandler
                0x080128bc                BusFault_Handler
                0x080128bc                USART1_IRQHandler
                0x080128bc                OTG_FS_IRQHandler
                0x080128bc                SPI3_IRQHandler
                0x080128bc                I2C1_ER_IRQHandler
                0x080128bc                FMC_IRQHandler
                0x080128bc                SWPMI1_IRQHandler
                0x080128bc                LPTIM1_IRQHandler
                0x080128bc                SAI1_IRQHandler
                0x080128bc                DMA2_Channel3_IRQHandler
 *fill*         0x080128be        0x2 
 .text.__libc_init_array
                0x080128c0       0x48 c:/programdata/chocolatey/lib/gcc-arm-embedded/tools/gcc-arm-none-eabi-10.3-2021.10/bin/../lib/gcc/arm-none-eabi/10.3.1/../../../../arm-none-eabi/lib/thumb/v7e-m+fp/hard\libc_nano.a(lib_a-init.o)
                0x080128c0                __libc_init_array
 .text.memcpy   0x08012908       0x1c c:/programdata/chocolatey/lib/gcc-arm-embedded/tools/gcc-arm-none-eabi-10.3-2021.10/bin/../lib/gcc/arm-none-eabi/10.3.1/../../../../arm-none-eabi/lib/thumb/v7e-m+fp/hard\libc_nano.a(lib_a-memcpy-stub.o)
                0x08012908                memcpy
 .text.memset   0x08012924       0x10 c:/programdata/chocolatey/lib/gcc-arm-embedded/tools/gcc-arm-none-eabi-10.3-2021.10/bin/../lib/gcc/arm-none-eabi/10.3.1/../../../../arm-none-eabi/lib/thumb/v7e-m+fp/hard\libc_nano.a(lib_a-memset.o)
                0x08012924                memset
 *(.glue_7)
 .glue_7        0x08012934        0x0 linker stubs
 *(.glue_7t)
 .glue_7t       0x08012934        0x0 linker stubs
 *(.eh_frame)
 .eh_frame      0x08012934        0x0 c:/programdata/chocolatey/lib/gcc-arm-embedded/tools/gcc-arm-none-eabi-10.3-2021.10/bin/../lib/gcc/arm-none-eabi/10.3.1/thumb/v7e-m+fp/hard/crtbegin.o
 *(.init)
 .init          0x08012934        0x4 c:/programdata/chocolatey/lib/gcc-arm-embedded/tools/gcc-arm-none-eabi-10.3-2021.10/bin/../lib/gcc/arm-none-eabi/10.3.1/thumb/v7e-m+fp/hard/crti.o
                0x08012934                _init
 .init          0x08012938        0x8 c:/programdata/chocolatey/lib/gcc-arm-embedded/tools/gcc-arm-none-eabi-10.3-2021.10/bin/../lib/gcc/arm-none-eabi/10.3.1/thumb/v7e-m+fp/hard/crtn.o
 *(.fini)
 .fini          0x08012940        0x4 c:/programdata/chocolatey/lib/gcc-arm-embedded/tools/gcc-arm-none-eabi-10.3-2021.10/bin/../lib/gcc/arm-none-eabi/10.3.1/thumb/v7e-m+fp/hard/crti.o
                0x08012940                _fini
 .fini          0x08012944        0x8 c:/programdata/chocolatey/lib/gcc-arm-embedded/tools/gcc-arm-none-eabi-10.3-2021.10/bin/../lib/gcc/arm-none-eabi/10.3.1/thumb/v7e-m+fp/hard/crtn.o
                0x08012950                . = ALIGN (0x8)
 *fill*         0x0801294c        0x4 
                0x08012950                _etext = .

.vfp11_veneer   0x08012950        0x0
 .vfp11_veneer  0x08012950        0x0 linker stubs

.v4_bx          0x08012950        0x0
 .v4_bx         0x08012950        0x0 linker stubs

.iplt           0x08012950        0x0
 .iplt          0x08012950        0x0 c:/programdata/chocolatey/lib/gcc-arm-embedded/tools/gcc-arm-none-eabi-10.3-2021.10/bin/../lib/gcc/arm-none-eabi/10.3.1/thumb/v7e-m+fp/hard/crtbegin.o

.rodata         0x08012950      0x4d0
                0x08012950                . = ALIGN (0x8)
 *(.rodata)
 .rodata        0x08012950       0x50 build/main.o
 .rodata        0x080129a0       0x10 build/mcp.o
 .rodata        0x080129b0        0x5 build/tasks.o
 *(.rodata*)
 *fill*         0x080129b5        0x3 
 .rodata.hSin_Cos_Table
                0x080129b8      0x200 build/mc_math.o
                0x080129b8                hSin_Cos_Table
 .rodata.CHANNEL_OFFSET_TAB
                0x08012bb8        0x7 build/stm32l4xx_mc_it.o
 *fill*         0x08012bbf        0x1 
 .rodata.R3_1_ParamsM1
                0x08012bc0       0x30 build/mc_parameters.o
                0x08012bc0                R3_1_ParamsM1
 .rodata.CHANNEL_OFFSET_TAB
                0x08012bf0        0x7 build/usart_aspep_driver.o
 *fill*         0x08012bf7        0x1 
 .rodata.CTL_BOARD
                0x08012bf8        0xe build/mc_configuration_registers.o
                0x08012bf8                CTL_BOARD
 *fill*         0x08012c06        0x2 
 .rodata.M1_PWR_BOARD
                0x08012c08       0x11 build/mc_configuration_registers.o
 *fill*         0x08012c19        0x3 
 .rodata.FIRMWARE_NAME
                0x08012c1c       0x14 build/mc_configuration_registers.o
                0x08012c1c                FIRMWARE_NAME
 .rodata.globalConfig_reg
                0x08012c30        0xa build/mc_configuration_registers.o
                0x08012c30                globalConfig_reg
 *fill*         0x08012c3a        0x2 
 .rodata.M1_ApplicationConfig_reg
                0x08012c3c       0x10 build/mc_configuration_registers.o
 .rodata.M1_MotorConfig_reg
                0x08012c4c       0x3c build/mc_configuration_registers.o
 .rodata.M1_FOCConfig_reg
                0x08012c88        0xe build/mc_configuration_registers.o
 *fill*         0x08012c96        0x2 
 .rodata.CRC4_Lookup8
                0x08012c98      0x100 build/aspep.o
 .rodata.CRC4_Lookup4
                0x08012d98       0x10 build/aspep.o
 .rodata.AHBPrescTable
                0x08012da8       0x10 build/system_stm32l4xx.o
                0x08012da8                AHBPrescTable
 .rodata.APBPrescTable
                0x08012db8        0x8 build/system_stm32l4xx.o
                0x08012db8                APBPrescTable
 .rodata.MSIRangeTable
                0x08012dc0       0x30 build/system_stm32l4xx.o
                0x08012dc0                MSIRangeTable
 .rodata.OFFSET_TAB_CCMRx
                0x08012df0        0x9 build/encoder_speed_pos_fdbk.o
 *fill*         0x08012df9        0x3 
 .rodata.SHIFT_TAB_ICxx
                0x08012dfc        0x9 build/encoder_speed_pos_fdbk.o
 *fill*         0x08012e05        0x3 
 .rodata.OFFSET_TAB_CCMRx
                0x08012e08        0x9 build/r3_1_l4xx_pwm_curr_fdbk.o
 *fill*         0x08012e11        0x3 
 .rodata.SHIFT_TAB_OCxx
                0x08012e14        0x9 build/r3_1_l4xx_pwm_curr_fdbk.o
                0x08012e20                . = ALIGN (0x8)
 *fill*         0x08012e1d        0x3 

.ARM.extab      0x08012e20        0x0
                0x08012e20                . = ALIGN (0x8)
 *(.ARM.extab* .gnu.linkonce.armextab.*)
                0x08012e20                . = ALIGN (0x8)

.ARM            0x08012e20        0x8
                0x08012e20                . = ALIGN (0x8)
                0x08012e20                __exidx_start = .
 *(.ARM.exidx*)
 .ARM.exidx     0x08012e20        0x8 c:/programdata/chocolatey/lib/gcc-arm-embedded/tools/gcc-arm-none-eabi-10.3-2021.10/bin/../lib/gcc/arm-none-eabi/10.3.1/thumb/v7e-m+fp/hard\libgcc.a(_udivmoddi4.o)
                0x08012e28                __exidx_end = .
                0x08012e28                . = ALIGN (0x8)

.rel.dyn        0x08012e28        0x0
 .rel.iplt      0x08012e28        0x0 c:/programdata/chocolatey/lib/gcc-arm-embedded/tools/gcc-arm-none-eabi-10.3-2021.10/bin/../lib/gcc/arm-none-eabi/10.3.1/thumb/v7e-m+fp/hard/crtbegin.o

.preinit_array  0x08012e28        0x0
                0x08012e28                . = ALIGN (0x8)
                0x08012e28                PROVIDE (__preinit_array_start = .)
 *(.preinit_array*)
                0x08012e28                PROVIDE (__preinit_array_end = .)
                0x08012e28                . = ALIGN (0x8)

.init_array     0x08012e28        0x8
                0x08012e28                . = ALIGN (0x8)
                0x08012e28                PROVIDE (__init_array_start = .)
 *(SORT_BY_NAME(.init_array.*))
 *(.init_array*)
 .init_array    0x08012e28        0x4 c:/programdata/chocolatey/lib/gcc-arm-embedded/tools/gcc-arm-none-eabi-10.3-2021.10/bin/../lib/gcc/arm-none-eabi/10.3.1/thumb/v7e-m+fp/hard/crtbegin.o
                0x08012e2c                PROVIDE (__init_array_end = .)
                0x08012e30                . = ALIGN (0x8)
 *fill*         0x08012e2c        0x4 

.fini_array     0x08012e30        0x8
                0x08012e30                . = ALIGN (0x8)
                [!provide]                PROVIDE (__fini_array_start = .)
 *(SORT_BY_NAME(.fini_array.*))
 *(.fini_array*)
 .fini_array    0x08012e30        0x4 c:/programdata/chocolatey/lib/gcc-arm-embedded/tools/gcc-arm-none-eabi-10.3-2021.10/bin/../lib/gcc/arm-none-eabi/10.3.1/thumb/v7e-m+fp/hard/crtbegin.o
                [!provide]                PROVIDE (__fini_array_end = .)
                0x08012e38                . = ALIGN (0x8)
 *fill*         0x08012e34        0x4 
                0x08012e38                _sidata = LOADADDR (.data)

.data           0x20000000      0x4d8 load address 0x08012e38
                0x20000000                . = ALIGN (0x8)
                0x20000000                _sdata = .
 *(.data)
 *(.data*)
 .data.PQD_MotorPowMeasM1
                0x20000000       0x10 build/mc_config.o
                0x20000000                PQD_MotorPowMeasM1
 .data.PIDSpeedHandle_M1
                0x20000010       0x2c build/mc_config.o
                0x20000010                PIDSpeedHandle_M1
 .data.PIDIqHandle_M1
                0x2000003c       0x2c build/mc_config.o
                0x2000003c                PIDIqHandle_M1
 .data.PIDIdHandle_M1
                0x20000068       0x2c build/mc_config.o
                0x20000068                PIDIdHandle_M1
 .data.PID_PosParamsM1
                0x20000094       0x2c build/mc_config.o
                0x20000094                PID_PosParamsM1
 .data.PosCtrlM1
                0x200000c0       0x70 build/mc_config.o
                0x200000c0                PosCtrlM1
 .data.SpeednTorqCtrlM1
                0x20000130       0x34 build/mc_config.o
                0x20000130                SpeednTorqCtrlM1
 .data.PWM_Handle_M1
                0x20000164       0xa4 build/mc_config.o
                0x20000164                PWM_Handle_M1
 .data.VirtualSpeedSensorM1
                0x20000208       0x38 build/mc_config.o
                0x20000208                VirtualSpeedSensorM1
 .data.ENCODER_M1
                0x20000240       0x80 build/mc_config.o
                0x20000240                ENCODER_M1
 .data.HALL_M1  0x200002c0       0x80 build/mc_config.o
                0x200002c0                HALL_M1
 .data.EncAlignCtrlM1
                0x20000340       0x1c build/mc_config.o
                0x20000340                EncAlignCtrlM1
 .data.TempRegConv_M1
                0x2000035c       0x10 build/mc_config.o
                0x2000035c                TempRegConv_M1
 .data.TempSensor_M1
                0x2000036c       0x1c build/mc_config.o
                0x2000036c                TempSensor_M1
 .data.VbusRegConv_M1
                0x20000388       0x10 build/mc_config.o
                0x20000388                VbusRegConv_M1
 .data.BusVoltageSensor_M1
                0x20000398       0x1c build/mc_config.o
                0x20000398                BusVoltageSensor_M1
 .data.RampExtMngrHFParamsM1
                0x200003b4       0x18 build/mc_config.o
                0x200003b4                RampExtMngrHFParamsM1
 .data.CircleLimitationM1
                0x200003cc        0x4 build/mc_config.o
                0x200003cc                CircleLimitationM1
 .data.pSTC     0x200003d0        0x4 build/mc_config.o
                0x200003d0                pSTC
 .data.pPIDIq   0x200003d4        0x4 build/mc_config.o
                0x200003d4                pPIDIq
 .data.pPIDId   0x200003d8        0x4 build/mc_config.o
                0x200003d8                pPIDId
 .data.pMPM     0x200003dc        0x4 build/mc_config.o
                0x200003dc                pMPM
 .data.pPosCtrl
                0x200003e0        0x4 build/mc_config.o
                0x200003e0                pPosCtrl
 .data.UASPEP_A
                0x200003e4       0x14 build/mcp_config.o
 .data.aspepOverUartA
                0x200003f8       0x74 build/mcp_config.o
                0x200003f8                aspepOverUartA
 .data.MCP_Over_UartA
                0x2000046c       0x10 build/mcp_config.o
                0x2000046c                MCP_Over_UartA
 .data.MCPA_UART_A
                0x2000047c       0x2c build/mcp_config.o
                0x2000047c                MCPA_UART_A
 .data.scaleParams_M1
                0x200004a8       0x10 build/mc_parameters.o
                0x200004a8                scaleParams_M1
 .data.PWR_BOARD_NAME
                0x200004b8        0x4 build/mc_configuration_registers.o
                0x200004b8                PWR_BOARD_NAME
 .data.FOCConfig_reg
                0x200004bc        0x4 build/mc_configuration_registers.o
                0x200004bc                FOCConfig_reg
 .data.MotorConfig_reg
                0x200004c0        0x4 build/mc_configuration_registers.o
                0x200004c0                MotorConfig_reg
 .data.ApplicationConfig_reg
                0x200004c4        0x4 build/mc_configuration_registers.o
                0x200004c4                ApplicationConfig_reg
 .data.uwTickPrio
                0x200004c8        0x4 build/stm32l4xx_hal.o
                0x200004c8                uwTickPrio
 .data.uwTickFreq
                0x200004cc        0x1 build/stm32l4xx_hal.o
                0x200004cc                uwTickFreq
 *fill*         0x200004cd        0x3 
 .data.SystemCoreClock
                0x200004d0        0x4 build/system_stm32l4xx.o
                0x200004d0                SystemCoreClock
 .data.uxCriticalNesting
                0x200004d4        0x4 build/port.o
                0x200004d8                . = ALIGN (0x8)
                0x200004d8                _edata = .

.igot.plt       0x200004d8        0x0 load address 0x08013310
 .igot.plt      0x200004d8        0x0 c:/programdata/chocolatey/lib/gcc-arm-embedded/tools/gcc-arm-none-eabi-10.3-2021.10/bin/../lib/gcc/arm-none-eabi/10.3.1/thumb/v7e-m+fp/hard/crtbegin.o
                0x200004d8                . = ALIGN (0x4)

.bss            0x200004d8     0x250c load address 0x08013310
                0x200004d8                _sbss = .
                0x200004d8                __bss_start__ = _sbss
 *(.bss)
 .bss           0x200004d8       0x1c c:/programdata/chocolatey/lib/gcc-arm-embedded/tools/gcc-arm-none-eabi-10.3-2021.10/bin/../lib/gcc/arm-none-eabi/10.3.1/thumb/v7e-m+fp/hard/crtbegin.o
 *(.bss*)
 .bss.hadc1     0x200004f4       0x64 build/main.o
                0x200004f4                hadc1
 .bss.hadc2     0x20000558       0x64 build/main.o
                0x20000558                hadc2
 .bss.htim1     0x200005bc       0x4c build/main.o
                0x200005bc                htim1
 .bss.htim3     0x20000608       0x4c build/main.o
                0x20000608                htim3
 .bss.htim4     0x20000654       0x4c build/main.o
                0x20000654                htim4
 .bss.huart2    0x200006a0       0x88 build/main.o
                0x200006a0                huart2
 .bss.hdma_usart2_rx
                0x20000728       0x48 build/main.o
                0x20000728                hdma_usart2_rx
 .bss.hdma_usart2_tx
                0x20000770       0x48 build/main.o
                0x20000770                hdma_usart2_tx