Archive member included to satisfy reference by file (symbol)

c:/programdata/chocolatey/lib/gcc-arm-embedded/tools/gcc-arm-none-eabi-10.3-2021.10/bin/../lib/gcc/arm-none-eabi/10.3.1/../../../../arm-none-eabi/lib/thumb/v7e-m+fp/hard\libc_nano.a(lib_a-errno.o)
                              build/sysmem.o (__errno)
c:/programdata/chocolatey/lib/gcc-arm-embedded/tools/gcc-arm-none-eabi-10.3-2021.10/bin/../lib/gcc/arm-none-eabi/10.3.1/../../../../arm-none-eabi/lib/thumb/v7e-m+fp/hard\libc_nano.a(lib_a-exit.o)
                              c:/programdata/chocolatey/lib/gcc-arm-embedded/tools/gcc-arm-none-eabi-10.3-2021.10/bin/../lib/gcc/arm-none-eabi/10.3.1/../../../../arm-none-eabi/lib/thumb/v7e-m+fp/hard/crt0.o (exit)
c:/programdata/chocolatey/lib/gcc-arm-embedded/tools/gcc-arm-none-eabi-10.3-2021.10/bin/../lib/gcc/arm-none-eabi/10.3.1/../../../../arm-none-eabi/lib/thumb/v7e-m+fp/hard\libc_nano.a(lib_a-impure.o)
                              c:/programdata/chocolatey/lib/gcc-arm-embedded/tools/gcc-arm-none-eabi-10.3-2021.10/bin/../lib/gcc/arm-none-eabi/10.3.1/../../../../arm-none-eabi/lib/thumb/v7e-m+fp/hard\libc_nano.a(lib_a-exit.o) (_global_impure_ptr)
c:/programdata/chocolatey/lib/gcc-arm-embedded/tools/gcc-arm-none-eabi-10.3-2021.10/bin/../lib/gcc/arm-none-eabi/10.3.1/../../../../arm-none-eabi/lib/thumb/v7e-m+fp/hard\libc_nano.a(lib_a-init.o)
                              c:/programdata/chocolatey/lib/gcc-arm-embedded/tools/gcc-arm-none-eabi-10.3-2021.10/bin/../lib/gcc/arm-none-eabi/10.3.1/../../../../arm-none-eabi/lib/thumb/v7e-m+fp/hard/crt0.o (__libc_init_array)
c:/programdata/chocolatey/lib/gcc-arm-embedded/tools/gcc-arm-none-eabi-10.3-2021.10/bin/../lib/gcc/arm-none-eabi/10.3.1/../../../../arm-none-eabi/lib/thumb/v7e-m+fp/hard\libc_nano.a(lib_a-memcpy-stub.o)
                              build/register_interface.o (memcpy)
c:/programdata/chocolatey/lib/gcc-arm-embedded/tools/gcc-arm-none-eabi-10.3-2021.10/bin/../lib/gcc/arm-none-eabi/10.3.1/../../../../arm-none-eabi/lib/thumb/v7e-m+fp/hard\libc_nano.a(lib_a-memset.o)
                              c:/programdata/chocolatey/lib/gcc-arm-embedded/tools/gcc-arm-none-eabi-10.3-2021.10/bin/../lib/gcc/arm-none-eabi/10.3.1/../../../../arm-none-eabi/lib/thumb/v7e-m+fp/hard/crt0.o (memset)
c:/programdata/chocolatey/lib/gcc-arm-embedded/tools/gcc-arm-none-eabi-10.3-2021.10/bin/../lib/gcc/arm-none-eabi/10.3.1/thumb/v7e-m+fp/hard\libgcc.a(_aeabi_uldivmod.o)
                              build/stm32l4xx_hal_uart.o (__aeabi_uldivmod)
c:/programdata/chocolatey/lib/gcc-arm-embedded/tools/gcc-arm-none-eabi-10.3-2021.10/bin/../lib/gcc/arm-none-eabi/10.3.1/thumb/v7e-m+fp/hard\libgcc.a(_udivmoddi4.o)
                              c:/programdata/chocolatey/lib/gcc-arm-embedded/tools/gcc-arm-none-eabi-10.3-2021.10/bin/../lib/gcc/arm-none-eabi/10.3.1/thumb/v7e-m+fp/hard\libgcc.a(_aeabi_uldivmod.o) (__udivmoddi4)
c:/programdata/chocolatey/lib/gcc-arm-embedded/tools/gcc-arm-none-eabi-10.3-2021.10/bin/../lib/gcc/arm-none-eabi/10.3.1/thumb/v7e-m+fp/hard\libgcc.a(_dvmd_tls.o)
                              c:/programdata/chocolatey/lib/gcc-arm-embedded/tools/gcc-arm-none-eabi-10.3-2021.10/bin/../lib/gcc/arm-none-eabi/10.3.1/thumb/v7e-m+fp/hard\libgcc.a(_aeabi_uldivmod.o) (__aeabi_ldiv0)

Discarded input sections

 .text          0x00000000        0x0 c:/programdata/chocolatey/lib/gcc-arm-embedded/tools/gcc-arm-none-eabi-10.3-2021.10/bin/../lib/gcc/arm-none-eabi/10.3.1/thumb/v7e-m+fp/hard/crti.o
 .data          0x00000000        0x0 c:/programdata/chocolatey/lib/gcc-arm-embedded/tools/gcc-arm-none-eabi-10.3-2021.10/bin/../lib/gcc/arm-none-eabi/10.3.1/thumb/v7e-m+fp/hard/crti.o
 .bss           0x00000000        0x0 c:/programdata/chocolatey/lib/gcc-arm-embedded/tools/gcc-arm-none-eabi-10.3-2021.10/bin/../lib/gcc/arm-none-eabi/10.3.1/thumb/v7e-m+fp/hard/crti.o
 .data          0x00000000        0x4 c:/programdata/chocolatey/lib/gcc-arm-embedded/tools/gcc-arm-none-eabi-10.3-2021.10/bin/../lib/gcc/arm-none-eabi/10.3.1/thumb/v7e-m+fp/hard/crtbegin.o
 .rodata        0x00000000       0x24 c:/programdata/chocolatey/lib/gcc-arm-embedded/tools/gcc-arm-none-eabi-10.3-2021.10/bin/../lib/gcc/arm-none-eabi/10.3.1/thumb/v7e-m+fp/hard/crtbegin.o
 .text          0x00000000       0x7c c:/programdata/chocolatey/lib/gcc-arm-embedded/tools/gcc-arm-none-eabi-10.3-2021.10/bin/../lib/gcc/arm-none-eabi/10.3.1/../../../../arm-none-eabi/lib/thumb/v7e-m+fp/hard/crt0.o
 .data          0x00000000        0x0 c:/programdata/chocolatey/lib/gcc-arm-embedded/tools/gcc-arm-none-eabi-10.3-2021.10/bin/../lib/gcc/arm-none-eabi/10.3.1/../../../../arm-none-eabi/lib/thumb/v7e-m+fp/hard/crt0.o
 .bss           0x00000000        0x0 c:/programdata/chocolatey/lib/gcc-arm-embedded/tools/gcc-arm-none-eabi-10.3-2021.10/bin/../lib/gcc/arm-none-eabi/10.3.1/../../../../arm-none-eabi/lib/thumb/v7e-m+fp/hard/crt0.o
[...]
Memory Configuration

Name             Origin             Length             Attributes
RAM              0x20000000         0x00018000         xrw
RAM2             0x10000000         0x00008000         xrw
FLASH            0x08000000         0x00100000         xr
*default*        0x00000000         0xffffffff

Linker script and memory map

LOAD c:/programdata/chocolatey/lib/gcc-arm-embedded/tools/gcc-arm-none-eabi-10.3-2021.10/bin/../lib/gcc/arm-none-eabi/10.3.1/thumb/v7e-m+fp/hard/crti.o
LOAD c:/programdata/chocolatey/lib/gcc-arm-embedded/tools/gcc-arm-none-eabi-10.3-2021.10/bin/../lib/gcc/arm-none-eabi/10.3.1/thumb/v7e-m+fp/hard/crtbegin.o
LOAD c:/programdata/chocolatey/lib/gcc-arm-embedded/tools/gcc-arm-none-eabi-10.3-2021.10/bin/../lib/gcc/arm-none-eabi/10.3.1/../../../../arm-none-eabi/lib/thumb/v7e-m+fp/hard/crt0.o
LOAD build/main.o
LOAD build/freertos.o
LOAD build/motorcontrol.o
LOAD build/mc_api.o
LOAD build/mc_config.o
LOAD build/mcp_config.o
LOAD build/mc_tasks.o
LOAD build/pwm_curr_fdbk.o
LOAD build/regular_conversion_manager.o
LOAD build/mc_math.o
LOAD build/mc_interface.o
LOAD build/stm32l4xx_mc_it.o
LOAD build/mc_parameters.o
LOAD build/register_interface.o
LOAD build/mcp.o
LOAD build/mc_perf.o
LOAD build/usart_aspep_driver.o
LOAD build/mc_configuration_registers.o
LOAD build/aspep.o
LOAD build/mc_app_hooks.o
LOAD build/stm32l4xx_it.o
LOAD build/stm32l4xx_hal_msp.o
LOAD build/stm32l4xx_hal_timebase_tim.o
LOAD build/stm32l4xx_hal_adc.o
LOAD build/stm32l4xx_hal_adc_ex.o
LOAD build/stm32l4xx_hal.o
LOAD build/stm32l4xx_hal_rcc.o
LOAD build/stm32l4xx_hal_rcc_ex.o
LOAD build/stm32l4xx_hal_flash.o
LOAD build/stm32l4xx_hal_flash_ex.o
LOAD build/stm32l4xx_hal_flash_ramfunc.o
LOAD build/stm32l4xx_hal_gpio.o
LOAD build/stm32l4xx_hal_i2c.o
LOAD build/stm32l4xx_hal_i2c_ex.o
LOAD build/stm32l4xx_hal_dma.o
LOAD build/stm32l4xx_hal_dma_ex.o
LOAD build/stm32l4xx_hal_pwr.o
LOAD build/stm32l4xx_hal_pwr_ex.o
LOAD build/stm32l4xx_hal_cortex.o
LOAD build/stm32l4xx_hal_exti.o
LOAD build/stm32l4xx_hal_tim.o
LOAD build/stm32l4xx_hal_tim_ex.o
LOAD build/stm32l4xx_hal_uart.o
LOAD build/stm32l4xx_hal_uart_ex.o
LOAD build/system_stm32l4xx.o
LOAD build/croutine.o
LOAD build/event_groups.o
LOAD build/list.o
LOAD build/queue.o
LOAD build/stream_buffer.o
LOAD build/tasks.o
LOAD build/timers.o
LOAD build/cmsis_os.o
LOAD build/heap_4.o
LOAD build/port.o
LOAD build/bus_voltage_sensor.o
LOAD build/circle_limitation.o
LOAD build/digital_output.o
LOAD build/enc_align_ctrl.o
LOAD build/encoder_speed_pos_fdbk.o
LOAD build/hall_speed_pos_fdbk.o
LOAD build/trajectory_ctrl.o
LOAD build/ntc_temperature_sensor.o
LOAD build/open_loop.o
LOAD build/pid_regulator.o
LOAD build/pqd_motor_power_measurement.o
LOAD build/pwm_common.o
LOAD build/r_divider_bus_voltage_sensor.o
LOAD build/ramp_ext_mngr.o
LOAD build/revup_ctrl.o
LOAD build/speed_pos_fdbk.o
LOAD build/speed_torq_ctrl.o
LOAD build/virtual_speed_sensor.o
LOAD build/r3_1_l4xx_pwm_curr_fdbk.o
LOAD build/mcpa.o
LOAD build/sysmem.o
LOAD build/syscalls.o
LOAD build/startup_stm32l476xx.o
LOAD c:/programdata/chocolatey/lib/gcc-arm-embedded/tools/gcc-arm-none-eabi-10.3-2021.10/bin/../lib/gcc/arm-none-eabi/10.3.1/../../../../arm-none-eabi/lib/thumb/v7e-m+fp/hard\libc_nano.a
LOAD c:/programdata/chocolatey/lib/gcc-arm-embedded/tools/gcc-arm-none-eabi-10.3-2021.10/bin/../lib/gcc/arm-none-eabi/10.3.1/../../../../arm-none-eabi/lib/thumb/v7e-m+fp/hard\libm.a
LOAD c:/programdata/chocolatey/lib/gcc-arm-embedded/tools/gcc-arm-none-eabi-10.3-2021.10/bin/../lib/gcc/arm-none-eabi/10.3.1/../../../../arm-none-eabi/lib/thumb/v7e-m+fp/hard\libnosys.a
LOAD MCSDK_v6.2.1-Full/MotorControl/libMP/libmp-IAR_ARMv7-M.a
START GROUP
LOAD c:/programdata/chocolatey/lib/gcc-arm-embedded/tools/gcc-arm-none-eabi-10.3-2021.10/bin/../lib/gcc/arm-none-eabi/10.3.1/thumb/v7e-m+fp/hard\libgcc.a
LOAD c:/programdata/chocolatey/lib/gcc-arm-embedded/tools/gcc-arm-none-eabi-10.3-2021.10/bin/../lib/gcc/arm-none-eabi/10.3.1/../../../../arm-none-eabi/lib/thumb/v7e-m+fp/hard\libc_nano.a
END GROUP
START GROUP
LOAD c:/programdata/chocolatey/lib/gcc-arm-embedded/tools/gcc-arm-none-eabi-10.3-2021.10/bin/../lib/gcc/arm-none-eabi/10.3.1/thumb/v7e-m+fp/hard\libgcc.a
LOAD c:/programdata/chocolatey/lib/gcc-arm-embedded/tools/gcc-arm-none-eabi-10.3-2021.10/bin/../lib/gcc/arm-none-eabi/10.3.1/../../../../arm-none-eabi/lib/thumb/v7e-m+fp/hard\libc_nano.a
END GROUP
LOAD c:/programdata/chocolatey/lib/gcc-arm-embedded/tools/gcc-arm-none-eabi-10.3-2021.10/bin/../lib/gcc/arm-none-eabi/10.3.1/thumb/v7e-m+fp/hard/crtend.o
LOAD c:/programdata/chocolatey/lib/gcc-arm-embedded/tools/gcc-arm-none-eabi-10.3-2021.10/bin/../lib/gcc/arm-none-eabi/10.3.1/thumb/v7e-m+fp/hard/crtn.o
                0x20018000                _estack = (ORIGIN (RAM) + LENGTH (RAM))
                0x00000200                _Min_Heap_Size = 0x200
                0x00000400                _Min_Stack_Size = 0x400

.isr_vector     0x08000000      0x188
                0x08000000                . = ALIGN (0x8)
 *(.isr_vector)
 .isr_vector    0x08000000      0x188 build/startup_stm32l476xx.o
                0x08000000                g_pfnVectors
                0x08000188                . = ALIGN (0x8)

.text           0x08000190    0x12aa0
                0x08000190                . = ALIGN (0x8)
 *(.text)
 .text          0x08000190       0x40 c:/programdata/chocolatey/lib/gcc-arm-embedded/tools/gcc-arm-none-eabi-10.3-2021.10/bin/../lib/gcc/arm-none-eabi/10.3.1/thumb/v7e-m+fp/hard/crtbegin.o
 .text          0x080001d0       0x30 c:/programdata/chocolatey/lib/gcc-arm-embedded/tools/gcc-arm-none-eabi-10.3-2021.10/bin/../lib/gcc/arm-none-eabi/10.3.1/thumb/v7e-m+fp/hard\libgcc.a(_aeabi_uldivmod.o)
                0x080001d0                __aeabi_uldivmod
 .text          0x08000200      0x2d0 c:/programdata/chocolatey/lib/gcc-arm-embedded/tools/gcc-arm-none-eabi-10.3-2021.10/bin/../lib/gcc/arm-none-eabi/10.3.1/thumb/v7e-m+fp/hard\libgcc.a(_udivmoddi4.o)
                0x08000200                __udivmoddi4
 .text          0x080004d0        0x4 c:/programdata/chocolatey/lib/gcc-arm-embedded/tools/gcc-arm-none-eabi-10.3-2021.10/bin/../lib/gcc/arm-none-eabi/10.3.1/thumb/v7e-m+fp/hard\libgcc.a(_dvmd_tls.o)
                0x080004d0                __aeabi_idiv0
                0x080004d0                __aeabi_ldiv0
 *(.text*)
 .text.main     0x080004d4       0x98 build/main.o
                0x080004d4                main
 .text.SystemClock_Config
                0x0800056c       0xa2 build/main.o
                0x0800056c                SystemClock_Config
 .text.MX_NVIC_Init
                0x0800060e       0x78 build/main.o
 *fill*         0x08000686        0x2 
 .text.MX_ADC1_Init
                0x08000688      0x1c0 build/main.o
 .text.MX_ADC2_Calibration
                0x08000848       0x20 build/main.o
 .text.MX_ADC2_Init
                0x08000868      0x114 build/main.o
 .text.MX_TIM1_Init
                0x0800097c      0x1e8 build/main.o
 .text.MX_TIM3_Init
                0x08000b64       0xac build/main.o
 .text.MX_TIM4_Init
                0x08000c10       0xe8 build/main.o
 .text.MX_USART2_UART_Init
                0x08000cf8       0x60 build/main.o
 .text.MX_DMA_Init
                0x08000d58       0x3c build/main.o
 .text.HAL_ADC_ConvCpltCallback
                0x08000d94       0x64 build/main.o
                0x08000d94                HAL_ADC_ConvCpltCallback
 .text.HAL_ADC_ConvHalfCpltCallback
                0x08000df8       0x14 build/main.o
                0x08000df8                HAL_ADC_ConvHalfCpltCallback
 .text.MX_GPIO_Init
                0x08000e0c       0xd0 build/main.o
 .text.HAL_TIM_PeriodElapsedCallback
                0x08000edc       0x28 build/main.o
                0x08000edc                HAL_TIM_PeriodElapsedCallback
 .text.Error_Handler
                0x08000f04        0xa build/main.o
                0x08000f04                Error_Handler
 *fill*         0x08000f0e        0x2 
 .text.vApplicationGetIdleTaskMemory
                0x08000f10       0x34 build/freertos.o
                0x08000f10                vApplicationGetIdleTaskMemory
 .text.MX_MotorControl_Init
                0x08000f44       0x18 build/motorcontrol.o
                0x08000f44                MX_MotorControl_Init
 .text.vPortSetupTimerInterrupt
                0x08000f5c       0x20 build/motorcontrol.o
                0x08000f5c                vPortSetupTimerInterrupt
 .text.MC_StartMotor1
                0x08000f7c       0x18 build/mc_api.o
                0x08000f7c                MC_StartMotor1
 .text.MC_StopMotor1
                0x08000f94       0x18 build/mc_api.o
                0x08000f94                MC_StopMotor1
 .text.MC_GetSTMStateMotor1
                0x08000fac       0x18 build/mc_api.o
                0x08000fac                MC_GetSTMStateMotor1
 .text.MC_ProfilerCommand
                0x08000fc4       0x20 build/mc_api.o
                0x08000fc4                MC_ProfilerCommand
 .text.LL_GPIO_LockPin
                0x08000fe4       0x38 build/mc_tasks.o
 .text.MCboot   0x0800101c      0x1b8 build/mc_tasks.o
                0x0800101c                MCboot
 .text.MC_RunMotorControlTasks
                0x080011d4       0x1c build/mc_tasks.o
                0x080011d4                MC_RunMotorControlTasks
 .text.TSK_MF_StopProcessing
                0x080011f0       0x4c build/mc_tasks.o
                0x080011f0                TSK_MF_StopProcessing
 .text.MC_Scheduler
                0x0800123c       0xd8 build/mc_tasks.o
                0x0800123c                MC_Scheduler
 .text.TSK_MediumFrequencyTaskM1
                0x08001314      0x40c build/mc_tasks.o
                0x08001314                TSK_MediumFrequencyTaskM1
 .text.FOC_Clear
                0x08001720      0x13c build/mc_tasks.o
                0x08001720                FOC_Clear
 .text.FOC_InitAdditionalMethods
                0x0800185c       0x16 build/mc_tasks.o
                0x0800185c                FOC_InitAdditionalMethods
 *fill*         0x08001872        0x2 
 .text.FOC_CalcCurrRef
                0x08001874       0x78 build/mc_tasks.o
                0x08001874                FOC_CalcCurrRef
 .text.TSK_SetChargeBootCapDelayM1
                0x080018ec       0x20 build/mc_tasks.o
                0x080018ec                TSK_SetChargeBootCapDelayM1
 .text.TSK_ChargeBootCapDelayHasElapsedM1
                0x0800190c       0x2c build/mc_tasks.o
                0x0800190c                TSK_ChargeBootCapDelayHasElapsedM1
 .text.TSK_SetStopPermanencyTimeM1
                0x08001938       0x20 build/mc_tasks.o
                0x08001938                TSK_SetStopPermanencyTimeM1
 .text.TSK_StopPermanencyTimeHasElapsedM1
                0x08001958       0x2c build/mc_tasks.o
                0x08001958                TSK_StopPermanencyTimeHasElapsedM1
 .text.TSK_HighFrequencyTask
                0x08001984       0x70 build/mc_tasks.o
                0x08001984                TSK_HighFrequencyTask
 .text.FOC_CurrControllerM1
                0x080019f4      0x110 build/mc_tasks.o
 .text.TSK_SafetyTask
                0x08001b04       0x20 build/mc_tasks.o
                0x08001b04                TSK_SafetyTask
 .text.TSK_SafetyTask_PWMOFF
                0x08001b24      0x14c build/mc_tasks.o
                0x08001b24                TSK_SafetyTask_PWMOFF
 .text.TSK_HardwareFaultTask
                0x08001c70       0x18 build/mc_tasks.o
                0x08001c70                TSK_HardwareFaultTask
 .text.startMediumFrequencyTask
                0x08001c88       0x14 build/mc_tasks.o
                0x08001c88                startMediumFrequencyTask
 .text.StartSafetyTask
                0x08001c9c       0x14 build/mc_tasks.o
                0x08001c9c                StartSafetyTask
 .text.UI_HandleStartStopButton_cb
                0x08001cb0       0x1c build/mc_tasks.o
                0x08001cb0                UI_HandleStartStopButton_cb
 .text.mc_lock_pins
                0x08001ccc       0x9c build/mc_tasks.o
                0x08001ccc                mc_lock_pins
 .text.LL_GPIO_ResetOutputPin
                0x08001d68       0x1c build/pwm_curr_fdbk.o
 .text.PWMC_GetPhaseCurrents
                0x08001d84       0x1c build/pwm_curr_fdbk.o
                0x08001d84                PWMC_GetPhaseCurrents
 .text.PWMC_SetPhaseVoltage
                0x08001da0      0x54e build/pwm_curr_fdbk.o
                0x08001da0                PWMC_SetPhaseVoltage
 .text.PWMC_SwitchOffPWM
                0x080022ee       0x18 build/pwm_curr_fdbk.o
                0x080022ee                PWMC_SwitchOffPWM
 .text.PWMC_SwitchOnPWM
                0x08002306       0x18 build/pwm_curr_fdbk.o
                0x08002306                PWMC_SwitchOnPWM
 .text.PWMC_CurrentReadingCalibr
                0x0800231e       0x70 build/pwm_curr_fdbk.o
                0x0800231e                PWMC_CurrentReadingCalibr
 .text.PWMC_DP_Handler
                0x0800238e       0x70 build/pwm_curr_fdbk.o
                0x0800238e                PWMC_DP_Handler
 .text.PWMC_OVP_Handler
                0x080023fe       0x3a build/pwm_curr_fdbk.o
                0x080023fe                PWMC_OVP_Handler
 .text.PWMC_IsFaultOccurred
                0x08002438       0x64 build/pwm_curr_fdbk.o
                0x08002438                PWMC_IsFaultOccurred
 .text.LL_ADC_REG_SetSequencerLength
                0x0800249c       0x26 build/regular_conversion_manager.o
 .text.LL_ADC_REG_SetSequencerRanks
                0x080024c2       0x58 build/regular_conversion_manager.o
 .text.LL_ADC_SetChannelSamplingTime
                0x0800251a       0x56 build/regular_conversion_manager.o
 .text.LL_ADC_Enable
                0x08002570       0x28 build/regular_conversion_manager.o
 .text.LL_ADC_IsEnabled
                0x08002598       0x26 build/regular_conversion_manager.o
 .text.LL_ADC_REG_StartConversion
                0x080025be       0x28 build/regular_conversion_manager.o
 .text.LL_ADC_REG_ReadConversionData12
                0x080025e6       0x1a build/regular_conversion_manager.o
 .text.LL_ADC_IsActiveFlag_EOC
                0x08002600       0x26 build/regular_conversion_manager.o
 .text.LL_ADC_ClearFlag_EOC
                0x08002626       0x1a build/regular_conversion_manager.o
 .text.LL_ADC_ClearFlag_JEOC
                0x08002640       0x1a build/regular_conversion_manager.o
 .text.LL_ADC_DisableIT_EOC
                0x0800265a       0x20 build/regular_conversion_manager.o
 .text.LL_ADC_DisableIT_JEOC
                0x0800267a       0x20 build/regular_conversion_manager.o
 *fill*         0x0800269a        0x2 
 .text.RCM_RegisterRegConv
                0x0800269c      0x150 build/regular_conversion_manager.o
                0x0800269c                RCM_RegisterRegConv
 .text.RCM_ExecRegularConv
                0x080027ec      0x100 build/regular_conversion_manager.o
                0x080027ec                RCM_ExecRegularConv
 .text.RCM_ExecUserConv
                0x080028ec       0x80 build/regular_conversion_manager.o
                0x080028ec                RCM_ExecUserConv
 .text.MCM_Clarke
                0x0800296c       0x94 build/mc_math.o
                0x0800296c                MCM_Clarke
 .text.MCM_Park
                0x08002a00       0xf0 build/mc_math.o
                0x08002a00                MCM_Park
 .text.MCM_Rev_Park
                0x08002af0       0x84 build/mc_math.o
                0x08002af0                MCM_Rev_Park
 .text.MCM_Trig_Functions
                0x08002b74      0x114 build/mc_math.o
                0x08002b74                MCM_Trig_Functions
 .text.MCM_Sqrt
                0x08002c88       0x72 build/mc_math.o
                0x08002c88                MCM_Sqrt
 .text.MCI_Init
                0x08002cfa       0x6e build/mc_interface.o
                0x08002cfa                MCI_Init
 .text.MCI_ExecSpeedRamp
                0x08002d68       0x3e build/mc_interface.o
                0x08002d68                MCI_ExecSpeedRamp
 .text.MCI_ExecTorqueRamp
                0x08002da6       0x3e build/mc_interface.o
                0x08002da6                MCI_ExecTorqueRamp
 .text.MCI_SetCurrentReferences
                0x08002de4       0x3c build/mc_interface.o
                0x08002de4                MCI_SetCurrentReferences
 .text.MCI_ExecPositionCommand
                0x08002e20       0x94 build/mc_interface.o
                0x08002e20                MCI_ExecPositionCommand
 .text.MCI_StartMotor
                0x08002eb4       0x4e build/mc_interface.o
                0x08002eb4                MCI_StartMotor
 .text.MCI_StartWithPolarizationMotor
                0x08002f02       0x58 build/mc_interface.o
                0x08002f02                MCI_StartWithPolarizationMotor
 .text.MCI_StopMotor
                0x08002f5a       0x60 build/mc_interface.o
                0x08002f5a                MCI_StopMotor
 .text.MCI_FaultAcknowledged
                0x08002fba       0x40 build/mc_interface.o
                0x08002fba                MCI_FaultAcknowledged
 .text.MCI_FaultProcessing
                0x08002ffa       0x48 build/mc_interface.o
                0x08002ffa                MCI_FaultProcessing
 .text.MCI_ExecBufferedCommands
                0x08003042       0xcc build/mc_interface.o
                0x08003042                MCI_ExecBufferedCommands
 .text.MCI_GetSTMState
                0x0800310e       0x1a build/mc_interface.o
                0x0800310e                MCI_GetSTMState
 .text.MCI_GetCurrentPosition
                0x08003128       0x20 build/mc_interface.o
                0x08003128                MCI_GetCurrentPosition
 .text.MCI_GetOccurredFaults
                0x08003148       0x18 build/mc_interface.o
                0x08003148                MCI_GetOccurredFaults
 .text.MCI_GetCurrentFaults
                0x08003160       0x18 build/mc_interface.o
                0x08003160                MCI_GetCurrentFaults
 .text.MCI_GetFaultState
                0x08003178       0x28 build/mc_interface.o
                0x08003178                MCI_GetFaultState
 .text.MCI_GetControlMode
                0x080031a0       0x1a build/mc_interface.o
                0x080031a0                MCI_GetControlMode
 .text.MCI_GetLastRampFinalSpeed
                0x080031ba       0x1a build/mc_interface.o
                0x080031ba                MCI_GetLastRampFinalSpeed
 .text.MCI_GetLastRampFinalTorque
                0x080031d4       0x1a build/mc_interface.o
                0x080031d4                MCI_GetLastRampFinalTorque
 .text.MCI_GetLastRampFinalDuration
                0x080031ee       0x18 build/mc_interface.o
                0x080031ee                MCI_GetLastRampFinalDuration
 .text.MCI_StopRamp
                0x08003206       0x1a build/mc_interface.o
                0x08003206                MCI_StopRamp
 .text.MCI_GetAvrgMecSpeedUnit
                0x08003220       0x2a build/mc_interface.o
                0x08003220                MCI_GetAvrgMecSpeedUnit
 .text.MCI_GetMecSpeedRefUnit
                0x0800324a       0x1c build/mc_interface.o
                0x0800324a                MCI_GetMecSpeedRefUnit
 .text.MCI_GetIab
                0x08003266       0x2e build/mc_interface.o
                0x08003266                MCI_GetIab
 .text.MCI_GetIalphabeta
                0x08003294       0x30 build/mc_interface.o
                0x08003294                MCI_GetIalphabeta
 .text.MCI_GetIqd
                0x080032c4       0x30 build/mc_interface.o
                0x080032c4                MCI_GetIqd
 .text.MCI_GetIqdref
                0x080032f4       0x30 build/mc_interface.o
                0x080032f4                MCI_GetIqdref
 .text.MCI_GetVqd
                0x08003324       0x30 build/mc_interface.o
                0x08003324                MCI_GetVqd
 .text.MCI_GetValphabeta
                0x08003354       0x30 build/mc_interface.o
                0x08003354                MCI_GetValphabeta
 .text.MCI_GetTeref
                0x08003384       0x1c build/mc_interface.o
                0x08003384                MCI_GetTeref
 .text.MCI_Clear_Iqdref
                0x080033a0       0x2a build/mc_interface.o
                0x080033a0                MCI_Clear_Iqdref
 .text.MCI_Clear_PerfMeasure
                0x080033ca       0x22 build/mc_interface.o
                0x080033ca                MCI_Clear_PerfMeasure
 .text.LL_ADC_IsActiveFlag_JEOS
                0x080033ec       0x26 build/stm32l4xx_mc_it.o
 .text.LL_ADC_ClearFlag_JEOS
                0x08003412       0x1a build/stm32l4xx_mc_it.o
 .text.LL_TIM_ClearFlag_UPDATE
                0x0800342c       0x1c build/stm32l4xx_mc_it.o
 .text.LL_TIM_IsActiveFlag_UPDATE
                0x08003448       0x26 build/stm32l4xx_mc_it.o
 .text.LL_TIM_ClearFlag_BRK
                0x0800346e       0x1c build/stm32l4xx_mc_it.o
 .text.LL_TIM_IsActiveFlag_BRK
                0x0800348a       0x26 build/stm32l4xx_mc_it.o
 .text.LL_TIM_ClearFlag_BRK2
                0x080034b0       0x1c build/stm32l4xx_mc_it.o
 .text.LL_TIM_IsActiveFlag_BRK2
                0x080034cc       0x28 build/stm32l4xx_mc_it.o
 .text.LL_TIM_IsEnabledIT_UPDATE
                0x080034f4       0x26 build/stm32l4xx_mc_it.o
 .text.LL_USART_IsActiveFlag_FE
                0x0800351a       0x26 build/stm32l4xx_mc_it.o
 .text.LL_USART_IsActiveFlag_NE
                0x08003540       0x26 build/stm32l4xx_mc_it.o
 .text.LL_USART_IsActiveFlag_ORE
                0x08003566       0x26 build/stm32l4xx_mc_it.o
 .text.LL_USART_IsActiveFlag_IDLE
                0x0800358c       0x26 build/stm32l4xx_mc_it.o
 .text.LL_USART_IsActiveFlag_TC
                0x080035b2       0x26 build/stm32l4xx_mc_it.o
 .text.LL_USART_ClearFlag_TC
                0x080035d8       0x1a build/stm32l4xx_mc_it.o
 .text.LL_USART_EnableIT_IDLE
                0x080035f2       0x42 build/stm32l4xx_mc_it.o
 .text.LL_USART_EnableIT_ERROR
                0x08003634       0x46 build/stm32l4xx_mc_it.o
 .text.LL_USART_DisableIT_IDLE
                0x0800367a       0x42 build/stm32l4xx_mc_it.o
 .text.LL_USART_DisableIT_ERROR
                0x080036bc       0x46 build/stm32l4xx_mc_it.o
 .text.LL_USART_IsEnabledIT_IDLE
                0x08003702       0x26 build/stm32l4xx_mc_it.o
 .text.LL_USART_IsEnabledIT_ERROR
                0x08003728       0x26 build/stm32l4xx_mc_it.o
 .text.LL_USART_EnableDMAReq_RX
                0x0800374e       0x46 build/stm32l4xx_mc_it.o
 .text.LL_USART_DisableDMAReq_RX
                0x08003794       0x46 build/stm32l4xx_mc_it.o
 .text.LL_USART_ReceiveData8
                0x080037da       0x1c build/stm32l4xx_mc_it.o
 *fill*         0x080037f6        0x2 
 .text.LL_DMA_DisableChannel
                0x080037f8       0x44 build/stm32l4xx_mc_it.o
 .text.LL_DMA_ClearFlag_TC
                0x0800383c       0x28 build/stm32l4xx_mc_it.o
 .text.LL_DMA_IsActiveFlag_TC
                0x08003864       0x44 build/stm32l4xx_mc_it.o
 .text.LL_EXTI_ReadFlag_0_31
                0x080038a8       0x20 build/stm32l4xx_mc_it.o
 .text.LL_EXTI_ClearFlag_0_31
                0x080038c8       0x20 build/stm32l4xx_mc_it.o
 .text.ADC1_2_IRQHandler
                0x080038e8       0x24 build/stm32l4xx_mc_it.o
                0x080038e8                ADC1_2_IRQHandler
 .text.TIM1_UP_TIM16_IRQHandler
                0x0800390c       0x1c build/stm32l4xx_mc_it.o
                0x0800390c                TIM1_UP_TIM16_IRQHandler
 .text.TIM1_BRK_TIM15_IRQHandler
                0x08003928       0x48 build/stm32l4xx_mc_it.o
                0x08003928                TIM1_BRK_TIM15_IRQHandler
 .text.TIM3_IRQHandler
                0x08003970       0x3c build/stm32l4xx_mc_it.o
                0x08003970                TIM3_IRQHandler
 .text.DMA1_Channel6_IRQHandler
                0x080039ac       0x2c build/stm32l4xx_mc_it.o
                0x080039ac                DMA1_Channel6_IRQHandler
 .text.USART2_IRQHandler
                0x080039d8       0xb4 build/stm32l4xx_mc_it.o
                0x080039d8                USART2_IRQHandler
 .text.HardFault_Handler
                0x08003a8c        0xa build/stm32l4xx_mc_it.o
                0x08003a8c                HardFault_Handler
 .text.EXTI15_10_IRQHandler
                0x08003a96       0x22 build/stm32l4xx_mc_it.o
                0x08003a96                EXTI15_10_IRQHandler
 .text.RI_SetRegisterGlobal
                0x08003ab8      0x1bc build/register_interface.o
                0x08003ab8                RI_SetRegisterGlobal
 .text.RI_SetRegisterMotor1
                0x08003c74      0x7c0 build/register_interface.o
                0x08003c74                RI_SetRegisterMotor1
 .text.RI_GetRegisterGlobal
                0x08004434      0x278 build/register_interface.o
                0x08004434                RI_GetRegisterGlobal
 .text.RI_GetRegisterMotor1
                0x080046ac      0xb28 build/register_interface.o
                0x080046ac                RI_GetRegisterMotor1
 .text.RI_MovString
                0x080051d4       0x7c build/register_interface.o
                0x080051d4                RI_MovString
 .text.RI_GetIDSize
                0x08005250       0x4e build/register_interface.o
                0x08005250                RI_GetIDSize
 *fill*         0x0800529e        0x2 
 .text.RI_GetPtrReg
                0x080052a0      0x1c8 build/register_interface.o
                0x080052a0                RI_GetPtrReg
 .text.RI_SetRegCommandParser
                0x08005468      0x15c build/mcp.o
                0x08005468                RI_SetRegCommandParser
 .text.RI_GetRegCommandParser
                0x080055c4       0xf4 build/mcp.o
                0x080055c4                RI_GetRegCommandParser
 .text.MCP_ReceivedPacket
                0x080056b8      0x3a8 build/mcp.o
                0x080056b8                MCP_ReceivedPacket
 .text.MC_Perf_Measure_Init
                0x08005a60       0x88 build/mc_perf.o
                0x08005a60                MC_Perf_Measure_Init
 .text.MC_Perf_Clear
                0x08005ae8       0x52 build/mc_perf.o
                0x08005ae8                MC_Perf_Clear
 *fill*         0x08005b3a        0x2 
 .text.MC_Perf_Measure_Start
                0x08005b3c       0x30 build/mc_perf.o
                0x08005b3c                MC_Perf_Measure_Start
 .text.MC_BG_Perf_Measure_Start
                0x08005b6c       0x3c build/mc_perf.o
                0x08005b6c                MC_BG_Perf_Measure_Start
 .text.MC_Perf_Measure_Stop
                0x08005ba8       0x94 build/mc_perf.o
                0x08005ba8                MC_Perf_Measure_Stop
 .text.MC_BG_Perf_Measure_Stop
                0x08005c3c       0x9c build/mc_perf.o
                0x08005c3c                MC_BG_Perf_Measure_Stop
 .text.MC_Perf_GetCPU_Load
                0x08005cd8       0xb0 build/mc_perf.o
                0x08005cd8                MC_Perf_GetCPU_Load
 .text.MC_Perf_GetMaxCPU_Load
                0x08005d88       0xb0 build/mc_perf.o
                0x08005d88                MC_Perf_GetMaxCPU_Load
 .text.MC_Perf_GetMinCPU_Load
                0x08005e38       0xc4 build/mc_perf.o
                0x08005e38                MC_Perf_GetMinCPU_Load
 .text.LL_USART_ClearFlag_IDLE
                0x08005efc       0x1a build/usart_aspep_driver.o
 .text.LL_USART_ClearFlag_TC
                0x08005f16       0x1a build/usart_aspep_driver.o
 .text.LL_USART_EnableIT_IDLE
                0x08005f30       0x42 build/usart_aspep_driver.o
 .text.LL_USART_EnableIT_TC
                0x08005f72       0x42 build/usart_aspep_driver.o
 .text.LL_USART_EnableIT_ERROR
                0x08005fb4       0x46 build/usart_aspep_driver.o
 .text.LL_USART_EnableDMAReq_RX
                0x08005ffa       0x46 build/usart_aspep_driver.o
 .text.LL_USART_EnableDMAReq_TX
                0x08006040       0x46 build/usart_aspep_driver.o
 *fill*         0x08006086        0x2 
 .text.LL_DMA_EnableChannel
                0x08006088       0x44 build/usart_aspep_driver.o
 .text.LL_DMA_DisableChannel
                0x080060cc       0x44 build/usart_aspep_driver.o
 .text.LL_DMA_IsEnabledChannel
                0x08006110       0x3c build/usart_aspep_driver.o
 .text.LL_DMA_SetDataLength
                0x0800614c       0x4c build/usart_aspep_driver.o
 .text.LL_DMA_SetMemoryAddress
                0x08006198       0x34 build/usart_aspep_driver.o
 .text.LL_DMA_SetPeriphAddress
                0x080061cc       0x34 build/usart_aspep_driver.o
 .text.LL_DMA_EnableIT_TC
                0x08006200       0x44 build/usart_aspep_driver.o
 .text.UASPEP_INIT
                0x08006244       0x20 build/usart_aspep_driver.o
                0x08006244                UASPEP_INIT
 .text.UASPEP_DAMCONFIG_TX
                0x08006264       0x4c build/usart_aspep_driver.o
                0x08006264                UASPEP_DAMCONFIG_TX
 .text.UASPEP_DAMCONFIG_RX
                0x080062b0       0x52 build/usart_aspep_driver.o
                0x080062b0                UASPEP_DAMCONFIG_RX
 .text.UASPEP_SEND_PACKET
                0x08006302       0x6c build/usart_aspep_driver.o
                0x08006302                UASPEP_SEND_PACKET
 .text.UASPEP_RECEIVE_BUFFER
                0x0800636e       0x5a build/usart_aspep_driver.o
                0x0800636e                UASPEP_RECEIVE_BUFFER
 .text.UASPEP_IDLE_ENABLE
                0x080063c8       0x28 build/usart_aspep_driver.o
                0x080063c8                UASPEP_IDLE_ENABLE
 .text.ASPEP_ComputeHeaderCRC
                0x080063f0       0x8c build/aspep.o
 .text.ASPEP_CheckHeaderCRC
                0x0800647c       0x78 build/aspep.o
 .text.ASPEP_start
                0x080064f4       0x46 build/aspep.o
                0x080064f4                ASPEP_start
 .text.ASPEP_sendBeacon
                0x0800653a       0x56 build/aspep.o
                0x0800653a                ASPEP_sendBeacon
 .text.ASPEP_sendNack
                0x08006590       0x3c build/aspep.o
 .text.ASPEP_sendPing
                0x080065cc       0x70 build/aspep.o
                0x080065cc                ASPEP_sendPing
 .text.ASPEP_getBuffer
                0x0800663c       0xb6 build/aspep.o
                0x0800663c                ASPEP_getBuffer
 .text.ASPEP_CheckBeacon
                0x080066f2       0xfa build/aspep.o
 .text.ASPEP_sendPacket
                0x080067ec       0xc0 build/aspep.o
                0x080067ec                ASPEP_sendPacket
 .text.ASPEP_TXframeProcess
                0x080068ac      0x10c build/aspep.o
 .text.ASPEP_HWDataTransmittedIT
                0x080069b8      0x104 build/aspep.o
                0x080069b8                ASPEP_HWDataTransmittedIT
 .text.ASPEP_RXframeProcess
                0x08006abc      0x1fc build/aspep.o
                0x08006abc                ASPEP_RXframeProcess
 .text.ASPEP_HWDataReceivedIT
                0x08006cb8       0xf0 build/aspep.o
                0x08006cb8                ASPEP_HWDataReceivedIT
 .text.ASPEP_HWDMAReset
                0x08006da8       0x2a build/aspep.o
                0x08006da8                ASPEP_HWDMAReset
 .text.MC_APP_BootHook
                0x08006dd2        0xe build/mc_app_hooks.o
                0x08006dd2                MC_APP_BootHook
 .text.MC_APP_PostMediumFrequencyHook_M1
                0x08006de0        0xe build/mc_app_hooks.o
                0x08006de0                MC_APP_PostMediumFrequencyHook_M1
 *fill*         0x08006dee        0x2 
 .text.DMA1_Channel2_IRQHandler
                0x08006df0       0x14 build/stm32l4xx_it.o
                0x08006df0                DMA1_Channel2_IRQHandler
 .text.TIM4_IRQHandler
                0x08006e04       0x14 build/stm32l4xx_it.o
                0x08006e04                TIM4_IRQHandler
 .text.TIM6_DAC_IRQHandler
                0x08006e18       0x14 build/stm32l4xx_it.o
                0x08006e18                TIM6_DAC_IRQHandler
 .text.HAL_MspInit
                0x08006e2c       0x50 build/stm32l4xx_hal_msp.o
                0x08006e2c                HAL_MspInit
 .text.HAL_ADC_MspInit
                0x08006e7c      0x22c build/stm32l4xx_hal_msp.o
                0x08006e7c                HAL_ADC_MspInit
 .text.HAL_TIM_Base_MspInit
                0x080070a8       0xc0 build/stm32l4xx_hal_msp.o
                0x080070a8                HAL_TIM_Base_MspInit
 .text.HAL_TIM_Encoder_MspInit
                0x08007168       0x88 build/stm32l4xx_hal_msp.o
                0x08007168                HAL_TIM_Encoder_MspInit
 .text.HAL_TIM_MspPostInit
                0x080071f0       0x70 build/stm32l4xx_hal_msp.o
                0x080071f0                HAL_TIM_MspPostInit
 .text.HAL_UART_MspInit
                0x08007260      0x170 build/stm32l4xx_hal_msp.o
                0x08007260                HAL_UART_MspInit
 .text.HAL_InitTick
                0x080073d0       0xf4 build/stm32l4xx_hal_timebase_tim.o
                0x080073d0                HAL_InitTick
 .text.LL_ADC_SetCommonClock
                0x080074c4       0x26 build/stm32l4xx_hal_adc.o
 .text.LL_ADC_SetCommonPathInternalCh
                0x080074ea       0x26 build/stm32l4xx_hal_adc.o
 .text.LL_ADC_GetCommonPathInternalCh
                0x08007510       0x1c build/stm32l4xx_hal_adc.o
 .text.LL_ADC_SetOffset
                0x0800752c       0x48 build/stm32l4xx_hal_adc.o
 .text.LL_ADC_GetOffsetChannel
                0x08007574       0x2c build/stm32l4xx_hal_adc.o
 .text.LL_ADC_SetOffsetState
                0x080075a0       0x36 build/stm32l4xx_hal_adc.o
 .text.LL_ADC_REG_IsTriggerSourceSWStart
                0x080075d6       0x26 build/stm32l4xx_hal_adc.o
 .text.LL_ADC_REG_SetSequencerRanks
                0x080075fc       0x58 build/stm32l4xx_hal_adc.o
 .text.LL_ADC_SetChannelSamplingTime
                0x08007654       0x56 build/stm32l4xx_hal_adc.o
 *fill*         0x080076aa        0x2 
 .text.LL_ADC_SetChannelSingleDiff
                0x080076ac       0x48 build/stm32l4xx_hal_adc.o
 .text.LL_ADC_GetMultimode
                0x080076f4       0x1c build/stm32l4xx_hal_adc.o
 .text.LL_ADC_DisableDeepPowerDown
                0x08007710       0x24 build/stm32l4xx_hal_adc.o
 .text.LL_ADC_IsDeepPowerDownEnabled
                0x08007734       0x28 build/stm32l4xx_hal_adc.o
 .text.LL_ADC_EnableInternalRegulator
                0x0800775c       0x28 build/stm32l4xx_hal_adc.o
 .text.LL_ADC_IsInternalRegulatorEnabled
                0x08007784       0x28 build/stm32l4xx_hal_adc.o
 .text.LL_ADC_Enable
                0x080077ac       0x28 build/stm32l4xx_hal_adc.o
 .text.LL_ADC_Disable
                0x080077d4       0x28 build/stm32l4xx_hal_adc.o
 .text.LL_ADC_IsEnabled
                0x080077fc       0x26 build/stm32l4xx_hal_adc.o
 .text.LL_ADC_IsDisableOngoing
                0x08007822       0x26 build/stm32l4xx_hal_adc.o
 .text.LL_ADC_REG_StartConversion
                0x08007848       0x28 build/stm32l4xx_hal_adc.o
 .text.LL_ADC_REG_IsConversionOngoing
                0x08007870       0x26 build/stm32l4xx_hal_adc.o
 .text.LL_ADC_INJ_IsConversionOngoing
                0x08007896       0x26 build/stm32l4xx_hal_adc.o
 .text.HAL_ADC_Init
                0x080078bc      0x2a0 build/stm32l4xx_hal_adc.o
                0x080078bc                HAL_ADC_Init
 .text.HAL_ADC_Start_DMA
                0x08007b5c      0x178 build/stm32l4xx_hal_adc.o
                0x08007b5c                HAL_ADC_Start_DMA
 .text.HAL_ADC_ErrorCallback
                0x08007cd4       0x14 build/stm32l4xx_hal_adc.o
                0x08007cd4                HAL_ADC_ErrorCallback
 .text.HAL_ADC_ConfigChannel
                0x08007ce8      0x7e4 build/stm32l4xx_hal_adc.o
                0x08007ce8                HAL_ADC_ConfigChannel
 .text.ADC_Enable
                0x080084cc      0x10c build/stm32l4xx_hal_adc.o
                0x080084cc                ADC_Enable
 .text.ADC_Disable
                0x080085d8       0xbe build/stm32l4xx_hal_adc.o
                0x080085d8                ADC_Disable
 .text.ADC_DMAConvCplt
                0x08008696       0xd8 build/stm32l4xx_hal_adc.o
                0x08008696                ADC_DMAConvCplt
 .text.ADC_DMAHalfConvCplt
                0x0800876e       0x1c build/stm32l4xx_hal_adc.o
                0x0800876e                ADC_DMAHalfConvCplt
 .text.ADC_DMAError
                0x0800878a       0x34 build/stm32l4xx_hal_adc.o
                0x0800878a                ADC_DMAError
 .text.LL_ADC_SetCommonPathInternalCh
                0x080087be       0x26 build/stm32l4xx_hal_adc_ex.o
 .text.LL_ADC_GetCommonPathInternalCh
                0x080087e4       0x1c build/stm32l4xx_hal_adc_ex.o
 .text.LL_ADC_SetOffset
                0x08008800       0x48 build/stm32l4xx_hal_adc_ex.o
 .text.LL_ADC_GetOffsetChannel
                0x08008848       0x2c build/stm32l4xx_hal_adc_ex.o
 .text.LL_ADC_SetOffsetState
                0x08008874       0x36 build/stm32l4xx_hal_adc_ex.o
 .text.LL_ADC_INJ_SetQueueMode
                0x080088aa       0x2a build/stm32l4xx_hal_adc_ex.o
 .text.LL_ADC_SetChannelSamplingTime
                0x080088d4       0x56 build/stm32l4xx_hal_adc_ex.o
 *fill*         0x0800892a        0x2 
 .text.LL_ADC_SetChannelSingleDiff
                0x0800892c       0x48 build/stm32l4xx_hal_adc_ex.o
 .text.LL_ADC_IsEnabled
                0x08008974       0x26 build/stm32l4xx_hal_adc_ex.o
 .text.LL_ADC_StartCalibration
                0x0800899a       0x32 build/stm32l4xx_hal_adc_ex.o
 .text.LL_ADC_IsCalibrationOnGoing
                0x080089cc       0x28 build/stm32l4xx_hal_adc_ex.o
 .text.LL_ADC_REG_IsConversionOngoing
                0x080089f4       0x26 build/stm32l4xx_hal_adc_ex.o
 .text.LL_ADC_INJ_IsConversionOngoing
                0x08008a1a       0x26 build/stm32l4xx_hal_adc_ex.o
 .text.HAL_ADCEx_Calibration_Start
                0x08008a40       0xc0 build/stm32l4xx_hal_adc_ex.o
                0x08008a40                HAL_ADCEx_Calibration_Start
 .text.HAL_ADCEx_InjectedConfigChannel
                0x08008b00      0x960 build/stm32l4xx_hal_adc_ex.o
                0x08008b00                HAL_ADCEx_InjectedConfigChannel
 .text.HAL_ADCEx_MultiModeConfigChannel
                0x08009460      0x160 build/stm32l4xx_hal_adc_ex.o
                0x08009460                HAL_ADCEx_MultiModeConfigChannel
 .text.HAL_ADCEx_DisableInjectedQueue
                0x080095c0       0x4e build/stm32l4xx_hal_adc_ex.o
                0x080095c0                HAL_ADCEx_DisableInjectedQueue
 *fill*         0x0800960e        0x2 
 .text.HAL_Init
                0x08009610       0x40 build/stm32l4xx_hal.o
                0x08009610                HAL_Init
 .text.HAL_IncTick
                0x08009650       0x28 build/stm32l4xx_hal.o
                0x08009650                HAL_IncTick
 .text.HAL_GetTick
                0x08009678       0x18 build/stm32l4xx_hal.o
                0x08009678                HAL_GetTick
 .text.HAL_RCC_OscConfig
                0x08009690      0x7b8 build/stm32l4xx_hal_rcc.o
                0x08009690                HAL_RCC_OscConfig
 .text.HAL_RCC_ClockConfig
                0x08009e48      0x200 build/stm32l4xx_hal_rcc.o
                0x08009e48                HAL_RCC_ClockConfig
 .text.HAL_RCC_GetSysClockFreq
                0x0800a048      0x118 build/stm32l4xx_hal_rcc.o
                0x0800a048                HAL_RCC_GetSysClockFreq
 .text.HAL_RCC_GetHCLKFreq
                0x0800a160       0x18 build/stm32l4xx_hal_rcc.o
                0x0800a160                HAL_RCC_GetHCLKFreq
 .text.HAL_RCC_GetPCLK1Freq
                0x0800a178       0x2c build/stm32l4xx_hal_rcc.o
                0x0800a178                HAL_RCC_GetPCLK1Freq
 .text.HAL_RCC_GetPCLK2Freq
                0x0800a1a4       0x2c build/stm32l4xx_hal_rcc.o
                0x0800a1a4                HAL_RCC_GetPCLK2Freq
 .text.HAL_RCC_GetClockConfig
                0x0800a1d0       0x64 build/stm32l4xx_hal_rcc.o
                0x0800a1d0                HAL_RCC_GetClockConfig
 .text.RCC_SetFlashLatencyFromMSIRange
                0x0800a234       0xc0 build/stm32l4xx_hal_rcc.o
 .text.HAL_RCCEx_PeriphCLKConfig
                0x0800a2f4      0x5d4 build/stm32l4xx_hal_rcc_ex.o
                0x0800a2f4                HAL_RCCEx_PeriphCLKConfig
 .text.RCCEx_PLLSAI1_Config
                0x0800a8c8      0x1e8 build/stm32l4xx_hal_rcc_ex.o
 .text.RCCEx_PLLSAI2_Config
                0x0800aab0      0x1bc build/stm32l4xx_hal_rcc_ex.o
 .text.HAL_GPIO_Init
                0x0800ac6c      0x354 build/stm32l4xx_hal_gpio.o
                0x0800ac6c                HAL_GPIO_Init
 .text.HAL_GPIO_WritePin
                0x0800afc0       0x30 build/stm32l4xx_hal_gpio.o
                0x0800afc0                HAL_GPIO_WritePin
 .text.HAL_DMA_Init
                0x0800aff0      0x170 build/stm32l4xx_hal_dma.o
                0x0800aff0                HAL_DMA_Init
 .text.HAL_DMA_Start_IT
                0x0800b160       0xc0 build/stm32l4xx_hal_dma.o
                0x0800b160                HAL_DMA_Start_IT
 .text.HAL_DMA_IRQHandler
                0x0800b220      0x146 build/stm32l4xx_hal_dma.o
                0x0800b220                HAL_DMA_IRQHandler
 .text.DMA_SetConfig
                0x0800b366       0x60 build/stm32l4xx_hal_dma.o
 *fill*         0x0800b3c6        0x2 
 .text.HAL_PWREx_GetVoltageRange
                0x0800b3c8       0x1c build/stm32l4xx_hal_pwr_ex.o
                0x0800b3c8                HAL_PWREx_GetVoltageRange
 .text.HAL_PWREx_ControlVoltageScaling
                0x0800b3e4       0xac build/stm32l4xx_hal_pwr_ex.o
                0x0800b3e4                HAL_PWREx_ControlVoltageScaling
 .text.__NVIC_SetPriorityGrouping
                0x0800b490       0x48 build/stm32l4xx_hal_cortex.o
 .text.__NVIC_GetPriorityGrouping
                0x0800b4d8       0x1c build/stm32l4xx_hal_cortex.o
 .text.__NVIC_EnableIRQ
                0x0800b4f4       0x3c build/stm32l4xx_hal_cortex.o
 .text.__NVIC_SetPriority
                0x0800b530       0x54 build/stm32l4xx_hal_cortex.o
 .text.NVIC_EncodePriority
                0x0800b584       0x66 build/stm32l4xx_hal_cortex.o
 *fill*         0x0800b5ea        0x2 
 .text.SysTick_Config
                0x0800b5ec       0x44 build/stm32l4xx_hal_cortex.o
 .text.HAL_NVIC_SetPriorityGrouping
                0x0800b630       0x16 build/stm32l4xx_hal_cortex.o
                0x0800b630                HAL_NVIC_SetPriorityGrouping
 .text.HAL_NVIC_SetPriority
                0x0800b646       0x38 build/stm32l4xx_hal_cortex.o
                0x0800b646                HAL_NVIC_SetPriority
 .text.HAL_NVIC_EnableIRQ
                0x0800b67e       0x1c build/stm32l4xx_hal_cortex.o
                0x0800b67e                HAL_NVIC_EnableIRQ
 .text.HAL_SYSTICK_Config
                0x0800b69a       0x18 build/stm32l4xx_hal_cortex.o
                0x0800b69a                HAL_SYSTICK_Config
 .text.HAL_TIM_Base_Init
                0x0800b6b2       0xae build/stm32l4xx_hal_tim.o
                0x0800b6b2                HAL_TIM_Base_Init
 .text.HAL_TIM_Base_Start_IT
                0x0800b760       0xe0 build/stm32l4xx_hal_tim.o
                0x0800b760                HAL_TIM_Base_Start_IT
 .text.HAL_TIM_PWM_Init
                0x0800b840       0xae build/stm32l4xx_hal_tim.o
                0x0800b840                HAL_TIM_PWM_Init
 .text.HAL_TIM_PWM_MspInit
                0x0800b8ee       0x14 build/stm32l4xx_hal_tim.o
                0x0800b8ee                HAL_TIM_PWM_MspInit
 .text.HAL_TIM_Encoder_Init
                0x0800b902      0x14c build/stm32l4xx_hal_tim.o
                0x0800b902                HAL_TIM_Encoder_Init
 .text.HAL_TIM_IRQHandler
                0x0800ba4e      0x204 build/stm32l4xx_hal_tim.o
                0x0800ba4e                HAL_TIM_IRQHandler
 *fill*         0x0800bc52        0x2 
 .text.HAL_TIM_PWM_ConfigChannel
                0x0800bc54      0x228 build/stm32l4xx_hal_tim.o
                0x0800bc54                HAL_TIM_PWM_ConfigChannel
 .text.HAL_TIM_ConfigClockSource
                0x0800be7c      0x192 build/stm32l4xx_hal_tim.o
                0x0800be7c                HAL_TIM_ConfigClockSource
 .text.HAL_TIM_SlaveConfigSynchro
                0x0800c00e       0x84 build/stm32l4xx_hal_tim.o
                0x0800c00e                HAL_TIM_SlaveConfigSynchro
 .text.HAL_TIM_OC_DelayElapsedCallback
                0x0800c092       0x14 build/stm32l4xx_hal_tim.o
                0x0800c092                HAL_TIM_OC_DelayElapsedCallback
 .text.HAL_TIM_IC_CaptureCallback
                0x0800c0a6       0x14 build/stm32l4xx_hal_tim.o
                0x0800c0a6                HAL_TIM_IC_CaptureCallback
 .text.HAL_TIM_PWM_PulseFinishedCallback
                0x0800c0ba       0x14 build/stm32l4xx_hal_tim.o
                0x0800c0ba                HAL_TIM_PWM_PulseFinishedCallback
 .text.HAL_TIM_TriggerCallback
                0x0800c0ce       0x14 build/stm32l4xx_hal_tim.o
                0x0800c0ce                HAL_TIM_TriggerCallback
 *fill*         0x0800c0e2        0x2 
 .text.TIM_Base_SetConfig
                0x0800c0e4      0x134 build/stm32l4xx_hal_tim.o
                0x0800c0e4                TIM_Base_SetConfig
 .text.TIM_OC1_SetConfig
                0x0800c218      0x120 build/stm32l4xx_hal_tim.o
 .text.TIM_OC2_SetConfig
                0x0800c338      0x114 build/stm32l4xx_hal_tim.o
                0x0800c338                TIM_OC2_SetConfig
 .text.TIM_OC3_SetConfig
                0x0800c44c      0x110 build/stm32l4xx_hal_tim.o
 .text.TIM_OC4_SetConfig
                0x0800c55c       0xd4 build/stm32l4xx_hal_tim.o
 .text.TIM_OC5_SetConfig
                0x0800c630       0xc8 build/stm32l4xx_hal_tim.o
 .text.TIM_OC6_SetConfig
                0x0800c6f8       0xcc build/stm32l4xx_hal_tim.o
 .text.TIM_SlaveTimer_SetConfig
                0x0800c7c4      0x126 build/stm32l4xx_hal_tim.o
 .text.TIM_TI1_ConfigInputStage
                0x0800c8ea       0x5e build/stm32l4xx_hal_tim.o
 .text.TIM_TI2_ConfigInputStage
                0x0800c948       0x60 build/stm32l4xx_hal_tim.o
 .text.TIM_ITRx_SetConfig
                0x0800c9a8       0x36 build/stm32l4xx_hal_tim.o
 .text.TIM_ETR_SetConfig
                0x0800c9de       0x40 build/stm32l4xx_hal_tim.o
                0x0800c9de                TIM_ETR_SetConfig
 *fill*         0x0800ca1e        0x2 
 .text.HAL_TIMEx_MasterConfigSynchronization
                0x0800ca20      0x110 build/stm32l4xx_hal_tim_ex.o
                0x0800ca20                HAL_TIMEx_MasterConfigSynchronization
 .text.HAL_TIMEx_ConfigBreakDeadTime
                0x0800cb30       0xfc build/stm32l4xx_hal_tim_ex.o
                0x0800cb30                HAL_TIMEx_ConfigBreakDeadTime
 .text.HAL_TIMEx_ConfigBreakInput
                0x0800cc2c      0x18c build/stm32l4xx_hal_tim_ex.o
                0x0800cc2c                HAL_TIMEx_ConfigBreakInput
 .text.HAL_TIMEx_CommutCallback
                0x0800cdb8       0x14 build/stm32l4xx_hal_tim_ex.o
                0x0800cdb8                HAL_TIMEx_CommutCallback
 .text.HAL_TIMEx_BreakCallback
                0x0800cdcc       0x14 build/stm32l4xx_hal_tim_ex.o
                0x0800cdcc                HAL_TIMEx_BreakCallback
 .text.HAL_TIMEx_Break2Callback
                0x0800cde0       0x14 build/stm32l4xx_hal_tim_ex.o
                0x0800cde0                HAL_TIMEx_Break2Callback
 .text.HAL_UART_Init
                0x0800cdf4       0x9c build/stm32l4xx_hal_uart.o
                0x0800cdf4                HAL_UART_Init
 .text.UART_SetConfig
                0x0800ce90      0x570 build/stm32l4xx_hal_uart.o
                0x0800ce90                UART_SetConfig
 .text.UART_AdvFeatureConfig
                0x0800d400      0x144 build/stm32l4xx_hal_uart.o
                0x0800d400                UART_AdvFeatureConfig
 .text.UART_CheckIdleState
                0x0800d544      0x150 build/stm32l4xx_hal_uart.o
                0x0800d544                UART_CheckIdleState
 .text.UART_WaitOnFlagUntilTimeout
                0x0800d694       0xce build/stm32l4xx_hal_uart.o
                0x0800d694                UART_WaitOnFlagUntilTimeout
 .text.UART_EndRxTransfer
                0x0800d762       0xc8 build/stm32l4xx_hal_uart.o
 *fill*         0x0800d82a        0x2 
 .text.SystemInit
                0x0800d82c       0x24 build/system_stm32l4xx.o
                0x0800d82c                SystemInit
 .text.vListInitialise
                0x0800d850       0x40 build/list.o
                0x0800d850                vListInitialise
 .text.vListInitialiseItem
                0x0800d890       0x1a build/list.o
                0x0800d890                vListInitialiseItem
 .text.vListInsertEnd
                0x0800d8aa       0x48 build/list.o
                0x0800d8aa                vListInsertEnd
 .text.vListInsert
                0x0800d8f2       0x72 build/list.o
                0x0800d8f2                vListInsert
 .text.uxListRemove
                0x0800d964       0x54 build/list.o
                0x0800d964                uxListRemove
 .text.xTaskCreateStatic
                0x0800d9b8       0xba build/tasks.o
                0x0800d9b8                xTaskCreateStatic
 .text.xTaskCreate
                0x0800da72       0x8a build/tasks.o
                0x0800da72                xTaskCreate
 .text.prvInitialiseNewTask
                0x0800dafc      0x10e build/tasks.o
 *fill*         0x0800dc0a        0x2 
 .text.prvAddNewTaskToReadyList
                0x0800dc0c       0xd4 build/tasks.o
 .text.vTaskDelay
                0x0800dce0       0x68 build/tasks.o
                0x0800dce0                vTaskDelay
 .text.vTaskStartScheduler
                0x0800dd48       0xc0 build/tasks.o
                0x0800dd48                vTaskStartScheduler
 .text.vTaskSuspendAll
                0x0800de08       0x1c build/tasks.o
                0x0800de08                vTaskSuspendAll
 .text.xTaskResumeAll
                0x0800de24      0x138 build/tasks.o
                0x0800de24                xTaskResumeAll
 .text.xTaskIncrementTick
                0x0800df5c      0x170 build/tasks.o
                0x0800df5c                xTaskIncrementTick
 .text.vTaskSwitchContext
                0x0800e0cc       0xb8 build/tasks.o
                0x0800e0cc                vTaskSwitchContext
 .text.prvIdleTask
                0x0800e184       0x30 build/tasks.o
 .text.prvInitialiseTaskLists
                0x0800e1b4       0x80 build/tasks.o
 .text.prvCheckTasksWaitingTermination
                0x0800e234       0x5c build/tasks.o
 .text.prvDeleteTCB
                0x0800e290       0x5e build/tasks.o
 *fill*         0x0800e2ee        0x2 
 .text.prvResetNextTaskUnblockTime
                0x0800e2f0       0x40 build/tasks.o
 .text.prvAddCurrentTaskToDelayedList
                0x0800e330       0xcc build/tasks.o
 .text.makeFreeRtosPriority
                0x0800e3fc       0x30 build/cmsis_os.o
 .text.osKernelStart
                0x0800e42c        0xe build/cmsis_os.o
                0x0800e42c                osKernelStart
 .text.osThreadCreate
                0x0800e43a       0x98 build/cmsis_os.o
                0x0800e43a                osThreadCreate
 *fill*         0x0800e4d2        0x2 
 .text.pvPortMalloc
                0x0800e4d4      0x198 build/heap_4.o
                0x0800e4d4                pvPortMalloc
 .text.vPortFree
                0x0800e66c       0xc4 build/heap_4.o
                0x0800e66c                vPortFree
 .text.prvHeapInit
                0x0800e730       0xc4 build/heap_4.o
 .text.prvInsertBlockIntoFreeList
                0x0800e7f4       0xb4 build/heap_4.o
 .text.pxPortInitialiseStack
                0x0800e8a8       0x68 build/port.o
                0x0800e8a8                pxPortInitialiseStack
 .text.prvTaskExitError
                0x0800e910       0x58 build/port.o
 *fill*         0x0800e968        0x8 
 .text.SVC_Handler
                0x0800e970       0x28 build/port.o
                0x0800e970                SVC_Handler
 .text.prvPortStartFirstTask
                0x0800e998       0x28 build/port.o
 .text.xPortStartScheduler
                0x0800e9c0      0x144 build/port.o
                0x0800e9c0                xPortStartScheduler
 .text.vPortEnterCritical
                0x0800eb04       0x60 build/port.o
                0x0800eb04                vPortEnterCritical
 .text.vPortExitCritical
                0x0800eb64       0x54 build/port.o
                0x0800eb64                vPortExitCritical
 *fill*         0x0800ebb8        0x8 
 .text.PendSV_Handler
                0x0800ebc0       0x68 build/port.o
                0x0800ebc0                PendSV_Handler
 .text.SysTick_Handler
                0x0800ec28       0x44 build/port.o
                0x0800ec28                SysTick_Handler
 .text.vPortEnableVFP
                0x0800ec6c       0x14 build/port.o
 .text.VBS_GetAvBusVoltage_V
                0x0800ec80       0x32 build/bus_voltage_sensor.o
                0x0800ec80                VBS_GetAvBusVoltage_V
 .text.Circle_Limitation
                0x0800ecb2       0xde build/circle_limitation.o
                0x0800ecb2                Circle_Limitation
 .text.EAC_Init
                0x0800ed90       0x38 build/enc_align_ctrl.o
                0x0800ed90                EAC_Init
 .text.EAC_StartAlignment
                0x0800edc8       0x94 build/enc_align_ctrl.o
                0x0800edc8                EAC_StartAlignment
 .text.EAC_Exec
                0x0800ee5c       0x60 build/enc_align_ctrl.o
                0x0800ee5c                EAC_Exec
 .text.EAC_IsAligned
                0x0800eebc       0x18 build/enc_align_ctrl.o
                0x0800eebc                EAC_IsAligned
 .text.EAC_SetRestartState
                0x0800eed4       0x1e build/enc_align_ctrl.o
                0x0800eed4                EAC_SetRestartState
 .text.LL_TIM_EnableCounter
                0x0800eef2       0x20 build/encoder_speed_pos_fdbk.o
 .text.LL_TIM_SetCounter
                0x0800ef12       0x1c build/encoder_speed_pos_fdbk.o
 .text.LL_TIM_GetCounter
                0x0800ef2e       0x18 build/encoder_speed_pos_fdbk.o
 .text.LL_TIM_GetDirection
                0x0800ef46       0x1c build/encoder_speed_pos_fdbk.o
 .text.LL_TIM_EnableUIFRemap
                0x0800ef62       0x20 build/encoder_speed_pos_fdbk.o
 *fill*         0x0800ef82        0x2 
 .text.LL_TIM_IC_SetFilter
                0x0800ef84       0xb4 build/encoder_speed_pos_fdbk.o
 .text.LL_TIM_ClearFlag_UPDATE
                0x0800f038       0x1c build/encoder_speed_pos_fdbk.o
 .text.LL_TIM_EnableIT_UPDATE
                0x0800f054       0x20 build/encoder_speed_pos_fdbk.o
 .text.LL_TIM_DisableIT_UPDATE
                0x0800f074       0x20 build/encoder_speed_pos_fdbk.o
 .text.ENC_Init
                0x0800f094       0xa6 build/encoder_speed_pos_fdbk.o
                0x0800f094                ENC_Init
 .text.ENC_Clear
                0x0800f13a       0x40 build/encoder_speed_pos_fdbk.o
                0x0800f13a                ENC_Clear
 .text.ENC_CalcAngle
                0x0800f17a       0x70 build/encoder_speed_pos_fdbk.o
                0x0800f17a                ENC_CalcAngle
 .text.ENC_CalcAvrgMecSpeedUnit
                0x0800f1ea      0x24c build/encoder_speed_pos_fdbk.o
                0x0800f1ea                ENC_CalcAvrgMecSpeedUnit
 *fill*         0x0800f436        0x2 
 .text.ENC_SetMecAngle
                0x0800f438       0x78 build/encoder_speed_pos_fdbk.o
                0x0800f438                ENC_SetMecAngle
 .text.ENC_IRQHandler
                0x0800f4b0       0x2c build/encoder_speed_pos_fdbk.o
                0x0800f4b0                ENC_IRQHandler
 .text.LL_TIM_EnableCounter
                0x0800f4dc       0x20 build/hall_speed_pos_fdbk.o
 .text.LL_TIM_SetCounter
                0x0800f4fc       0x1c build/hall_speed_pos_fdbk.o
 .text.LL_TIM_EnableUIFRemap
                0x0800f518       0x20 build/hall_speed_pos_fdbk.o
 .text.LL_TIM_IC_SetFilter
                0x0800f538       0xb4 build/hall_speed_pos_fdbk.o
 .text.LL_TIM_ClearFlag_UPDATE
                0x0800f5ec       0x1c build/hall_speed_pos_fdbk.o
 .text.LL_TIM_EnableIT_UPDATE
                0x0800f608       0x20 build/hall_speed_pos_fdbk.o
 .text.HALL_Init
                0x0800f628       0xa6 build/hall_speed_pos_fdbk.o
                0x0800f628                HALL_Init
 .text.TC_Init  0x0800f6ce       0xda build/trajectory_ctrl.o
                0x0800f6ce                TC_Init
 .text.TC_MoveCommand
                0x0800f7a8      0x1b8 build/trajectory_ctrl.o
                0x0800f7a8                TC_MoveCommand
 .text.TC_FollowCommand
                0x0800f960       0xf6 build/trajectory_ctrl.o
                0x0800f960                TC_FollowCommand
 *fill*         0x0800fa56        0x2 
 .text.TC_PositionRegulation
                0x0800fa58       0xa0 build/trajectory_ctrl.o
                0x0800fa58                TC_PositionRegulation
 .text.TC_MoveExecution
                0x0800faf8      0x1ae build/trajectory_ctrl.o
                0x0800faf8                TC_MoveExecution
 .text.TC_FollowExecution
                0x0800fca6       0x54 build/trajectory_ctrl.o
                0x0800fca6                TC_FollowExecution
 *fill*         0x0800fcfa        0x2 
 .text.TC_EncAlignmentCommand
                0x0800fcfc       0xa0 build/trajectory_ctrl.o
                0x0800fcfc                TC_EncAlignmentCommand
 .text.TC_RampCompleted
                0x0800fd9c       0x3e build/trajectory_ctrl.o
                0x0800fd9c                TC_RampCompleted
 *fill*         0x0800fdda        0x2 
 .text.TC_GetCurrentPosition
                0x0800fddc       0x3c build/trajectory_ctrl.o
                0x0800fddc                TC_GetCurrentPosition
 .text.TC_GetTargetPosition
                0x0800fe18       0x1e build/trajectory_ctrl.o
                0x0800fe18                TC_GetTargetPosition
 .text.TC_GetMoveDuration
                0x0800fe36       0x1e build/trajectory_ctrl.o
                0x0800fe36                TC_GetMoveDuration
 .text.TC_GetControlPositionStatus
                0x0800fe54       0x1a build/trajectory_ctrl.o
                0x0800fe54                TC_GetControlPositionStatus
 .text.TC_GetAlignmentStatus
                0x0800fe6e       0x1a build/trajectory_ctrl.o
                0x0800fe6e                TC_GetAlignmentStatus
 .text.NTC_SetFaultState
                0x0800fe88       0x40 build/ntc_temperature_sensor.o
                0x0800fe88                NTC_SetFaultState
 .text.NTC_Init
                0x0800fec8       0x2e build/ntc_temperature_sensor.o
                0x0800fec8                NTC_Init
 .text.NTC_Clear
                0x0800fef6       0x1a build/ntc_temperature_sensor.o
                0x0800fef6                NTC_Clear
 .text.NTC_CalcAvTemp
                0x0800ff10       0x7c build/ntc_temperature_sensor.o
                0x0800ff10                NTC_CalcAvTemp
 .text.NTC_GetAvTemp_C
                0x0800ff8c       0x5a build/ntc_temperature_sensor.o
                0x0800ff8c                NTC_GetAvTemp_C
 .text.PID_HandleInit
                0x0800ffe6       0x3e build/pid_regulator.o
                0x0800ffe6                PID_HandleInit
 .text.PID_SetKP
                0x08010024       0x1e build/pid_regulator.o
                0x08010024                PID_SetKP
 .text.PID_SetKI
                0x08010042       0x1e build/pid_regulator.o
                0x08010042                PID_SetKI
 .text.PID_GetKP
                0x08010060       0x1a build/pid_regulator.o
                0x08010060                PID_GetKP
 .text.PID_GetKI
                0x0801007a       0x1a build/pid_regulator.o
                0x0801007a                PID_GetKI
 .text.PID_SetIntegralTerm
                0x08010094       0x1c build/pid_regulator.o
                0x08010094                PID_SetIntegralTerm
 .text.PID_GetKPDivisorPOW2
                0x080100b0       0x18 build/pid_regulator.o
                0x080100b0                PID_GetKPDivisorPOW2
 .text.PID_SetKPDivisorPOW2
                0x080100c8       0x2c build/pid_regulator.o
                0x080100c8                PID_SetKPDivisorPOW2
 .text.PID_GetKIDivisorPOW2
                0x080100f4       0x18 build/pid_regulator.o
                0x080100f4                PID_GetKIDivisorPOW2
 .text.PID_SetKIDivisorPOW2
                0x0801010c       0x4c build/pid_regulator.o
                0x0801010c                PID_SetKIDivisorPOW2
 .text.PID_SetLowerIntegralTermLimit
                0x08010158       0x1c build/pid_regulator.o
                0x08010158                PID_SetLowerIntegralTermLimit
 .text.PID_SetUpperIntegralTermLimit
                0x08010174       0x1c build/pid_regulator.o
                0x08010174                PID_SetUpperIntegralTermLimit
 .text.PID_SetKD
                0x08010190       0x1e build/pid_regulator.o
                0x08010190                PID_SetKD
 .text.PID_GetKD
                0x080101ae       0x1a build/pid_regulator.o
                0x080101ae                PID_GetKD
 .text.PID_GetKDDivisorPOW2
                0x080101c8       0x18 build/pid_regulator.o
                0x080101c8                PID_GetKDDivisorPOW2
 .text.PID_SetKDDivisorPOW2
                0x080101e0       0x2c build/pid_regulator.o
                0x080101e0                PID_SetKDDivisorPOW2
 .text.PI_Controller
                0x0801020c      0x128 build/pid_regulator.o
                0x0801020c                PI_Controller
 .text.PID_Controller
                0x08010334       0x9e build/pid_regulator.o
                0x08010334                PID_Controller
 .text.PQD_CalcElMotorPower
                0x080103d2       0x84 build/pqd_motor_power_measurement.o
                0x080103d2                PQD_CalcElMotorPower
 .text.PQD_Clear
                0x08010456       0x1a build/pqd_motor_power_measurement.o
                0x08010456                PQD_Clear
 .text.PQD_GetAvrgElMotorPowerW
                0x08010470       0x5a build/pqd_motor_power_measurement.o
                0x08010470                PQD_GetAvrgElMotorPowerW
 .text.LL_TIM_SetTriggerOutput
                0x080104ca       0x26 build/pwm_common.o
 .text.LL_TIM_ClearFlag_CC1
                0x080104f0       0x1c build/pwm_common.o
 .text.LL_TIM_IsActiveFlag_CC1
                0x0801050c       0x26 build/pwm_common.o
 .text.LL_TIM_GenerateEvent_UPDATE
                0x08010532       0x20 build/pwm_common.o
 *fill*         0x08010552        0x2 
 .text.LL_APB1_GRP1_EnableClock
                0x08010554       0x30 build/pwm_common.o
 .text.LL_APB1_GRP1_IsEnabledClock
                0x08010584       0x2c build/pwm_common.o
 .text.LL_APB1_GRP1_DisableClock
                0x080105b0       0x28 build/pwm_common.o
 .text.startTimers
                0x080105d8       0x5a build/pwm_common.o
                0x080105d8                startTimers
 .text.waitForPolarizationEnd
                0x08010632       0x6e build/pwm_common.o
                0x08010632                waitForPolarizationEnd
 .text.RVBS_Init
                0x080106a0       0x16 build/r_divider_bus_voltage_sensor.o
                0x080106a0                RVBS_Init
 .text.RVBS_Clear
                0x080106b6       0x5a build/r_divider_bus_voltage_sensor.o
                0x080106b6                RVBS_Clear
 .text.RVBS_CalcAvVbus
                0x08010710       0xb8 build/r_divider_bus_voltage_sensor.o
                0x08010710                RVBS_CalcAvVbus
 .text.RVBS_CheckFaultState
                0x080107c8       0xa6 build/r_divider_bus_voltage_sensor.o
                0x080107c8                RVBS_CheckFaultState
 .text.REMNG_Init
                0x0801086e       0x32 build/ramp_ext_mngr.o
                0x0801086e                REMNG_Init
 .text.SPD_GetElAngle
                0x080108a0       0x1a build/speed_pos_fdbk.o
                0x080108a0                SPD_GetElAngle
 .text.SPD_GetMecAngle
                0x080108ba       0x18 build/speed_pos_fdbk.o
                0x080108ba                SPD_GetMecAngle
 .text.SPD_GetAvrgMecSpeedUnit
                0x080108d2       0x1a build/speed_pos_fdbk.o
                0x080108d2                SPD_GetAvrgMecSpeedUnit
 .text.SPD_GetInstElSpeedDpp
                0x080108ec       0x1a build/speed_pos_fdbk.o
                0x080108ec                SPD_GetInstElSpeedDpp
 .text.SPD_IsMecSpeedReliable
                0x08010906       0xd6 build/speed_pos_fdbk.o
                0x08010906                SPD_IsMecSpeedReliable
 .text.SPD_GetS16Speed
                0x080109dc       0x3e build/speed_pos_fdbk.o
                0x080109dc                SPD_GetS16Speed
 .text.STC_Init
                0x08010a1a       0x58 build/speed_torq_ctrl.o
                0x08010a1a                STC_Init
 .text.STC_SetSpeedSensor
                0x08010a72       0x1c build/speed_torq_ctrl.o
                0x08010a72                STC_SetSpeedSensor
 .text.STC_GetSpeedSensor
                0x08010a8e       0x18 build/speed_torq_ctrl.o
                0x08010a8e                STC_GetSpeedSensor
 .text.STC_Clear
                0x08010aa6       0x24 build/speed_torq_ctrl.o
                0x08010aa6                STC_Clear
 .text.STC_GetMecSpeedRefUnit
                0x08010aca       0x1c build/speed_torq_ctrl.o
                0x08010aca                STC_GetMecSpeedRefUnit
 .text.STC_GetTorqueRef
                0x08010ae6       0x1c build/speed_torq_ctrl.o
                0x08010ae6                STC_GetTorqueRef
 .text.STC_SetControlMode
                0x08010b02       0x24 build/speed_torq_ctrl.o
                0x08010b02                STC_SetControlMode
 *fill*         0x08010b26        0x2 
 .text.STC_ExecRamp
                0x08010b28      0x12c build/speed_torq_ctrl.o
                0x08010b28                STC_ExecRamp
 .text.STC_StopRamp
                0x08010c54       0x20 build/speed_torq_ctrl.o
                0x08010c54                STC_StopRamp
 .text.STC_CalcTorqueReference
                0x08010c74       0xb8 build/speed_torq_ctrl.o
                0x08010c74                STC_CalcTorqueReference
 .text.STC_GetMecSpeedRefUnitDefault
                0x08010d2c       0x1a build/speed_torq_ctrl.o
                0x08010d2c                STC_GetMecSpeedRefUnitDefault
 .text.STC_GetDefaultIqdref
                0x08010d46       0x36 build/speed_torq_ctrl.o
                0x08010d46                STC_GetDefaultIqdref
 .text.STC_ForceSpeedReferenceToCurrentSpeed
                0x08010d7c       0x22 build/speed_torq_ctrl.o
                0x08010d7c                STC_ForceSpeedReferenceToCurrentSpeed
 .text.VSS_Init
                0x08010d9e       0x16 build/virtual_speed_sensor.o
                0x08010d9e                VSS_Init
 .text.VSS_Clear
                0x08010db4       0x80 build/virtual_speed_sensor.o
                0x08010db4                VSS_Clear
 .text.VSS_SetMecAngle
                0x08010e34       0x3a build/virtual_speed_sensor.o
                0x08010e34                VSS_SetMecAngle
 *fill*         0x08010e6e        0x2 
 .text.VSS_SetMecAcceleration
                0x08010e70      0x118 build/virtual_speed_sensor.o
                0x08010e70                VSS_SetMecAcceleration
 .text.LL_ADC_REG_SetSequencerLength
                0x08010f88       0x26 build/r3_1_l4xx_pwm_curr_fdbk.o
 .text.LL_ADC_INJ_SetQueueMode
                0x08010fae       0x2a build/r3_1_l4xx_pwm_curr_fdbk.o
 .text.LL_ADC_Enable
                0x08010fd8       0x28 build/r3_1_l4xx_pwm_curr_fdbk.o
 .text.LL_ADC_StartCalibration
                0x08011000       0x32 build/r3_1_l4xx_pwm_curr_fdbk.o
 .text.LL_ADC_IsCalibrationOnGoing
                0x08011032       0x28 build/r3_1_l4xx_pwm_curr_fdbk.o
 .text.LL_ADC_INJ_StartConversion
                0x0801105a       0x28 build/r3_1_l4xx_pwm_curr_fdbk.o
 .text.LL_ADC_INJ_StopConversion
                0x08011082       0x28 build/r3_1_l4xx_pwm_curr_fdbk.o
 .text.LL_ADC_ClearFlag_EOC
                0x080110aa       0x1a build/r3_1_l4xx_pwm_curr_fdbk.o
 .text.LL_ADC_ClearFlag_JEOC
                0x080110c4       0x1a build/r3_1_l4xx_pwm_curr_fdbk.o
 .text.LL_ADC_ClearFlag_JEOS
                0x080110de       0x1a build/r3_1_l4xx_pwm_curr_fdbk.o
 .text.LL_ADC_EnableIT_JEOS
                0x080110f8       0x20 build/r3_1_l4xx_pwm_curr_fdbk.o
 .text.LL_ADC_DisableIT_EOC
                0x08011118       0x20 build/r3_1_l4xx_pwm_curr_fdbk.o
 .text.LL_ADC_DisableIT_JEOC
                0x08011138       0x20 build/r3_1_l4xx_pwm_curr_fdbk.o
 .text.LL_DBGMCU_APB2_GRP1_FreezePeriph
                0x08011158       0x24 build/r3_1_l4xx_pwm_curr_fdbk.o
 .text.LL_TIM_DisableCounter
                0x0801117c       0x20 build/r3_1_l4xx_pwm_curr_fdbk.o
 .text.LL_TIM_CC_EnableChannel
                0x0801119c       0x22 build/r3_1_l4xx_pwm_curr_fdbk.o
 .text.LL_TIM_CC_DisableChannel
                0x080111be       0x24 build/r3_1_l4xx_pwm_curr_fdbk.o
 .text.LL_TIM_CC_IsEnabledChannel
                0x080111e2       0x2a build/r3_1_l4xx_pwm_curr_fdbk.o
 .text.LL_TIM_OC_SetMode
                0x0801120c       0xb8 build/r3_1_l4xx_pwm_curr_fdbk.o
 .text.LL_TIM_OC_SetCompareCH1
                0x080112c4       0x1c build/r3_1_l4xx_pwm_curr_fdbk.o
 .text.LL_TIM_OC_SetCompareCH2
                0x080112e0       0x1c build/r3_1_l4xx_pwm_curr_fdbk.o
 .text.LL_TIM_OC_SetCompareCH3
                0x080112fc       0x1c build/r3_1_l4xx_pwm_curr_fdbk.o
 .text.LL_TIM_OC_SetCompareCH4
                0x08011318       0x1c build/r3_1_l4xx_pwm_curr_fdbk.o
 .text.LL_TIM_SetTriggerOutput
                0x08011334       0x26 build/r3_1_l4xx_pwm_curr_fdbk.o
 .text.LL_TIM_EnableAllOutputs
                0x0801135a       0x20 build/r3_1_l4xx_pwm_curr_fdbk.o
 .text.LL_TIM_DisableAllOutputs
                0x0801137a       0x20 build/r3_1_l4xx_pwm_curr_fdbk.o
 .text.LL_TIM_ClearFlag_UPDATE
                0x0801139a       0x1c build/r3_1_l4xx_pwm_curr_fdbk.o
 .text.LL_TIM_IsActiveFlag_UPDATE
                0x080113b6       0x26 build/r3_1_l4xx_pwm_curr_fdbk.o
 .text.LL_TIM_ClearFlag_BRK
                0x080113dc       0x1c build/r3_1_l4xx_pwm_curr_fdbk.o
 .text.LL_TIM_ClearFlag_BRK2
                0x080113f8       0x1c build/r3_1_l4xx_pwm_curr_fdbk.o
 .text.LL_TIM_EnableIT_UPDATE
                0x08011414       0x20 build/r3_1_l4xx_pwm_curr_fdbk.o
 .text.LL_TIM_DisableIT_UPDATE
                0x08011434       0x20 build/r3_1_l4xx_pwm_curr_fdbk.o
 .text.LL_TIM_EnableIT_BRK
                0x08011454       0x20 build/r3_1_l4xx_pwm_curr_fdbk.o
 .text.LL_GPIO_SetOutputPin
                0x08011474       0x1c build/r3_1_l4xx_pwm_curr_fdbk.o
 .text.LL_GPIO_ResetOutputPin
                0x08011490       0x1c build/r3_1_l4xx_pwm_curr_fdbk.o
 .text.__LL_TIM_OC_EnablePreload
                0x080114ac       0x9c build/r3_1_l4xx_pwm_curr_fdbk.o
 .text.__LL_TIM_OC_DisablePreload
                0x08011548       0x9c build/r3_1_l4xx_pwm_curr_fdbk.o
 .text.R3_1_Init
                0x080115e4       0xe4 build/r3_1_l4xx_pwm_curr_fdbk.o
                0x080115e4                R3_1_Init
 .text.R3_1_SetOffsetCalib
                0x080116c8       0x46 build/r3_1_l4xx_pwm_curr_fdbk.o
                0x080116c8                R3_1_SetOffsetCalib
 .text.R3_1_GetOffsetCalib
                0x0801170e       0x3e build/r3_1_l4xx_pwm_curr_fdbk.o
                0x0801170e                R3_1_GetOffsetCalib
 .text.R3_1_CurrentReadingCalibration
                0x0801174c      0x1c0 build/r3_1_l4xx_pwm_curr_fdbk.o
                0x0801174c                R3_1_CurrentReadingCalibration
 .text.R3_1_GetPhaseCurrents
                0x0801190c      0x228 build/r3_1_l4xx_pwm_curr_fdbk.o
                0x0801190c                R3_1_GetPhaseCurrents
 .text.R3_1_HFCurrentsCalibrationAB
                0x08011b34       0x84 build/r3_1_l4xx_pwm_curr_fdbk.o
                0x08011b34                R3_1_HFCurrentsCalibrationAB
 .text.R3_1_HFCurrentsCalibrationC
                0x08011bb8       0x70 build/r3_1_l4xx_pwm_curr_fdbk.o
                0x08011bb8                R3_1_HFCurrentsCalibrationC
 .text.R3_1_TurnOnLowSides
                0x08011c28       0xa2 build/r3_1_l4xx_pwm_curr_fdbk.o
                0x08011c28                R3_1_TurnOnLowSides
 .text.R3_1_SwitchOnPWM
                0x08011cca      0x12c build/r3_1_l4xx_pwm_curr_fdbk.o
                0x08011cca                R3_1_SwitchOnPWM
 .text.R3_1_SwitchOffPWM
                0x08011df6       0x96 build/r3_1_l4xx_pwm_curr_fdbk.o
                0x08011df6                R3_1_SwitchOffPWM
 .text.R3_1_WriteTIMRegisters
                0x08011e8c       0x84 build/r3_1_l4xx_pwm_curr_fdbk.o
                0x08011e8c                R3_1_WriteTIMRegisters
 .text.R3_1_SetADCSampPointCalibration
                0x08011f10       0x3e build/r3_1_l4xx_pwm_curr_fdbk.o
                0x08011f10                R3_1_SetADCSampPointCalibration
 .text.R3_1_SetADCSampPointSectX
                0x08011f4e       0xb0 build/r3_1_l4xx_pwm_curr_fdbk.o
                0x08011f4e                R3_1_SetADCSampPointSectX
 .text.R3_1_TIMx_UP_IRQHandler
                0x08011ffe       0x5c build/r3_1_l4xx_pwm_curr_fdbk.o
                0x08011ffe                R3_1_TIMx_UP_IRQHandler
 *fill*         0x0801205a        0x2 
 .text.R3_1_RLDetectionModeEnable
                0x0801205c       0xec build/r3_1_l4xx_pwm_curr_fdbk.o
                0x0801205c                R3_1_RLDetectionModeEnable
 .text.R3_1_RLDetectionModeDisable
                0x08012148      0x15c build/r3_1_l4xx_pwm_curr_fdbk.o
                0x08012148                R3_1_RLDetectionModeDisable
 .text.R3_1_RLDetectionModeSetDuty
                0x080122a4       0x82 build/r3_1_l4xx_pwm_curr_fdbk.o
                0x080122a4                R3_1_RLDetectionModeSetDuty
 *fill*         0x08012326        0x2 
 .text.R3_1_RLGetPhaseCurrents
                0x08012328       0x7c build/r3_1_l4xx_pwm_curr_fdbk.o
 .text.R3_1_RLTurnOnLowSides
                0x080123a4       0x8a build/r3_1_l4xx_pwm_curr_fdbk.o
 .text.R3_1_RLSwitchOnPWM
                0x0801242e      0x130 build/r3_1_l4xx_pwm_curr_fdbk.o
 .text.R3_1_RLTurnOnLowSidesAndStart
                0x0801255e       0xd4 build/r3_1_l4xx_pwm_curr_fdbk.o
                0x0801255e                R3_1_RLTurnOnLowSidesAndStart
 *fill*         0x08012632        0x2 
 .text.MCPA_dataLog
                0x08012634      0x2a4 build/mcpa.o
                0x08012634                MCPA_dataLog
 .text.MCPA_flushDataLog
                0x080128d8       0xb6 build/mcpa.o
                0x080128d8                MCPA_flushDataLog
 .text.MCPA_stopDataLog
                0x0801298e       0x6e build/mcpa.o
 .text.MCPA_cfgLog
                0x080129fc      0x14e build/mcpa.o
                0x080129fc                MCPA_cfgLog
 *fill*         0x08012b4a        0x2 
 .text.Reset_Handler
                0x08012b4c       0x50 build/startup_stm32l476xx.o
                0x08012b4c                Reset_Handler
 .text.Default_Handler
                0x08012b9c        0x2 build/startup_stm32l476xx.o
                0x08012b9c                RTC_Alarm_IRQHandler
                0x08012b9c                EXTI2_IRQHandler
                0x08012b9c                TIM8_TRG_COM_IRQHandler
                0x08012b9c                TIM8_CC_IRQHandler
                0x08012b9c                DebugMon_Handler
                0x08012b9c                TIM1_CC_IRQHandler
                0x08012b9c                TSC_IRQHandler
                0x08012b9c                TAMP_STAMP_IRQHandler
                0x08012b9c                NMI_Handler
                0x08012b9c                EXTI3_IRQHandler
                0x08012b9c                LPTIM2_IRQHandler
                0x08012b9c                DFSDM1_FLT1_IRQHandler
                0x08012b9c                I2C3_ER_IRQHandler
                0x08012b9c                DFSDM1_FLT2_IRQHandler
                0x08012b9c                EXTI0_IRQHandler
                0x08012b9c                I2C2_EV_IRQHandler
                0x08012b9c                CAN1_RX0_IRQHandler
                0x08012b9c                FPU_IRQHandler
                0x08012b9c                UsageFault_Handler
                0x08012b9c                SPI1_IRQHandler
                0x08012b9c                TIM8_UP_IRQHandler
                0x08012b9c                DMA2_Channel2_IRQHandler
                0x08012b9c                DMA1_Channel4_IRQHandler
                0x08012b9c                SAI2_IRQHandler
                0x08012b9c                DFSDM1_FLT3_IRQHandler
                0x08012b9c                USART3_IRQHandler
                0x08012b9c                DMA1_Channel7_IRQHandler
                0x08012b9c                CAN1_RX1_IRQHandler
                0x08012b9c                LCD_IRQHandler
                0x08012b9c                UART5_IRQHandler
                0x08012b9c                ADC3_IRQHandler
                0x08012b9c                DMA2_Channel1_IRQHandler
                0x08012b9c                QUADSPI_IRQHandler
                0x08012b9c                I2C1_EV_IRQHandler
                0x08012b9c                UART4_IRQHandler
                0x08012b9c                DMA2_Channel4_IRQHandler
                0x08012b9c                RCC_IRQHandler
                0x08012b9c                DMA1_Channel1_IRQHandler
                0x08012b9c                Default_Handler
                0x08012b9c                DMA2_Channel7_IRQHandler
                0x08012b9c                TIM7_IRQHandler
                0x08012b9c                SDMMC1_IRQHandler
                0x08012b9c                TIM5_IRQHandler
                0x08012b9c                I2C3_EV_IRQHandler
                0x08012b9c                EXTI9_5_IRQHandler
                0x08012b9c                RTC_WKUP_IRQHandler
                0x08012b9c                PVD_PVM_IRQHandler
                0x08012b9c                SPI2_IRQHandler
                0x08012b9c                MemManage_Handler
                0x08012b9c                CAN1_TX_IRQHandler
                0x08012b9c                DMA2_Channel5_IRQHandler
                0x08012b9c                DMA1_Channel5_IRQHandler
                0x08012b9c                EXTI4_IRQHandler
                0x08012b9c                RNG_IRQHandler
                0x08012b9c                TIM1_TRG_COM_TIM17_IRQHandler
                0x08012b9c                DMA1_Channel3_IRQHandler
                0x08012b9c                COMP_IRQHandler
                0x08012b9c                WWDG_IRQHandler
                0x08012b9c                LPUART1_IRQHandler
                0x08012b9c                DMA2_Channel6_IRQHandler
                0x08012b9c                TIM2_IRQHandler
                0x08012b9c                EXTI1_IRQHandler
                0x08012b9c                DFSDM1_FLT0_IRQHandler
                0x08012b9c                I2C2_ER_IRQHandler
                0x08012b9c                TIM8_BRK_IRQHandler
                0x08012b9c                CAN1_SCE_IRQHandler
                0x08012b9c                FLASH_IRQHandler
                0x08012b9c                BusFault_Handler
                0x08012b9c                USART1_IRQHandler
                0x08012b9c                OTG_FS_IRQHandler
                0x08012b9c                SPI3_IRQHandler
                0x08012b9c                I2C1_ER_IRQHandler
                0x08012b9c                FMC_IRQHandler
                0x08012b9c                SWPMI1_IRQHandler
                0x08012b9c                LPTIM1_IRQHandler
                0x08012b9c                SAI1_IRQHandler
                0x08012b9c                DMA2_Channel3_IRQHandler
 *fill*         0x08012b9e        0x2 
 .text.__libc_init_array
                0x08012ba0       0x48 c:/programdata/chocolatey/lib/gcc-arm-embedded/tools/gcc-arm-none-eabi-10.3-2021.10/bin/../lib/gcc/arm-none-eabi/10.3.1/../../../../arm-none-eabi/lib/thumb/v7e-m+fp/hard\libc_nano.a(lib_a-init.o)
                0x08012ba0                __libc_init_array
 .text.memcpy   0x08012be8       0x1c c:/programdata/chocolatey/lib/gcc-arm-embedded/tools/gcc-arm-none-eabi-10.3-2021.10/bin/../lib/gcc/arm-none-eabi/10.3.1/../../../../arm-none-eabi/lib/thumb/v7e-m+fp/hard\libc_nano.a(lib_a-memcpy-stub.o)
                0x08012be8                memcpy
 .text.memset   0x08012c04       0x10 c:/programdata/chocolatey/lib/gcc-arm-embedded/tools/gcc-arm-none-eabi-10.3-2021.10/bin/../lib/gcc/arm-none-eabi/10.3.1/../../../../arm-none-eabi/lib/thumb/v7e-m+fp/hard\libc_nano.a(lib_a-memset.o)
                0x08012c04                memset
 *(.glue_7)
 .glue_7        0x08012c14        0x0 linker stubs
 *(.glue_7t)
 .glue_7t       0x08012c14        0x0 linker stubs
 *(.eh_frame)
 .eh_frame      0x08012c14        0x0 c:/programdata/chocolatey/lib/gcc-arm-embedded/tools/gcc-arm-none-eabi-10.3-2021.10/bin/../lib/gcc/arm-none-eabi/10.3.1/thumb/v7e-m+fp/hard/crtbegin.o
 *(.init)
 .init          0x08012c14        0x4 c:/programdata/chocolatey/lib/gcc-arm-embedded/tools/gcc-arm-none-eabi-10.3-2021.10/bin/../lib/gcc/arm-none-eabi/10.3.1/thumb/v7e-m+fp/hard/crti.o
                0x08012c14                _init
 .init          0x08012c18        0x8 c:/programdata/chocolatey/lib/gcc-arm-embedded/tools/gcc-arm-none-eabi-10.3-2021.10/bin/../lib/gcc/arm-none-eabi/10.3.1/thumb/v7e-m+fp/hard/crtn.o
 *(.fini)
 .fini          0x08012c20        0x4 c:/programdata/chocolatey/lib/gcc-arm-embedded/tools/gcc-arm-none-eabi-10.3-2021.10/bin/../lib/gcc/arm-none-eabi/10.3.1/thumb/v7e-m+fp/hard/crti.o
                0x08012c20                _fini
 .fini          0x08012c24        0x8 c:/programdata/chocolatey/lib/gcc-arm-embedded/tools/gcc-arm-none-eabi-10.3-2021.10/bin/../lib/gcc/arm-none-eabi/10.3.1/thumb/v7e-m+fp/hard/crtn.o
                0x08012c30                . = ALIGN (0x8)
 *fill*         0x08012c2c        0x4 
                0x08012c30                _etext = .

.vfp11_veneer   0x08012c30        0x0
 .vfp11_veneer  0x08012c30        0x0 linker stubs

.v4_bx          0x08012c30        0x0
 .v4_bx         0x08012c30        0x0 linker stubs

.iplt           0x08012c30        0x0
 .iplt          0x08012c30        0x0 c:/programdata/chocolatey/lib/gcc-arm-embedded/tools/gcc-arm-none-eabi-10.3-2021.10/bin/../lib/gcc/arm-none-eabi/10.3.1/thumb/v7e-m+fp/hard/crtbegin.o

.rodata         0x08012c30      0x4e8
                0x08012c30                . = ALIGN (0x8)
 *(.rodata)
 .rodata        0x08012c30       0x50 build/main.o
 .rodata        0x08012c80       0x10 build/mcp.o
 .rodata        0x08012c90        0x5 build/tasks.o
 *(.rodata*)
 *fill*         0x08012c95        0x3 
 .rodata.hSin_Cos_Table
                0x08012c98      0x200 build/mc_math.o
                0x08012c98                hSin_Cos_Table
 .rodata.CHANNEL_OFFSET_TAB
                0x08012e98        0x7 build/stm32l4xx_mc_it.o
 *fill*         0x08012e9f        0x1 
 .rodata.R3_1_ParamsM1
                0x08012ea0       0x30 build/mc_parameters.o
                0x08012ea0                R3_1_ParamsM1
 .rodata.CHANNEL_OFFSET_TAB
                0x08012ed0        0x7 build/usart_aspep_driver.o
 *fill*         0x08012ed7        0x1 
 .rodata.CTL_BOARD
                0x08012ed8        0xe build/mc_configuration_registers.o
                0x08012ed8                CTL_BOARD
 *fill*         0x08012ee6        0x2 
 .rodata.M1_PWR_BOARD
                0x08012ee8       0x11 build/mc_configuration_registers.o
 *fill*         0x08012ef9        0x3 
 .rodata.FIRMWARE_NAME
                0x08012efc       0x14 build/mc_configuration_registers.o
                0x08012efc                FIRMWARE_NAME
 .rodata.globalConfig_reg
                0x08012f10        0xa build/mc_configuration_registers.o
                0x08012f10                globalConfig_reg
 *fill*         0x08012f1a        0x2 
 .rodata.M1_ApplicationConfig_reg
                0x08012f1c       0x10 build/mc_configuration_registers.o
 .rodata.M1_MotorConfig_reg
                0x08012f2c       0x3c build/mc_configuration_registers.o
 .rodata.M1_FOCConfig_reg
                0x08012f68        0xe build/mc_configuration_registers.o
 *fill*         0x08012f76        0x2 
 .rodata.CRC4_Lookup8
                0x08012f78      0x100 build/aspep.o
 .rodata.CRC4_Lookup4
                0x08013078       0x10 build/aspep.o
 .rodata.AHBPrescTable
                0x08013088       0x10 build/system_stm32l4xx.o
                0x08013088                AHBPrescTable
 .rodata.APBPrescTable
                0x08013098        0x8 build/system_stm32l4xx.o
                0x08013098                APBPrescTable
 .rodata.MSIRangeTable
                0x080130a0       0x30 build/system_stm32l4xx.o
                0x080130a0                MSIRangeTable
 .rodata.OFFSET_TAB_CCMRx
                0x080130d0        0x9 build/encoder_speed_pos_fdbk.o
 *fill*         0x080130d9        0x3 
 .rodata.SHIFT_TAB_ICxx
                0x080130dc        0x9 build/encoder_speed_pos_fdbk.o
 *fill*         0x080130e5        0x3 
 .rodata.OFFSET_TAB_CCMRx
                0x080130e8        0x9 build/hall_speed_pos_fdbk.o
 *fill*         0x080130f1        0x3 
 .rodata.SHIFT_TAB_ICxx
                0x080130f4        0x9 build/hall_speed_pos_fdbk.o
 *fill*         0x080130fd        0x3 
 .rodata.OFFSET_TAB_CCMRx
                0x08013100        0x9 build/r3_1_l4xx_pwm_curr_fdbk.o
 *fill*         0x08013109        0x3 
 .rodata.SHIFT_TAB_OCxx
                0x0801310c        0x9 build/r3_1_l4xx_pwm_curr_fdbk.o
                0x08013118                . = ALIGN (0x8)
 *fill*         0x08013115        0x3 

.ARM.extab      0x08013118        0x0
                0x08013118                . = ALIGN (0x8)
 *(.ARM.extab* .gnu.linkonce.armextab.*)
                0x08013118                . = ALIGN (0x8)

.ARM            0x08013118        0x8
                0x08013118                . = ALIGN (0x8)
                0x08013118                __exidx_start = .
 *(.ARM.exidx*)
 .ARM.exidx     0x08013118        0x8 c:/programdata/chocolatey/lib/gcc-arm-embedded/tools/gcc-arm-none-eabi-10.3-2021.10/bin/../lib/gcc/arm-none-eabi/10.3.1/thumb/v7e-m+fp/hard\libgcc.a(_udivmoddi4.o)
                0x08013120                __exidx_end = .
                0x08013120                . = ALIGN (0x8)

.rel.dyn        0x08013120        0x0
 .rel.iplt      0x08013120        0x0 c:/programdata/chocolatey/lib/gcc-arm-embedded/tools/gcc-arm-none-eabi-10.3-2021.10/bin/../lib/gcc/arm-none-eabi/10.3.1/thumb/v7e-m+fp/hard/crtbegin.o

.preinit_array  0x08013120        0x0
                0x08013120                . = ALIGN (0x8)
                0x08013120                PROVIDE (__preinit_array_start = .)
 *(.preinit_array*)
                0x08013120                PROVIDE (__preinit_array_end = .)
                0x08013120                . = ALIGN (0x8)

.init_array     0x08013120        0x8
                0x08013120                . = ALIGN (0x8)
                0x08013120                PROVIDE (__init_array_start = .)
 *(SORT_BY_NAME(.init_array.*))
 *(.init_array*)
 .init_array    0x08013120        0x4 c:/programdata/chocolatey/lib/gcc-arm-embedded/tools/gcc-arm-none-eabi-10.3-2021.10/bin/../lib/gcc/arm-none-eabi/10.3.1/thumb/v7e-m+fp/hard/crtbegin.o
                0x08013124                PROVIDE (__init_array_end = .)
                0x08013128                . = ALIGN (0x8)
 *fill*         0x08013124        0x4 

.fini_array     0x08013128        0x8
                0x08013128                . = ALIGN (0x8)
                [!provide]                PROVIDE (__fini_array_start = .)
 *(SORT_BY_NAME(.fini_array.*))
 *(.fini_array*)
 .fini_array    0x08013128        0x4 c:/programdata/chocolatey/lib/gcc-arm-embedded/tools/gcc-arm-none-eabi-10.3-2021.10/bin/../lib/gcc/arm-none-eabi/10.3.1/thumb/v7e-m+fp/hard/crtbegin.o
                [!provide]                PROVIDE (__fini_array_end = .)
                0x08013130                . = ALIGN (0x8)
 *fill*         0x0801312c        0x4 
                0x08013130                _sidata = LOADADDR (.data)

.data           0x20000000      0x4f0 load address 0x08013130
                0x20000000                . = ALIGN (0x8)
                0x20000000                _sdata = .
 *(.data)
 *(.data*)
 .data.PQD_MotorPowMeasM1
                0x20000000       0x10 build/mc_config.o
                0x20000000                PQD_MotorPowMeasM1
 .data.PIDSpeedHandle_M1
                0x20000010       0x2c build/mc_config.o
                0x20000010                PIDSpeedHandle_M1
 .data.PIDIqHandle_M1
                0x2000003c       0x2c build/mc_config.o
                0x2000003c                PIDIqHandle_M1
 .data.PIDIdHandle_M1
                0x20000068       0x2c build/mc_config.o
                0x20000068                PIDIdHandle_M1
 .data.PID_PosParamsM1
                0x20000094       0x2c build/mc_config.o
                0x20000094                PID_PosParamsM1
 .data.PosCtrlM1
                0x200000c0       0x70 build/mc_config.o
                0x200000c0                PosCtrlM1
 .data.SpeednTorqCtrlM1
                0x20000130       0x34 build/mc_config.o
                0x20000130                SpeednTorqCtrlM1
 .data.PWM_Handle_M1
                0x20000164       0xa4 build/mc_config.o
                0x20000164                PWM_Handle_M1
 .data.VirtualSpeedSensorM1
                0x20000208       0x38 build/mc_config.o
                0x20000208                VirtualSpeedSensorM1
 .data.ENCODER_M1
                0x20000240       0x80 build/mc_config.o
                0x20000240                ENCODER_M1
 .data.HALL_M1  0x200002c0       0x98 build/mc_config.o
                0x200002c0                HALL_M1
 .data.EncAlignCtrlM1
                0x20000358       0x1c build/mc_config.o
                0x20000358                EncAlignCtrlM1
 .data.TempRegConv_M1
                0x20000374       0x10 build/mc_config.o
                0x20000374                TempRegConv_M1
 .data.TempSensor_M1
                0x20000384       0x1c build/mc_config.o
                0x20000384                TempSensor_M1
 .data.VbusRegConv_M1
                0x200003a0       0x10 build/mc_config.o
                0x200003a0                VbusRegConv_M1
 .data.BusVoltageSensor_M1
                0x200003b0       0x1c build/mc_config.o
                0x200003b0                BusVoltageSensor_M1
 .data.RampExtMngrHFParamsM1
                0x200003cc       0x18 build/mc_config.o
                0x200003cc                RampExtMngrHFParamsM1
 .data.CircleLimitationM1
                0x200003e4        0x4 build/mc_config.o
                0x200003e4                CircleLimitationM1
 .data.pSTC     0x200003e8        0x4 build/mc_config.o
                0x200003e8                pSTC
 .data.pPIDIq   0x200003ec        0x4 build/mc_config.o
                0x200003ec                pPIDIq
 .data.pPIDId   0x200003f0        0x4 build/mc_config.o
                0x200003f0                pPIDId
 .data.pMPM     0x200003f4        0x4 build/mc_config.o
                0x200003f4                pMPM
 .data.pPosCtrl
                0x200003f8        0x4 build/mc_config.o
                0x200003f8                pPosCtrl
 .data.UASPEP_A
                0x200003fc       0x14 build/mcp_config.o
 .data.aspepOverUartA
                0x20000410       0x74 build/mcp_config.o
                0x20000410                aspepOverUartA
 .data.MCP_Over_UartA
                0x20000484       0x10 build/mcp_config.o
                0x20000484                MCP_Over_UartA
 .data.MCPA_UART_A
                0x20000494       0x2c build/mcp_config.o
                0x20000494                MCPA_UART_A
 .data.scaleParams_M1
                0x200004c0       0x10 build/mc_parameters.o
                0x200004c0                scaleParams_M1
 .data.PWR_BOARD_NAME
                0x200004d0        0x4 build/mc_configuration_registers.o
                0x200004d0                PWR_BOARD_NAME
 .data.FOCConfig_reg
                0x200004d4        0x4 build/mc_configuration_registers.o
                0x200004d4                FOCConfig_reg
 .data.MotorConfig_reg
                0x200004d8        0x4 build/mc_configuration_registers.o
                0x200004d8                MotorConfig_reg
 .data.ApplicationConfig_reg
                0x200004dc        0x4 build/mc_configuration_registers.o
                0x200004dc                ApplicationConfig_reg
 .data.uwTickPrio